
NonOrtogonal quantum chemistry and Perturbation Theory
                  NOPT version 3.4.2


sQM - standart QM module.

Compilation options:
1) linear algebra package - OpenBLAS
2) non-parallel BLAS matrix multiplication in the OMP parallel cycles
3) build git commit 0541b3eef4a5

selected command  line options:
-i           sic3_sx.inp	 input file

Calculation started at: 12:38 (EEST), 29 September 2026 (Tuesday).

_______________________________________________________________________

Input file:

   0: $PAR NUM_THREADS=4 N_MOL=1 RHF=0 CAS=1 D5=1 RI=1 NAME=sic3 $PAREND
   1: $MOL
   2:  _CHARGE=0;
   3:  _BASIS=cc-pvqz;
   4:  _RI_BASIS=cc-pvqz-jkfit;
   5:  _UNITS= ang;
   6:  _xyz
   7: 4
   8: SiC3 isomer 3a (Rintelman/Gordon), C2v, molecular plane xz; Kollmar JCC 2019 Fig.1
   9:  Si   0.0000000000   0.0000000000   1.6692513000
  10:  C    0.7500000000   0.0000000000   0.0000000000
  11:  C   -0.7500000000   0.0000000000   0.0000000000
  12:  C    0.0000000000   0.0000000000  -1.2175385000
  13: $END
  14: $act_space n_alp=5 n_bet=5 n_val=10 mult=1 p_n=10 $end
  15: _MO INP=sic3_MP2_NatOrb.orb
  16: $END
  17: $CAS n_s=1 w_state=all_1; cisolver=aldet maxit=120 dE=1e-12 grad=1e-6 converger=sxpt $END
  18: $dav dr=1E-12 de=1E-10 $end
_______________________________________________________________________



_____________________________Input_summary_____________________________


Number of threads:  4

Job name: sic3

Methods:
Restricted Hartree-Fock                          -     no 
Complete Active Space SCF                        -     yes
eXtended MultiConfiguration QuasiDegenerate PT   -     no 
Complete Degenerate Active Space PT              -     no 
Second order Moller-Plesset PT                   -     no 
State-specific DSRG-PT2                          -     no 
Settings:
D5                                               -     yes
Resolution of Identity                           -     yes
Spin-orbit                                       -     no 
Symmetry point group                             -     no(C1)
Printing:
dipole moment                                    -     yes
electron dispersion                              -     no 
quadrupole moment                                -     no 
Mulliken charges                                 -     no 
_______________________________________________________________________


Reading molecule:
-----------------------------------------------------------------------

WARNING: read_cl is blocked in the 3.0 version

                      units    = ang
                      charge   = 0
                      basis    = cc-pvqz (library)
                      RI basis = cc-pvqz-jkfit (library)
                      included   sic3_MP2_NatOrb.orb (orbitals)
_______________________________________________________________________

Molecule structure (a.u.):
 ________________________________________________________________________________________
| Atom |    C    |     X     |     Y     |     Z     |   n_ecp   |     q     |    type   |
| _____|_________|___________|___________|___________|___________|___________|___________|
|  Si  |    14   |     0.000 |     0.000 |     3.154 |           |           |    real   |
|  C   |     6   |     1.417 |     0.000 |     0.000 |           |           |    real   |
|  C   |     6   |    -1.417 |     0.000 |     0.000 |           |           |    real   |
|  C   |     6   |     0.000 |     0.000 |    -2.301 |           |           |    real   |
| _____|_________|___________|___________|___________|___________|___________|___________|

Molecule contains 32 electrons

C - nuclear charge (a.u.)
q - additional (partial) charge (a.u.)
n_ecp - number of electrons frozen by ECP
X,Y,Z - cartesian coordinates (Bohr)



 Basis set information:

 ____________________________________________________________________________________
|     Atom     |    L    |       alpha       |         c         |       c(lib)      |
|______________|_________|___________________|___________________|___________________|
|   Si(  0)    |         |                   |                   |                   |
|              |     0   |     513000.000000 |          0.356440 |          0.000026 |
|              |         |      76820.000000 |          0.667251 |          0.000203 |
|              |         |      17470.000000 |          1.155675 |          0.001067 |
|              |         |       4935.000000 |          1.890795 |          0.004506 |
|              |         |       1602.000000 |          2.929975 |          0.016236 |
|              |         |        574.100000 |          4.253779 |          0.050891 |
|              |         |        221.500000 |          5.530357 |          0.135155 |
|              |         |         90.540000 |          5.884079 |          0.281292 |
|              |         |         38.740000 |          4.264322 |          0.385336 |
|              |         |         16.950000 |          1.462469 |          0.245651 |
|              |         |          6.452000 |          0.099001 |          0.034314 |
|              |         |          2.874000 |         -0.005268 |         -0.003349 |
|              |         |          1.250000 |          0.001581 |          0.001876 |
|              |---------|-------------------|-------------------|-------------------|
|              |     0   |     513000.000000 |         -0.096360 |         -0.000007 |
|              |         |      76820.000000 |         -0.180141 |         -0.000054 |
|              |         |      17470.000000 |         -0.312992 |         -0.000285 |
|              |         |       4935.000000 |         -0.512014 |         -0.001202 |
|              |         |       1602.000000 |         -0.803093 |         -0.004384 |
|              |         |        574.100000 |         -1.185972 |         -0.013978 |
|              |         |        221.500000 |         -1.634534 |         -0.039352 |
|              |         |         90.540000 |         -1.941387 |         -0.091428 |
|              |         |         38.740000 |         -1.860393 |         -0.165609 |
|              |         |         16.950000 |         -0.921643 |         -0.152505 |
|              |         |          6.452000 |          0.493553 |          0.168524 |
|              |         |          2.874000 |          0.909066 |          0.569284 |
|              |         |          1.250000 |          0.340430 |          0.398056 |
|              |---------|-------------------|-------------------|-------------------|
|              |     0   |     513000.000000 |          0.048900 |          0.000002 |
|              |         |      76820.000000 |          0.091325 |          0.000014 |
|              |         |      17470.000000 |          0.158922 |          0.000073 |
|              |         |       4935.000000 |          0.259527 |          0.000308 |
|              |         |       1602.000000 |          0.408348 |          0.001126 |
|              |         |        574.100000 |          0.602266 |          0.003584 |
|              |         |        221.500000 |          0.836774 |          0.010173 |
|              |         |         90.540000 |          0.998776 |          0.023752 |
|              |         |         38.740000 |          0.986584 |          0.044348 |
|              |         |         16.950000 |          0.501500 |          0.041904 |
|              |         |          6.452000 |         -0.291439 |         -0.050250 |
|              |         |          2.874000 |         -0.684884 |         -0.216578 |
|              |         |          1.250000 |         -0.485138 |         -0.286448 |
|              |---------|-------------------|-------------------|-------------------|
|              |     0   |          0.359900 |          0.331167 |          1.000000 |
|              |---------|-------------------|-------------------|-------------------|
|              |     0   |          0.169900 |          0.188606 |          1.000000 |
|              |---------|-------------------|-------------------|-------------------|
|              |     0   |          0.070660 |          0.097677 |          1.000000 |
|              |---------|-------------------|-------------------|-------------------|
|              |     1   |       1122.000000 |          4.179771 |          0.000448 |
|              |         |        266.000000 |          5.888431 |          0.003816 |
|              |         |         85.920000 |          7.443172 |          0.019811 |
|              |         |         32.330000 |          8.050011 |          0.072702 |
|              |         |         13.370000 |          6.970990 |          0.189839 |
|              |         |          5.800000 |          4.339552 |          0.335672 |
|              |         |          2.559000 |          1.763559 |          0.379365 |
|              |         |          1.124000 |          0.334438 |          0.201193 |
|              |---------|-------------------|-------------------|-------------------|
|              |     1   |       1122.000000 |         -4.095517 |         -0.000096 |
|              |         |        266.000000 |         -5.701453 |         -0.000812 |
|              |         |         85.920000 |         -7.353890 |         -0.004301 |
|              |         |         32.330000 |         -7.936631 |         -0.015750 |
|              |         |         13.370000 |         -7.178139 |         -0.042954 |
|              |         |          5.800000 |         -4.427690 |         -0.075257 |
|              |         |          2.559000 |         -2.055178 |         -0.097145 |
|              |         |          1.124000 |         -0.172106 |         -0.022751 |
|              |---------|-------------------|-------------------|-------------------|
|              |     1   |          0.398800 |          0.451735 |          1.000000 |
|              |---------|-------------------|-------------------|-------------------|
|              |     1   |          0.153300 |          0.136731 |          1.000000 |
|              |---------|-------------------|-------------------|-------------------|
|              |     1   |          0.057280 |          0.039943 |          1.000000 |
|              |---------|-------------------|-------------------|-------------------|
|              |     2   |          0.120000 |          0.040270 |          1.000000 |
|              |---------|-------------------|-------------------|-------------------|
|              |     2   |          0.302000 |          0.202498 |          1.000000 |
|              |---------|-------------------|-------------------|-------------------|
|              |     2   |          0.760000 |          1.018200 |          1.000000 |
|              |---------|-------------------|-------------------|-------------------|
|              |     3   |          0.212000 |          0.044896 |          1.000000 |
|              |---------|-------------------|-------------------|-------------------|
|              |     3   |          0.541000 |          0.369529 |          1.000000 |
|              |---------|-------------------|-------------------|-------------------|
|              |     4   |          0.461000 |          0.132316 |          1.000000 |
|--------------|---------|-------------------|-------------------|-------------------|
|   C (  1)    |         |                   |                   |                   |
|              |     0   |      33980.000000 |          0.163451 |          0.000091 |
|              |         |       5089.000000 |          0.304421 |          0.000704 |
|              |         |       1157.000000 |          0.525784 |          0.003693 |
|              |         |        326.600000 |          0.846898 |          0.015360 |
|              |         |        106.100000 |          1.255764 |          0.052929 |
|              |         |         38.110000 |          1.618645 |          0.147043 |
|              |         |         14.750000 |          1.650895 |          0.305631 |
|              |         |          6.035000 |          1.103530 |          0.399345 |
|              |         |          2.530000 |          0.312486 |          0.217051 |
|              |---------|-------------------|-------------------|-------------------|
|              |     0   |      33980.000000 |         -0.099372 |         -0.000019 |
|              |         |       5089.000000 |         -0.190127 |         -0.000151 |
|              |         |       1157.000000 |         -0.325433 |         -0.000785 |
|              |         |        326.600000 |         -0.533661 |         -0.003324 |
|              |         |        106.100000 |         -0.795298 |         -0.011512 |
|              |         |         38.110000 |         -1.094938 |         -0.034160 |
|              |         |         14.750000 |         -1.213813 |         -0.077173 |
|              |         |          6.035000 |         -1.138506 |         -0.141493 |
|              |         |          2.530000 |         -0.494749 |         -0.118019 |
|              |---------|-------------------|-------------------|-------------------|
|              |     0   |          0.735500 |          0.566040 |          1.000000 |
|              |---------|-------------------|-------------------|-------------------|
|              |     0   |          0.290500 |          0.282013 |          1.000000 |
|              |---------|-------------------|-------------------|-------------------|
|              |     0   |          0.111100 |          0.137150 |          1.000000 |
|              |---------|-------------------|-------------------|-------------------|
|              |     1   |         34.510000 |          3.778019 |          0.005378 |
|              |         |          7.915000 |          4.028727 |          0.036132 |
|              |         |          2.368000 |          3.515465 |          0.142493 |
|              |---------|-------------------|-------------------|-------------------|
|              |     1   |          0.813200 |          1.100745 |          1.000000 |
|              |---------|-------------------|-------------------|-------------------|
|              |     1   |          0.289000 |          0.302039 |          1.000000 |
|              |---------|-------------------|-------------------|-------------------|
|              |     1   |          0.100700 |          0.080859 |          1.000000 |
|              |---------|-------------------|-------------------|-------------------|
|              |     2   |          1.848000 |          4.821009 |          1.000000 |
|              |---------|-------------------|-------------------|-------------------|
|              |     2   |          0.649000 |          0.772392 |          1.000000 |
|              |---------|-------------------|-------------------|-------------------|
|              |     2   |          0.228000 |          0.123821 |          1.000000 |
|              |---------|-------------------|-------------------|-------------------|
|              |     3   |          1.419000 |          3.235302 |          1.000000 |
|              |---------|-------------------|-------------------|-------------------|
|              |     3   |          0.485000 |          0.288984 |          1.000000 |
|              |---------|-------------------|-------------------|-------------------|
|              |     4   |          1.011000 |          1.146835 |          1.000000 |
|--------------|---------|-------------------|-------------------|-------------------|
|   C (  2)    |         |                   |                   |                   |
|              |     0   |      33980.000000 |          0.163451 |          0.000091 |
|              |         |       5089.000000 |          0.304421 |          0.000704 |
|              |         |       1157.000000 |          0.525784 |          0.003693 |
|              |         |        326.600000 |          0.846898 |          0.015360 |
|              |         |        106.100000 |          1.255764 |          0.052929 |
|              |         |         38.110000 |          1.618645 |          0.147043 |
|              |         |         14.750000 |          1.650895 |          0.305631 |
|              |         |          6.035000 |          1.103530 |          0.399345 |
|              |         |          2.530000 |          0.312486 |          0.217051 |
|              |---------|-------------------|-------------------|-------------------|
|              |     0   |      33980.000000 |         -0.099372 |         -0.000019 |
|              |         |       5089.000000 |         -0.190127 |         -0.000151 |
|              |         |       1157.000000 |         -0.325433 |         -0.000785 |
|              |         |        326.600000 |         -0.533661 |         -0.003324 |
|              |         |        106.100000 |         -0.795298 |         -0.011512 |
|              |         |         38.110000 |         -1.094938 |         -0.034160 |
|              |         |         14.750000 |         -1.213813 |         -0.077173 |
|              |         |          6.035000 |         -1.138506 |         -0.141493 |
|              |         |          2.530000 |         -0.494749 |         -0.118019 |
|              |---------|-------------------|-------------------|-------------------|
|              |     0   |          0.735500 |          0.566040 |          1.000000 |
|              |---------|-------------------|-------------------|-------------------|
|              |     0   |          0.290500 |          0.282013 |          1.000000 |
|              |---------|-------------------|-------------------|-------------------|
|              |     0   |          0.111100 |          0.137150 |          1.000000 |
|              |---------|-------------------|-------------------|-------------------|
|              |     1   |         34.510000 |          3.778019 |          0.005378 |
|              |         |          7.915000 |          4.028727 |          0.036132 |
|              |         |          2.368000 |          3.515465 |          0.142493 |
|              |---------|-------------------|-------------------|-------------------|
|              |     1   |          0.813200 |          1.100745 |          1.000000 |
|              |---------|-------------------|-------------------|-------------------|
|              |     1   |          0.289000 |          0.302039 |          1.000000 |
|              |---------|-------------------|-------------------|-------------------|
|              |     1   |          0.100700 |          0.080859 |          1.000000 |
|              |---------|-------------------|-------------------|-------------------|
|              |     2   |          1.848000 |          4.821009 |          1.000000 |
|              |---------|-------------------|-------------------|-------------------|
|              |     2   |          0.649000 |          0.772392 |          1.000000 |
|              |---------|-------------------|-------------------|-------------------|
|              |     2   |          0.228000 |          0.123821 |          1.000000 |
|              |---------|-------------------|-------------------|-------------------|
|              |     3   |          1.419000 |          3.235302 |          1.000000 |
|              |---------|-------------------|-------------------|-------------------|
|              |     3   |          0.485000 |          0.288984 |          1.000000 |
|              |---------|-------------------|-------------------|-------------------|
|              |     4   |          1.011000 |          1.146835 |          1.000000 |
|--------------|---------|-------------------|-------------------|-------------------|
|   C (  3)    |         |                   |                   |                   |
|              |     0   |      33980.000000 |          0.163451 |          0.000091 |
|              |         |       5089.000000 |          0.304421 |          0.000704 |
|              |         |       1157.000000 |          0.525784 |          0.003693 |
|              |         |        326.600000 |          0.846898 |          0.015360 |
|              |         |        106.100000 |          1.255764 |          0.052929 |
|              |         |         38.110000 |          1.618645 |          0.147043 |
|              |         |         14.750000 |          1.650895 |          0.305631 |
|              |         |          6.035000 |          1.103530 |          0.399345 |
|              |         |          2.530000 |          0.312486 |          0.217051 |
|              |---------|-------------------|-------------------|-------------------|
|              |     0   |      33980.000000 |         -0.099372 |         -0.000019 |
|              |         |       5089.000000 |         -0.190127 |         -0.000151 |
|              |         |       1157.000000 |         -0.325433 |         -0.000785 |
|              |         |        326.600000 |         -0.533661 |         -0.003324 |
|              |         |        106.100000 |         -0.795298 |         -0.011512 |
|              |         |         38.110000 |         -1.094938 |         -0.034160 |
|              |         |         14.750000 |         -1.213813 |         -0.077173 |
|              |         |          6.035000 |         -1.138506 |         -0.141493 |
|              |         |          2.530000 |         -0.494749 |         -0.118019 |
|              |---------|-------------------|-------------------|-------------------|
|              |     0   |          0.735500 |          0.566040 |          1.000000 |
|              |---------|-------------------|-------------------|-------------------|
|              |     0   |          0.290500 |          0.282013 |          1.000000 |
|              |---------|-------------------|-------------------|-------------------|
|              |     0   |          0.111100 |          0.137150 |          1.000000 |
|              |---------|-------------------|-------------------|-------------------|
|              |     1   |         34.510000 |          3.778019 |          0.005378 |
|              |         |          7.915000 |          4.028727 |          0.036132 |
|              |         |          2.368000 |          3.515465 |          0.142493 |
|              |---------|-------------------|-------------------|-------------------|
|              |     1   |          0.813200 |          1.100745 |          1.000000 |
|              |---------|-------------------|-------------------|-------------------|
|              |     1   |          0.289000 |          0.302039 |          1.000000 |
|              |---------|-------------------|-------------------|-------------------|
|              |     1   |          0.100700 |          0.080859 |          1.000000 |
|              |---------|-------------------|-------------------|-------------------|
|              |     2   |          1.848000 |          4.821009 |          1.000000 |
|              |---------|-------------------|-------------------|-------------------|
|              |     2   |          0.649000 |          0.772392 |          1.000000 |
|              |---------|-------------------|-------------------|-------------------|
|              |     2   |          0.228000 |          0.123821 |          1.000000 |
|              |---------|-------------------|-------------------|-------------------|
|              |     3   |          1.419000 |          3.235302 |          1.000000 |
|              |---------|-------------------|-------------------|-------------------|
|              |     3   |          0.485000 |          0.288984 |          1.000000 |
|              |---------|-------------------|-------------------|-------------------|
|              |     4   |          1.011000 |          1.146835 |          1.000000 |
|______________|_________|___________________|___________________|___________________|



 RI basis set information:

 ____________________________________________________________________________________
|     Atom     |    L    |       alpha       |         c         |       c(lib)      |
|______________|_________|___________________|___________________|___________________|
|   Si(  0)    |         |                   |                   |                   |
|              |     0   |       3966.782301 |        356.236871 |          1.000000 |
|              |---------|-------------------|-------------------|-------------------|
|              |     0   |        913.652401 |        118.439303 |          1.000000 |
|              |---------|-------------------|-------------------|-------------------|
|              |     0   |        309.475725 |         52.587198 |          1.000000 |
|              |---------|-------------------|-------------------|-------------------|
|              |     0   |        121.483719 |         26.079463 |          1.000000 |
|              |---------|-------------------|-------------------|-------------------|
|              |     0   |         51.949843 |         13.791080 |          1.000000 |
|              |---------|-------------------|-------------------|-------------------|
|              |     0   |         22.531415 |          7.370576 |          1.000000 |
|              |---------|-------------------|-------------------|-------------------|
|              |     0   |          8.611854 |          3.582883 |          1.000000 |
|              |---------|-------------------|-------------------|-------------------|
|              |     0   |          4.035379 |          2.029193 |          1.000000 |
|              |---------|-------------------|-------------------|-------------------|
|              |     0   |          1.560535 |          0.995097 |          1.000000 |
|              |---------|-------------------|-------------------|-------------------|
|              |     0   |          0.826583 |          0.617839 |          1.000000 |
|              |---------|-------------------|-------------------|-------------------|
|              |     0   |          0.484035 |          0.413588 |          1.000000 |
|              |---------|-------------------|-------------------|-------------------|
|              |     0   |          0.287579 |          0.279884 |          1.000000 |
|              |---------|-------------------|-------------------|-------------------|
|              |     0   |          0.131882 |          0.155973 |          1.000000 |
|              |---------|-------------------|-------------------|-------------------|
|              |     1   |        629.306807 |       4492.810747 |          1.000000 |
|              |---------|-------------------|-------------------|-------------------|
|              |     1   |        255.715009 |       1457.589941 |          1.000000 |
|              |---------|-------------------|-------------------|-------------------|
|              |     1   |        109.296307 |        503.728990 |          1.000000 |
|              |---------|-------------------|-------------------|-------------------|
|              |     1   |         45.943770 |        170.499603 |          1.000000 |
|              |---------|-------------------|-------------------|-------------------|
|              |     1   |         19.784227 |         59.475615 |          1.000000 |
|              |---------|-------------------|-------------------|-------------------|
|              |     1   |          9.774609 |         24.635667 |          1.000000 |
|              |---------|-------------------|-------------------|-------------------|
|              |     1   |          4.642678 |          9.714061 |          1.000000 |
|              |---------|-------------------|-------------------|-------------------|
|              |     1   |          2.044997 |          3.485829 |          1.000000 |
|              |---------|-------------------|-------------------|-------------------|
|              |     1   |          0.822081 |          1.115793 |          1.000000 |
|              |---------|-------------------|-------------------|-------------------|
|              |     1   |          0.409787 |          0.467346 |          1.000000 |
|              |---------|-------------------|-------------------|-------------------|
|              |     1   |          0.184515 |          0.172377 |          1.000000 |
|              |---------|-------------------|-------------------|-------------------|
|              |     2   |        181.673446 |      14796.857838 |          1.000000 |
|              |---------|-------------------|-------------------|-------------------|
|              |     2   |         59.654415 |       2107.579617 |          1.000000 |
|              |---------|-------------------|-------------------|-------------------|
|              |     2   |         25.353984 |        471.509357 |          1.000000 |
|              |---------|-------------------|-------------------|-------------------|
|              |     2   |         11.718974 |        122.170460 |          1.000000 |
|              |---------|-------------------|-------------------|-------------------|
|              |     2   |          5.445578 |         31.951143 |          1.000000 |
|              |---------|-------------------|-------------------|-------------------|
|              |     2   |          2.465944 |          7.986934 |          1.000000 |
|              |---------|-------------------|-------------------|-------------------|
|              |     2   |          1.036529 |          1.752577 |          1.000000 |
|              |---------|-------------------|-------------------|-------------------|
|              |     2   |          0.410970 |          0.347198 |          1.000000 |
|              |---------|-------------------|-------------------|-------------------|
|              |     2   |          0.169501 |          0.073699 |          1.000000 |
|              |---------|-------------------|-------------------|-------------------|
|              |     3   |          1.956075 |          6.661494 |          1.000000 |
|              |---------|-------------------|-------------------|-------------------|
|              |     3   |          0.823970 |          0.952259 |          1.000000 |
|              |---------|-------------------|-------------------|-------------------|
|              |     3   |          0.365970 |          0.153358 |          1.000000 |
|              |---------|-------------------|-------------------|-------------------|
|              |     3   |          0.183970 |          0.032631 |          1.000000 |
|              |---------|-------------------|-------------------|-------------------|
|              |     4   |          0.604970 |          0.279385 |          1.000000 |
|              |---------|-------------------|-------------------|-------------------|
|              |     4   |          0.275970 |          0.032270 |          1.000000 |
|              |---------|-------------------|-------------------|-------------------|
|              |     5   |          0.524970 |          0.091365 |          1.000000 |
|--------------|---------|-------------------|-------------------|-------------------|
|   C (  1)    |         |                   |                   |                   |
|              |     0   |       1113.986772 |        137.426383 |          1.000000 |
|              |---------|-------------------|-------------------|-------------------|
|              |     0   |        369.162342 |         60.023752 |          1.000000 |
|              |---------|-------------------|-------------------|-------------------|
|              |     0   |        121.792752 |         26.129204 |          1.000000 |
|              |---------|-------------------|-------------------|-------------------|
|              |     0   |         48.127115 |         13.022743 |          1.000000 |
|              |---------|-------------------|-------------------|-------------------|
|              |     0   |         20.365074 |          6.832420 |          1.000000 |
|              |---------|-------------------|-------------------|-------------------|
|              |     0   |          8.088360 |          3.418263 |          1.000000 |
|              |---------|-------------------|-------------------|-------------------|
|              |     0   |          2.506866 |          1.419902 |          1.000000 |
|              |---------|-------------------|-------------------|-------------------|
|              |     0   |          1.243854 |          0.839435 |          1.000000 |
|              |---------|-------------------|-------------------|-------------------|
|              |     0   |          0.484499 |          0.413885 |          1.000000 |
|              |---------|-------------------|-------------------|-------------------|
|              |     0   |          0.191852 |          0.206602 |          1.000000 |
|              |---------|-------------------|-------------------|-------------------|
|              |     1   |        102.991762 |        467.673972 |          1.000000 |
|              |---------|-------------------|-------------------|-------------------|
|              |     1   |         28.132594 |         92.353277 |          1.000000 |
|              |---------|-------------------|-------------------|-------------------|
|              |     1   |          9.836432 |         24.830592 |          1.000000 |
|              |---------|-------------------|-------------------|-------------------|
|              |     1   |          3.349054 |          6.457923 |          1.000000 |
|              |---------|-------------------|-------------------|-------------------|
|              |     1   |          1.494762 |          2.355890 |          1.000000 |
|              |---------|-------------------|-------------------|-------------------|
|              |     1   |          0.576901 |          0.716666 |          1.000000 |
|              |---------|-------------------|-------------------|-------------------|
|              |     1   |          0.203201 |          0.194467 |          1.000000 |
|              |---------|-------------------|-------------------|-------------------|
|              |     2   |         10.594068 |        102.392773 |          1.000000 |
|              |---------|-------------------|-------------------|-------------------|
|              |     2   |          3.599720 |         15.483874 |          1.000000 |
|              |---------|-------------------|-------------------|-------------------|
|              |     2   |          1.335569 |          2.731025 |          1.000000 |
|              |---------|-------------------|-------------------|-------------------|
|              |     2   |          0.519498 |          0.523216 |          1.000000 |
|              |---------|-------------------|-------------------|-------------------|
|              |     2   |          0.199541 |          0.098054 |          1.000000 |
|              |---------|-------------------|-------------------|-------------------|
|              |     3   |          1.953900 |          6.644843 |          1.000000 |
|              |---------|-------------------|-------------------|-------------------|
|              |     3   |          0.754900 |          0.781998 |          1.000000 |
|              |---------|-------------------|-------------------|-------------------|
|              |     3   |          0.333900 |          0.124765 |          1.000000 |
|              |---------|-------------------|-------------------|-------------------|
|              |     4   |          1.524900 |          3.550988 |          1.000000 |
|              |---------|-------------------|-------------------|-------------------|
|              |     4   |          0.590900 |          0.261878 |          1.000000 |
|              |---------|-------------------|-------------------|-------------------|
|              |     5   |          1.116900 |          1.062651 |          1.000000 |
|--------------|---------|-------------------|-------------------|-------------------|
|   C (  2)    |         |                   |                   |                   |
|              |     0   |       1113.986772 |        137.426383 |          1.000000 |
|              |---------|-------------------|-------------------|-------------------|
|              |     0   |        369.162342 |         60.023752 |          1.000000 |
|              |---------|-------------------|-------------------|-------------------|
|              |     0   |        121.792752 |         26.129204 |          1.000000 |
|              |---------|-------------------|-------------------|-------------------|
|              |     0   |         48.127115 |         13.022743 |          1.000000 |
|              |---------|-------------------|-------------------|-------------------|
|              |     0   |         20.365074 |          6.832420 |          1.000000 |
|              |---------|-------------------|-------------------|-------------------|
|              |     0   |          8.088360 |          3.418263 |          1.000000 |
|              |---------|-------------------|-------------------|-------------------|
|              |     0   |          2.506866 |          1.419902 |          1.000000 |
|              |---------|-------------------|-------------------|-------------------|
|              |     0   |          1.243854 |          0.839435 |          1.000000 |
|              |---------|-------------------|-------------------|-------------------|
|              |     0   |          0.484499 |          0.413885 |          1.000000 |
|              |---------|-------------------|-------------------|-------------------|
|              |     0   |          0.191852 |          0.206602 |          1.000000 |
|              |---------|-------------------|-------------------|-------------------|
|              |     1   |        102.991762 |        467.673972 |          1.000000 |
|              |---------|-------------------|-------------------|-------------------|
|              |     1   |         28.132594 |         92.353277 |          1.000000 |
|              |---------|-------------------|-------------------|-------------------|
|              |     1   |          9.836432 |         24.830592 |          1.000000 |
|              |---------|-------------------|-------------------|-------------------|
|              |     1   |          3.349054 |          6.457923 |          1.000000 |
|              |---------|-------------------|-------------------|-------------------|
|              |     1   |          1.494762 |          2.355890 |          1.000000 |
|              |---------|-------------------|-------------------|-------------------|
|              |     1   |          0.576901 |          0.716666 |          1.000000 |
|              |---------|-------------------|-------------------|-------------------|
|              |     1   |          0.203201 |          0.194467 |          1.000000 |
|              |---------|-------------------|-------------------|-------------------|
|              |     2   |         10.594068 |        102.392773 |          1.000000 |
|              |---------|-------------------|-------------------|-------------------|
|              |     2   |          3.599720 |         15.483874 |          1.000000 |
|              |---------|-------------------|-------------------|-------------------|
|              |     2   |          1.335569 |          2.731025 |          1.000000 |
|              |---------|-------------------|-------------------|-------------------|
|              |     2   |          0.519498 |          0.523216 |          1.000000 |
|              |---------|-------------------|-------------------|-------------------|
|              |     2   |          0.199541 |          0.098054 |          1.000000 |
|              |---------|-------------------|-------------------|-------------------|
|              |     3   |          1.953900 |          6.644843 |          1.000000 |
|              |---------|-------------------|-------------------|-------------------|
|              |     3   |          0.754900 |          0.781998 |          1.000000 |
|              |---------|-------------------|-------------------|-------------------|
|              |     3   |          0.333900 |          0.124765 |          1.000000 |
|              |---------|-------------------|-------------------|-------------------|
|              |     4   |          1.524900 |          3.550988 |          1.000000 |
|              |---------|-------------------|-------------------|-------------------|
|              |     4   |          0.590900 |          0.261878 |          1.000000 |
|              |---------|-------------------|-------------------|-------------------|
|              |     5   |          1.116900 |          1.062651 |          1.000000 |
|--------------|---------|-------------------|-------------------|-------------------|
|   C (  3)    |         |                   |                   |                   |
|              |     0   |       1113.986772 |        137.426383 |          1.000000 |
|              |---------|-------------------|-------------------|-------------------|
|              |     0   |        369.162342 |         60.023752 |          1.000000 |
|              |---------|-------------------|-------------------|-------------------|
|              |     0   |        121.792752 |         26.129204 |          1.000000 |
|              |---------|-------------------|-------------------|-------------------|
|              |     0   |         48.127115 |         13.022743 |          1.000000 |
|              |---------|-------------------|-------------------|-------------------|
|              |     0   |         20.365074 |          6.832420 |          1.000000 |
|              |---------|-------------------|-------------------|-------------------|
|              |     0   |          8.088360 |          3.418263 |          1.000000 |
|              |---------|-------------------|-------------------|-------------------|
|              |     0   |          2.506866 |          1.419902 |          1.000000 |
|              |---------|-------------------|-------------------|-------------------|
|              |     0   |          1.243854 |          0.839435 |          1.000000 |
|              |---------|-------------------|-------------------|-------------------|
|              |     0   |          0.484499 |          0.413885 |          1.000000 |
|              |---------|-------------------|-------------------|-------------------|
|              |     0   |          0.191852 |          0.206602 |          1.000000 |
|              |---------|-------------------|-------------------|-------------------|
|              |     1   |        102.991762 |        467.673972 |          1.000000 |
|              |---------|-------------------|-------------------|-------------------|
|              |     1   |         28.132594 |         92.353277 |          1.000000 |
|              |---------|-------------------|-------------------|-------------------|
|              |     1   |          9.836432 |         24.830592 |          1.000000 |
|              |---------|-------------------|-------------------|-------------------|
|              |     1   |          3.349054 |          6.457923 |          1.000000 |
|              |---------|-------------------|-------------------|-------------------|
|              |     1   |          1.494762 |          2.355890 |          1.000000 |
|              |---------|-------------------|-------------------|-------------------|
|              |     1   |          0.576901 |          0.716666 |          1.000000 |
|              |---------|-------------------|-------------------|-------------------|
|              |     1   |          0.203201 |          0.194467 |          1.000000 |
|              |---------|-------------------|-------------------|-------------------|
|              |     2   |         10.594068 |        102.392773 |          1.000000 |
|              |---------|-------------------|-------------------|-------------------|
|              |     2   |          3.599720 |         15.483874 |          1.000000 |
|              |---------|-------------------|-------------------|-------------------|
|              |     2   |          1.335569 |          2.731025 |          1.000000 |
|              |---------|-------------------|-------------------|-------------------|
|              |     2   |          0.519498 |          0.523216 |          1.000000 |
|              |---------|-------------------|-------------------|-------------------|
|              |     2   |          0.199541 |          0.098054 |          1.000000 |
|              |---------|-------------------|-------------------|-------------------|
|              |     3   |          1.953900 |          6.644843 |          1.000000 |
|              |---------|-------------------|-------------------|-------------------|
|              |     3   |          0.754900 |          0.781998 |          1.000000 |
|              |---------|-------------------|-------------------|-------------------|
|              |     3   |          0.333900 |          0.124765 |          1.000000 |
|              |---------|-------------------|-------------------|-------------------|
|              |     4   |          1.524900 |          3.550988 |          1.000000 |
|              |---------|-------------------|-------------------|-------------------|
|              |     4   |          0.590900 |          0.261878 |          1.000000 |
|              |---------|-------------------|-------------------|-------------------|
|              |     5   |          1.116900 |          1.062651 |          1.000000 |
|______________|_________|___________________|___________________|___________________|



 Pseudopotential information:

 ________________________________________________________________ 





Calculation of 1-el matrices:
Time to step -    0.19880
Full time    -    0.19880



______________________Starting_CASSCF_calculations_____________________

Number of states                  1
State multiplicity                1 (singlet)

Active space:
Number of alpha electrons         5
Number of beta  electrons         5
Number of active orbitals         10

Number of core orbitals:          11

Preparation of virtual orbitals:  yes
State tracking:                   no 
State averaging:
Weights:	all equal to 1

SCF settings:
Energy convergence:               1.000000e-12
Orbital gradient convergence:     1.000000e-06
Rotation matrix convergence :     1.000000e-07
Maximum number of iterations:     120
Orbital converger:                super-CI-PT (sxpt)
Orbital L-BFGS depth        :     10
Maximum SX-PT step          :     2.000000e-01

CI solver:                        determinant CI (aldet)
Davidson diagonalization settings:
Number of correlation vectors:    10
Number of basis functions:        300
Maximum number of iterations:     250
Energy convergence:               1.000000e-10
Residue convergence:              1.000000e-12
Orthogonality cut-off:            1.000000e-08
Energy denominator shift:         3.000000e-02
Sparsed multiplication:           no

_______________________________________________________________________




RI integrals calculation:
Time to step -    0.34385
Full time    -    0.54264


____________________Starting_Davidson_diagonalization__________________


Step 0
_________________________________________________
  n | E                 | dE         | norm(r)   |
____|___________________|____________|___________|
  0 |   -402.4269033859 | -4.024e+02 | 4.142e-02 |
____|___________________|____________|___________|
number of corr vectors=301
0 roots converged at step 0
maximum deviation from symmetric form - 7.392379e-14


Step 1
_________________________________________________
  n | E                 | dE         | norm(r)   |
____|___________________|____________|___________|
  0 |   -402.4543876262 | -2.748e-02 | 2.723e-03 |
____|___________________|____________|___________|
number of corr vectors=303
0 roots converged at step 1
maximum deviation from symmetric form - 3.048606e-13


Step 2
_________________________________________________
  n | E                 | dE         | norm(r)   |
____|___________________|____________|___________|
  0 |   -402.4556680436 | -1.280e-03 | 1.576e-04 |
____|___________________|____________|___________|
number of corr vectors=304
0 roots converged at step 2
maximum deviation from symmetric form - 6.950915e-13


Step 3
_________________________________________________
  n | E                 | dE         | norm(r)   |
____|___________________|____________|___________|
  0 |   -402.4557363230 | -6.828e-05 | 1.032e-05 |
____|___________________|____________|___________|
number of corr vectors=305
0 roots converged at step 3
maximum deviation from symmetric form - 7.309698e-12


Step 4
_________________________________________________
  n | E                 | dE         | norm(r)   |
____|___________________|____________|___________|
  0 |   -402.4557406821 | -4.359e-06 | 7.512e-07 |
____|___________________|____________|___________|
number of corr vectors=306
0 roots converged at step 4
maximum deviation from symmetric form - 1.835033e-11


Step 5
_________________________________________________
  n | E                 | dE         | norm(r)   |
____|___________________|____________|___________|
  0 |   -402.4557409989 | -3.169e-07 | 7.060e-08 |
____|___________________|____________|___________|
number of corr vectors=307
0 roots converged at step 5
maximum deviation from symmetric form - 4.827575e-11


Step 6
_________________________________________________
  n | E                 | dE         | norm(r)   |
____|___________________|____________|___________|
  0 |   -402.4557410283 | -2.943e-08 | 5.381e-09 |
____|___________________|____________|___________|
number of corr vectors=308
0 roots converged at step 6
maximum deviation from symmetric form - 3.188664e-10


Step 7
_________________________________________________
  n | E                 | dE         | norm(r)   |
____|___________________|____________|___________|
  0 |   -402.4557410307 | -2.314e-09 | 4.696e-10 |
____|___________________|____________|___________|
number of corr vectors=309
0 roots converged at step 7
maximum deviation from symmetric form - 9.273182e-10


Step 8
_________________________________________________
  n | E                 | dE         | norm(r)   |
____|___________________|____________|___________|
  0 |   -402.4557410309 | -2.074e-10 | 4.233e-11 |
____|___________________|____________|___________|
number of corr vectors=310
0 roots converged at step 8
maximum deviation from symmetric form - 4.151162e-09


Step 9
_________________________________________________
  n | E                 | dE         | norm(r)   |
____|___________________|____________|___________|
  0 |   -402.4557410309 | -1.774e-11 | 3.312e-12 |
____|___________________|____________|___________|
number of corr vectors=311
1 roots converged at step 9


CAS_CI WaveFunctions:

State 0  E  =    -402.4557410309 S^2 = 0.00:
-9.5981639910e-01  | 1111100000 | 1111100000
 9.5818446527e-02  | 1111001000 | 1111001000
 9.1788859228e-02  | 1110110000 | 1110110000
 6.9628196568e-02  | 1111000100 | 1111000100
 6.4529842611e-02  | 1111001000 | 1110110000
 6.4529842611e-02  | 1110110000 | 1111001000
-4.9014084969e-02  | 1110011000 | 1111100000
-4.9014084969e-02  | 1111100000 | 1110011000
 4.4015017261e-02  | 1101110000 | 1101110000
 4.3869864265e-02  | 1111000100 | 1101110000


Davidson diagonalization:
Time to step -    0.55204
Full time    -    1.09468
_______________________________________________________________________
Primary CI and calculation canonical orbitals:
Time to step -    0.05684
Full time    -    1.15152


CAS_SCF density averaging:
__________________________________________
 State| E                 | S^2  | weight |
______|___________________|______|________|
    0 |   -402.4557410309 | 0.00 | 1.00   |
______|___________________|______|________|

Start CAS_SCF iterations
______________________________________________________________________
  N | E                 | dE         | LAG.ASYM. | ROT.STEP  | N_dav |
____|___________________|____________|___________|___________|_______|
  0 |   -402.4557410309 | -4.025e+02 | 4.451e-02 | 1.000e+00 |   9   |
  1 |   -402.4628238874 | -7.083e-03 | 1.553e-02 | 1.508e-01 |   7   |
 SX-PT is scaling rotation angle matrix Xmax=2.12513e-01
  2 |   -402.4664425210 | -3.619e-03 | 1.001e-02 | 1.220e-01 |   7   |
 SX-PT is scaling rotation angle matrix Xmax=4.29327e-01
  3 |   -402.4688376645 | -2.395e-03 | 1.532e-02 | 1.373e-01 |   7   |
 SX-PT is scaling rotation angle matrix Xmax=6.16454e-01
  4 |   -402.4710612289 | -2.224e-03 | 1.579e-02 | 1.109e-01 |   7   |
 SX-PT is scaling rotation angle matrix Xmax=6.59682e-01
  5 |   -402.4734544471 | -2.393e-03 | 1.486e-02 | 9.704e-02 |   7   |
 SX-PT is scaling rotation angle matrix Xmax=9.48645e-01
  6 |   -402.4758248568 | -2.370e-03 | 2.081e-02 | 1.210e-01 |   7   |
 SX-PT is scaling rotation angle matrix Xmax=4.33338e-01
  7 |   -402.4779311077 | -2.106e-03 | 2.251e-02 | 1.093e-01 |   7   |
  8 |   -402.4799555454 | -2.024e-03 | 1.181e-02 | 2.453e-01 |   7   |
 SX-PT is scaling rotation angle matrix Xmax=3.17317e-01
  9 |   -402.4820865766 | -2.131e-03 | 1.162e-02 | 3.114e-01 |   7   |
 SX-PT is scaling rotation angle matrix Xmax=9.94095e-01
 10 |   -402.4834208345 | -1.334e-03 | 1.235e-02 | 2.612e-01 |   7   |
 SX-PT is scaling rotation angle matrix Xmax=1.06264e+00
 11 |   -402.4845715497 | -1.151e-03 | 1.160e-02 | 2.007e-01 |   7   |
 SX-PT is scaling rotation angle matrix Xmax=7.55379e-01
 12 |   -402.4856730776 | -1.102e-03 | 1.000e-02 | 1.397e-01 |   7   |
 SX-PT is scaling rotation angle matrix Xmax=4.66291e+00
 13 |   -402.4867011174 | -1.028e-03 | 1.383e-02 | 2.044e-01 |   7   |
 SX-PT is scaling rotation angle matrix Xmax=4.39531e-01
 14 |   -402.4871737506 | -4.726e-04 | 2.274e-02 | 2.073e-01 |   8   |
 15 |   -402.4892478071 | -2.074e-03 | 1.585e-02 | 1.633e-01 |   7   |
 16 |   -402.4917065997 | -2.459e-03 | 1.681e-02 | 1.126e-01 |   8   |
 17 |   -402.4932091322 | -1.503e-03 | 1.150e-02 | 4.234e-02 |   7   |
 18 |   -402.4941025722 | -8.934e-04 | 5.654e-03 | 4.595e-02 |   7   |
 19 |   -402.4944303424 | -3.278e-04 | 4.789e-03 | 3.633e-02 |   7   |
 20 |   -402.4946681432 | -2.378e-04 | 7.778e-03 | 3.679e-02 |   7   |
 21 |   -402.4948726509 | -2.045e-04 | 3.268e-03 | 2.890e-02 |   6   |
 22 |   -402.4949560037 | -8.335e-05 | 1.574e-03 | 9.601e-03 |   6   |
 23 |   -402.4949754591 | -1.946e-05 | 6.299e-04 | 4.739e-03 |   5   |
 24 |   -402.4949793064 | -3.847e-06 | 2.142e-04 | 1.679e-03 |   5   |
 25 |   -402.4949800543 | -7.479e-07 | 1.391e-04 | 1.249e-03 |   4   |
 26 |   -402.4949802575 | -2.032e-07 | 4.499e-05 | 3.801e-04 |   4   |
 27 |   -402.4949802955 | -3.800e-08 | 2.003e-05 | 1.407e-04 |   3   |
 28 |   -402.4949803054 | -9.911e-09 | 1.429e-05 | 9.579e-05 |   2   |
 29 |   -402.4949803071 | -1.680e-09 | 8.568e-06 | 3.533e-05 |   2   |
 30 |   -402.4949803073 | -2.669e-10 | 3.892e-06 | 1.822e-05 |   1   |
 31 |   -402.4949803074 | -6.474e-11 | 1.634e-06 | 7.633e-06 |   1   |
 32 |   -402.4949803074 |  7.219e-12 | 5.662e-07 | 2.480e-06 |   1   |
____|___________________|____________|___________|___________|_______|

Lagrangian converged after 32 iterations

CAS_SCF iterations:
Time to step -   19.00092
Full time    -   20.15243
Preparation of canonical orbitals:
Time to step -    0.12091
Full time    -   20.27334
CAS_SCF WaveFunctions:

State 0  E  =    -402.4949803074 S^2 = 0.00:
-9.4961459805e-01  | 1111100000 | 1111100000
 9.6097421077e-02  | 1110110000 | 1110110000
 8.2272659985e-02  | 1111000100 | 1111000100
 6.6777710217e-02  | 1111001000 | 1111001000
-6.2732534698e-02  | 1111001000 | 1101101000
-6.2732534698e-02  | 1101101000 | 1111001000
 6.0318851930e-02  | 1101101000 | 1101101000
 5.7570141026e-02  | 1110110000 | 1111000100
 5.7570141026e-02  | 1111000100 | 1110110000
 4.7395571724e-02  | 1110101000 | 1110101000


CAS_SCF density averaging:
__________________________________________
 State| E                 | S^2  | weight |
______|___________________|______|________|
    0 |   -402.4949803074 | 0.00 | 1.00   |
______|___________________|______|________|


CAS_SCF Energy summary:
E[  0] = -402.4949803074


CAS_SCF Dipole moment:

d[  0,  0] = { 1.421067e-12,-6.562866e-13, 1.588024e+00} |d| = 1.588024e+00




Writing CAS_SCF canonical orbitals:
visualization file: sic3_CAS.out
data file         : sic3_CAS.orb

Writing CAS_SCF natural orbitals:
visualization file: sic3_CAS_NatOrb.out
data file         : sic3_CAS_NatOrb.orb

_______________________________________________________________________


CAS_SCF:
Time to step -    0.04791
Full time    -   20.32125


Calculation finished at: 12:38 (EEST), 29 September 2026 (Tuesday).
