
NonOrtogonal quantum chemistry and Perturbation Theory
                  NOPT version 3.4


sQM - standart QM module.

Compilation options:
1) linear algebra package - OpenBLAS
2) non-parallel BLAS matrix multiplication in the OMP parallel cycles

selected command  line options:
-i           pBQ_2A_DSRG_dmrg.inp	 input file

Calculation started at: 23:31 (EEST), 04 August 2026 (Tuesday).

_______________________________________________________________________

Input file:

   0: $PAR NUM_THREADS=16 N_MOL=1 RHF=0 CAS=1 DSRG=1 D5=1 RI=1 NAME=pBQ $PAREND
   1: $MOL
   2:  _CHARGE=-1;
   3:  _BASIS=cc-pvdz;
   4:  _RI_BASIS=cc-pvdz-jkfit;
   5:  _UNITS= ang;
   6:  _xyz
   7: 12
   8: pBQ- 2A (D2, twisted) | MRMP2/d-aug-cc-pVTZ | Angstrom
   9: C    -1.4365365158    0.0000000000    0.0000000000
  10: C     1.4365365158    0.0000000000    0.0000000000
  11: O    -2.6866039788    0.0000000000    0.0000000000
  12: O     2.6866039788    0.0000000000    0.0000000000
  13: C    -0.6867858251   -1.2538739222    0.1540165049
  14: C     0.6867858251   -1.2538739222   -0.1540165049
  15: C    -0.6867858251    1.2538739222   -0.1540165049
  16: C     0.6867858251    1.2538739222    0.1540165049
  17: H    -1.2757216894   -2.1643648836    0.1703096948
  18: H     1.2757216894   -2.1643648836   -0.1703096948
  19: H    -1.2757216894    2.1643648836   -0.1703096948
  20: H     1.2757216894    2.1643648836    0.1703096948
  21: $END
  22: $act_space n_alp=7 n_bet=6 n_val=10 mult=2 p_n=10 reorder=1 orbitals=21,24,25,26,27,28,29,30,31,36; $end
  23: _MO INP=pBQ_2B2_RHF.orb
  24: $CAS n_s=4 w_state=all_1; cisolver=dmrg maxit=50 dE=1e-15 grad=1e-8 $END
  25: $DMRG m=500 localize=pm sweep_tol=1E-12 print_dets=off $END
  26: $DSRG sa=1 s=0.5 $END
_______________________________________________________________________



_____________________________Input_summary_____________________________


Number of threads:  16

Job name: pBQ

Methods:
Restricted Hartree-Fock                          -     no 
Complete Active Space SCF                        -     yes
eXtended MultiConfiguration QuasiDegenerate PT   -     no 
Complete Degenerate Active Space PT              -     no 
Second order Moller-Plesset PT                   -     no 
State-specific DSRG-PT2                          -     yes
Settings:
D5                                               -     yes
Resolution of Identity                           -     yes
Spin-orbit                                       -     no 
Symmetry point group                             -     no(C1)
Printing:
dipole moment                                    -     yes
electron dispersion                              -     no 
quadrupole moment                                -     no 
Mulliken charges                                 -     no 
_______________________________________________________________________


Reading molecule:
-----------------------------------------------------------------------

WARNING: read_cl is blocked in the 3.0 version

                      units    = ang
                      charge   = -1
                      basis    = cc-pvdz (library)
                      RI basis = cc-pvdz-jkfit (library)
                      included   pBQ_2B2_RHF.orb (orbitals)
WARNING:              Orbitals are reordered
                      Active space orbitals: 21 24 25 26 27 28 29 30 31 36
_______________________________________________________________________

Molecule structure (a.u.):
 ________________________________________________________________________________________
| Atom |    C    |     X     |     Y     |     Z     |   n_ecp   |     q     |    type   |
| _____|_________|___________|___________|___________|___________|___________|___________|
|  C   |     6   |    -2.715 |     0.000 |     0.000 |           |           |    real   |
|  C   |     6   |     2.715 |     0.000 |     0.000 |           |           |    real   |
|  O   |     8   |    -5.077 |     0.000 |     0.000 |           |           |    real   |
|  O   |     8   |     5.077 |     0.000 |     0.000 |           |           |    real   |
|  C   |     6   |    -1.298 |    -2.369 |     0.291 |           |           |    real   |
|  C   |     6   |     1.298 |    -2.369 |    -0.291 |           |           |    real   |
|  C   |     6   |    -1.298 |     2.369 |    -0.291 |           |           |    real   |
|  C   |     6   |     1.298 |     2.369 |     0.291 |           |           |    real   |
|  H   |     1   |    -2.411 |    -4.090 |     0.322 |           |           |    real   |
|  H   |     1   |     2.411 |    -4.090 |    -0.322 |           |           |    real   |
|  H   |     1   |    -2.411 |     4.090 |    -0.322 |           |           |    real   |
|  H   |     1   |     2.411 |     4.090 |     0.322 |           |           |    real   |
| _____|_________|___________|___________|___________|___________|___________|___________|

Molecule contains 57 electrons

C - nuclear charge (a.u.)
q - additional (partial) charge (a.u.)
n_ecp - number of electrons frozen by ECP
X,Y,Z - cartesian coordinates (Bohr)



 Basis set information:

 ____________________________________________________________________________________
|     Atom     |    L    |       alpha       |         c         |       c(lib)      |
|______________|_________|___________________|___________________|___________________|
|   C (  0)    |         |                   |                   |                   |
|              |     0   |       6665.000000 |          0.363584 |          0.000692 |
|              |         |       1000.000000 |          0.674986 |          0.005329 |
|              |         |        228.000000 |          1.131620 |          0.027077 |
|              |         |         64.710000 |          1.653009 |          0.101718 |
|              |         |         21.060000 |          1.923821 |          0.274740 |
|              |         |          7.495000 |          1.447278 |          0.448564 |
|              |         |          2.797000 |          0.439163 |          0.285074 |
|              |         |          0.521500 |          0.006646 |          0.015204 |
|              |---------|-------------------|-------------------|-------------------|
|              |     0   |       6665.000000 |         -0.154180 |         -0.000146 |
|              |         |       1000.000000 |         -0.293785 |         -0.001154 |
|              |         |        228.000000 |         -0.480896 |         -0.005725 |
|              |         |         64.710000 |         -0.761434 |         -0.023312 |
|              |         |         21.060000 |         -0.900104 |         -0.063955 |
|              |         |          7.495000 |         -0.972611 |         -0.149981 |
|              |         |          2.797000 |         -0.394042 |         -0.127262 |
|              |         |          0.521500 |          0.478394 |          0.544529 |
|              |---------|-------------------|-------------------|-------------------|
|              |     0   |          0.159600 |          0.179964 |          1.000000 |
|              |---------|-------------------|-------------------|-------------------|
|              |     1   |          9.439000 |          1.343737 |          0.038109 |
|              |         |          2.002000 |          1.063168 |          0.209480 |
|              |         |          0.545600 |          0.508232 |          0.508557 |
|              |---------|-------------------|-------------------|-------------------|
|              |     1   |          0.151700 |          0.134950 |          1.000000 |
|              |---------|-------------------|-------------------|-------------------|
|              |     2   |          0.550000 |          0.578155 |          1.000000 |
|--------------|---------|-------------------|-------------------|-------------------|
|   C (  1)    |         |                   |                   |                   |
|              |     0   |       6665.000000 |          0.363584 |          0.000692 |
|              |         |       1000.000000 |          0.674986 |          0.005329 |
|              |         |        228.000000 |          1.131620 |          0.027077 |
|              |         |         64.710000 |          1.653009 |          0.101718 |
|              |         |         21.060000 |          1.923821 |          0.274740 |
|              |         |          7.495000 |          1.447278 |          0.448564 |
|              |         |          2.797000 |          0.439163 |          0.285074 |
|              |         |          0.521500 |          0.006646 |          0.015204 |
|              |---------|-------------------|-------------------|-------------------|
|              |     0   |       6665.000000 |         -0.154180 |         -0.000146 |
|              |         |       1000.000000 |         -0.293785 |         -0.001154 |
|              |         |        228.000000 |         -0.480896 |         -0.005725 |
|              |         |         64.710000 |         -0.761434 |         -0.023312 |
|              |         |         21.060000 |         -0.900104 |         -0.063955 |
|              |         |          7.495000 |         -0.972611 |         -0.149981 |
|              |         |          2.797000 |         -0.394042 |         -0.127262 |
|              |         |          0.521500 |          0.478394 |          0.544529 |
|              |---------|-------------------|-------------------|-------------------|
|              |     0   |          0.159600 |          0.179964 |          1.000000 |
|              |---------|-------------------|-------------------|-------------------|
|              |     1   |          9.439000 |          1.343737 |          0.038109 |
|              |         |          2.002000 |          1.063168 |          0.209480 |
|              |         |          0.545600 |          0.508232 |          0.508557 |
|              |---------|-------------------|-------------------|-------------------|
|              |     1   |          0.151700 |          0.134950 |          1.000000 |
|              |---------|-------------------|-------------------|-------------------|
|              |     2   |          0.550000 |          0.578155 |          1.000000 |
|--------------|---------|-------------------|-------------------|-------------------|
|   O (  2)    |         |                   |                   |                   |
|              |     0   |      11720.000000 |          0.569702 |          0.000710 |
|              |         |       1759.000000 |          1.058352 |          0.005470 |
|              |         |        400.800000 |          1.776281 |          0.027837 |
|              |         |        113.700000 |          2.599412 |          0.104800 |
|              |         |         37.030000 |          3.026846 |          0.283062 |
|              |         |         13.270000 |          2.222394 |          0.448719 |
|              |         |          5.025000 |          0.647795 |          0.270952 |
|              |         |          1.013000 |          0.011119 |          0.015458 |
|              |---------|-------------------|-------------------|-------------------|
|              |     0   |      11720.000000 |         -0.252434 |         -0.000160 |
|              |         |       1759.000000 |         -0.480491 |         -0.001263 |
|              |         |        400.800000 |         -0.786300 |         -0.006267 |
|              |         |        113.700000 |         -1.254170 |         -0.025716 |
|              |         |         37.030000 |         -1.491218 |         -0.070924 |
|              |         |         13.270000 |         -1.610832 |         -0.165411 |
|              |         |          5.025000 |         -0.549798 |         -0.116955 |
|              |         |          1.013000 |          0.788282 |          0.557368 |
|              |---------|-------------------|-------------------|-------------------|
|              |     0   |          0.302300 |          0.290562 |          1.000000 |
|              |---------|-------------------|-------------------|-------------------|
|              |     1   |         17.700000 |          3.243619 |          0.043018 |
|              |         |          3.854000 |          2.567280 |          0.228913 |
|              |         |          1.046000 |          1.117669 |          0.508728 |
|              |---------|-------------------|-------------------|-------------------|
|              |     1   |          0.275300 |          0.284248 |          1.000000 |
|              |---------|-------------------|-------------------|-------------------|
|              |     2   |          1.185000 |          2.215218 |          1.000000 |
|--------------|---------|-------------------|-------------------|-------------------|
|   O (  3)    |         |                   |                   |                   |
|              |     0   |      11720.000000 |          0.569702 |          0.000710 |
|              |         |       1759.000000 |          1.058352 |          0.005470 |
|              |         |        400.800000 |          1.776281 |          0.027837 |
|              |         |        113.700000 |          2.599412 |          0.104800 |
|              |         |         37.030000 |          3.026846 |          0.283062 |
|              |         |         13.270000 |          2.222394 |          0.448719 |
|              |         |          5.025000 |          0.647795 |          0.270952 |
|              |         |          1.013000 |          0.011119 |          0.015458 |
|              |---------|-------------------|-------------------|-------------------|
|              |     0   |      11720.000000 |         -0.252434 |         -0.000160 |
|              |         |       1759.000000 |         -0.480491 |         -0.001263 |
|              |         |        400.800000 |         -0.786300 |         -0.006267 |
|              |         |        113.700000 |         -1.254170 |         -0.025716 |
|              |         |         37.030000 |         -1.491218 |         -0.070924 |
|              |         |         13.270000 |         -1.610832 |         -0.165411 |
|              |         |          5.025000 |         -0.549798 |         -0.116955 |
|              |         |          1.013000 |          0.788282 |          0.557368 |
|              |---------|-------------------|-------------------|-------------------|
|              |     0   |          0.302300 |          0.290562 |          1.000000 |
|              |---------|-------------------|-------------------|-------------------|
|              |     1   |         17.700000 |          3.243619 |          0.043018 |
|              |         |          3.854000 |          2.567280 |          0.228913 |
|              |         |          1.046000 |          1.117669 |          0.508728 |
|              |---------|-------------------|-------------------|-------------------|
|              |     1   |          0.275300 |          0.284248 |          1.000000 |
|              |---------|-------------------|-------------------|-------------------|
|              |     2   |          1.185000 |          2.215218 |          1.000000 |
|--------------|---------|-------------------|-------------------|-------------------|
|   C (  4)    |         |                   |                   |                   |
|              |     0   |       6665.000000 |          0.363584 |          0.000692 |
|              |         |       1000.000000 |          0.674986 |          0.005329 |
|              |         |        228.000000 |          1.131620 |          0.027077 |
|              |         |         64.710000 |          1.653009 |          0.101718 |
|              |         |         21.060000 |          1.923821 |          0.274740 |
|              |         |          7.495000 |          1.447278 |          0.448564 |
|              |         |          2.797000 |          0.439163 |          0.285074 |
|              |         |          0.521500 |          0.006646 |          0.015204 |
|              |---------|-------------------|-------------------|-------------------|
|              |     0   |       6665.000000 |         -0.154180 |         -0.000146 |
|              |         |       1000.000000 |         -0.293785 |         -0.001154 |
|              |         |        228.000000 |         -0.480896 |         -0.005725 |
|              |         |         64.710000 |         -0.761434 |         -0.023312 |
|              |         |         21.060000 |         -0.900104 |         -0.063955 |
|              |         |          7.495000 |         -0.972611 |         -0.149981 |
|              |         |          2.797000 |         -0.394042 |         -0.127262 |
|              |         |          0.521500 |          0.478394 |          0.544529 |
|              |---------|-------------------|-------------------|-------------------|
|              |     0   |          0.159600 |          0.179964 |          1.000000 |
|              |---------|-------------------|-------------------|-------------------|
|              |     1   |          9.439000 |          1.343737 |          0.038109 |
|              |         |          2.002000 |          1.063168 |          0.209480 |
|              |         |          0.545600 |          0.508232 |          0.508557 |
|              |---------|-------------------|-------------------|-------------------|
|              |     1   |          0.151700 |          0.134950 |          1.000000 |
|              |---------|-------------------|-------------------|-------------------|
|              |     2   |          0.550000 |          0.578155 |          1.000000 |
|--------------|---------|-------------------|-------------------|-------------------|
|   C (  5)    |         |                   |                   |                   |
|              |     0   |       6665.000000 |          0.363584 |          0.000692 |
|              |         |       1000.000000 |          0.674986 |          0.005329 |
|              |         |        228.000000 |          1.131620 |          0.027077 |
|              |         |         64.710000 |          1.653009 |          0.101718 |
|              |         |         21.060000 |          1.923821 |          0.274740 |
|              |         |          7.495000 |          1.447278 |          0.448564 |
|              |         |          2.797000 |          0.439163 |          0.285074 |
|              |         |          0.521500 |          0.006646 |          0.015204 |
|              |---------|-------------------|-------------------|-------------------|
|              |     0   |       6665.000000 |         -0.154180 |         -0.000146 |
|              |         |       1000.000000 |         -0.293785 |         -0.001154 |
|              |         |        228.000000 |         -0.480896 |         -0.005725 |
|              |         |         64.710000 |         -0.761434 |         -0.023312 |
|              |         |         21.060000 |         -0.900104 |         -0.063955 |
|              |         |          7.495000 |         -0.972611 |         -0.149981 |
|              |         |          2.797000 |         -0.394042 |         -0.127262 |
|              |         |          0.521500 |          0.478394 |          0.544529 |
|              |---------|-------------------|-------------------|-------------------|
|              |     0   |          0.159600 |          0.179964 |          1.000000 |
|              |---------|-------------------|-------------------|-------------------|
|              |     1   |          9.439000 |          1.343737 |          0.038109 |
|              |         |          2.002000 |          1.063168 |          0.209480 |
|              |         |          0.545600 |          0.508232 |          0.508557 |
|              |---------|-------------------|-------------------|-------------------|
|              |     1   |          0.151700 |          0.134950 |          1.000000 |
|              |---------|-------------------|-------------------|-------------------|
|              |     2   |          0.550000 |          0.578155 |          1.000000 |
|--------------|---------|-------------------|-------------------|-------------------|
|   C (  6)    |         |                   |                   |                   |
|              |     0   |       6665.000000 |          0.363584 |          0.000692 |
|              |         |       1000.000000 |          0.674986 |          0.005329 |
|              |         |        228.000000 |          1.131620 |          0.027077 |
|              |         |         64.710000 |          1.653009 |          0.101718 |
|              |         |         21.060000 |          1.923821 |          0.274740 |
|              |         |          7.495000 |          1.447278 |          0.448564 |
|              |         |          2.797000 |          0.439163 |          0.285074 |
|              |         |          0.521500 |          0.006646 |          0.015204 |
|              |---------|-------------------|-------------------|-------------------|
|              |     0   |       6665.000000 |         -0.154180 |         -0.000146 |
|              |         |       1000.000000 |         -0.293785 |         -0.001154 |
|              |         |        228.000000 |         -0.480896 |         -0.005725 |
|              |         |         64.710000 |         -0.761434 |         -0.023312 |
|              |         |         21.060000 |         -0.900104 |         -0.063955 |
|              |         |          7.495000 |         -0.972611 |         -0.149981 |
|              |         |          2.797000 |         -0.394042 |         -0.127262 |
|              |         |          0.521500 |          0.478394 |          0.544529 |
|              |---------|-------------------|-------------------|-------------------|
|              |     0   |          0.159600 |          0.179964 |          1.000000 |
|              |---------|-------------------|-------------------|-------------------|
|              |     1   |          9.439000 |          1.343737 |          0.038109 |
|              |         |          2.002000 |          1.063168 |          0.209480 |
|              |         |          0.545600 |          0.508232 |          0.508557 |
|              |---------|-------------------|-------------------|-------------------|
|              |     1   |          0.151700 |          0.134950 |          1.000000 |
|              |---------|-------------------|-------------------|-------------------|
|              |     2   |          0.550000 |          0.578155 |          1.000000 |
|--------------|---------|-------------------|-------------------|-------------------|
|   C (  7)    |         |                   |                   |                   |
|              |     0   |       6665.000000 |          0.363584 |          0.000692 |
|              |         |       1000.000000 |          0.674986 |          0.005329 |
|              |         |        228.000000 |          1.131620 |          0.027077 |
|              |         |         64.710000 |          1.653009 |          0.101718 |
|              |         |         21.060000 |          1.923821 |          0.274740 |
|              |         |          7.495000 |          1.447278 |          0.448564 |
|              |         |          2.797000 |          0.439163 |          0.285074 |
|              |         |          0.521500 |          0.006646 |          0.015204 |
|              |---------|-------------------|-------------------|-------------------|
|              |     0   |       6665.000000 |         -0.154180 |         -0.000146 |
|              |         |       1000.000000 |         -0.293785 |         -0.001154 |
|              |         |        228.000000 |         -0.480896 |         -0.005725 |
|              |         |         64.710000 |         -0.761434 |         -0.023312 |
|              |         |         21.060000 |         -0.900104 |         -0.063955 |
|              |         |          7.495000 |         -0.972611 |         -0.149981 |
|              |         |          2.797000 |         -0.394042 |         -0.127262 |
|              |         |          0.521500 |          0.478394 |          0.544529 |
|              |---------|-------------------|-------------------|-------------------|
|              |     0   |          0.159600 |          0.179964 |          1.000000 |
|              |---------|-------------------|-------------------|-------------------|
|              |     1   |          9.439000 |          1.343737 |          0.038109 |
|              |         |          2.002000 |          1.063168 |          0.209480 |
|              |         |          0.545600 |          0.508232 |          0.508557 |
|              |---------|-------------------|-------------------|-------------------|
|              |     1   |          0.151700 |          0.134950 |          1.000000 |
|              |---------|-------------------|-------------------|-------------------|
|              |     2   |          0.550000 |          0.578155 |          1.000000 |
|--------------|---------|-------------------|-------------------|-------------------|
|   H (  8)    |         |                   |                   |                   |
|              |     0   |         13.010000 |          0.163548 |          0.019685 |
|              |         |          1.962000 |          0.277418 |          0.137977 |
|              |         |          0.444600 |          0.315749 |          0.478148 |
|              |---------|-------------------|-------------------|-------------------|
|              |     0   |          0.122000 |          0.147123 |          1.000000 |
|              |---------|-------------------|-------------------|-------------------|
|              |     1   |          0.727000 |          0.956881 |          1.000000 |
|--------------|---------|-------------------|-------------------|-------------------|
|   H (  9)    |         |                   |                   |                   |
|              |     0   |         13.010000 |          0.163548 |          0.019685 |
|              |         |          1.962000 |          0.277418 |          0.137977 |
|              |         |          0.444600 |          0.315749 |          0.478148 |
|              |---------|-------------------|-------------------|-------------------|
|              |     0   |          0.122000 |          0.147123 |          1.000000 |
|              |---------|-------------------|-------------------|-------------------|
|              |     1   |          0.727000 |          0.956881 |          1.000000 |
|--------------|---------|-------------------|-------------------|-------------------|
|   H ( 10)    |         |                   |                   |                   |
|              |     0   |         13.010000 |          0.163548 |          0.019685 |
|              |         |          1.962000 |          0.277418 |          0.137977 |
|              |         |          0.444600 |          0.315749 |          0.478148 |
|              |---------|-------------------|-------------------|-------------------|
|              |     0   |          0.122000 |          0.147123 |          1.000000 |
|              |---------|-------------------|-------------------|-------------------|
|              |     1   |          0.727000 |          0.956881 |          1.000000 |
|--------------|---------|-------------------|-------------------|-------------------|
|   H ( 11)    |         |                   |                   |                   |
|              |     0   |         13.010000 |          0.163548 |          0.019685 |
|              |         |          1.962000 |          0.277418 |          0.137977 |
|              |         |          0.444600 |          0.315749 |          0.478148 |
|              |---------|-------------------|-------------------|-------------------|
|              |     0   |          0.122000 |          0.147123 |          1.000000 |
|              |---------|-------------------|-------------------|-------------------|
|              |     1   |          0.727000 |          0.956881 |          1.000000 |
|______________|_________|___________________|___________________|___________________|



 RI basis set information:

 ____________________________________________________________________________________
|     Atom     |    L    |       alpha       |         c         |       c(lib)      |
|______________|_________|___________________|___________________|___________________|
|   C (  0)    |         |                   |                   |                   |
|              |     0   |       1113.986772 |        137.426383 |          1.000000 |
|              |---------|-------------------|-------------------|-------------------|
|              |     0   |        369.162342 |         60.023752 |          1.000000 |
|              |---------|-------------------|-------------------|-------------------|
|              |     0   |        121.792752 |         26.129204 |          1.000000 |
|              |---------|-------------------|-------------------|-------------------|
|              |     0   |         48.127115 |         13.022743 |          1.000000 |
|              |---------|-------------------|-------------------|-------------------|
|              |     0   |         20.365074 |          6.832420 |          1.000000 |
|              |---------|-------------------|-------------------|-------------------|
|              |     0   |          8.088360 |          3.418263 |          1.000000 |
|              |---------|-------------------|-------------------|-------------------|
|              |     0   |          2.506866 |          1.419902 |          1.000000 |
|              |---------|-------------------|-------------------|-------------------|
|              |     0   |          1.243854 |          0.839435 |          1.000000 |
|              |---------|-------------------|-------------------|-------------------|
|              |     0   |          0.484499 |          0.413885 |          1.000000 |
|              |---------|-------------------|-------------------|-------------------|
|              |     0   |          0.191852 |          0.206602 |          1.000000 |
|              |---------|-------------------|-------------------|-------------------|
|              |     1   |        102.991762 |        467.673972 |          1.000000 |
|              |---------|-------------------|-------------------|-------------------|
|              |     1   |         28.132594 |         92.353277 |          1.000000 |
|              |---------|-------------------|-------------------|-------------------|
|              |     1   |          9.836432 |         24.830592 |          1.000000 |
|              |---------|-------------------|-------------------|-------------------|
|              |     1   |          3.349054 |          6.457923 |          1.000000 |
|              |---------|-------------------|-------------------|-------------------|
|              |     1   |          1.494762 |          2.355890 |          1.000000 |
|              |---------|-------------------|-------------------|-------------------|
|              |     1   |          0.576901 |          0.716666 |          1.000000 |
|              |---------|-------------------|-------------------|-------------------|
|              |     1   |          0.203201 |          0.194467 |          1.000000 |
|              |---------|-------------------|-------------------|-------------------|
|              |     2   |         10.594068 |        102.392773 |          1.000000 |
|              |---------|-------------------|-------------------|-------------------|
|              |     2   |          3.599720 |         15.483874 |          1.000000 |
|              |---------|-------------------|-------------------|-------------------|
|              |     2   |          1.335569 |          2.731025 |          1.000000 |
|              |---------|-------------------|-------------------|-------------------|
|              |     2   |          0.519498 |          0.523216 |          1.000000 |
|              |---------|-------------------|-------------------|-------------------|
|              |     2   |          0.199541 |          0.098054 |          1.000000 |
|              |---------|-------------------|-------------------|-------------------|
|              |     3   |          1.194866 |          2.197470 |          1.000000 |
|              |---------|-------------------|-------------------|-------------------|
|              |     3   |          0.415866 |          0.204456 |          1.000000 |
|--------------|---------|-------------------|-------------------|-------------------|
|   C (  1)    |         |                   |                   |                   |
|              |     0   |       1113.986772 |        137.426383 |          1.000000 |
|              |---------|-------------------|-------------------|-------------------|
|              |     0   |        369.162342 |         60.023752 |          1.000000 |
|              |---------|-------------------|-------------------|-------------------|
|              |     0   |        121.792752 |         26.129204 |          1.000000 |
|              |---------|-------------------|-------------------|-------------------|
|              |     0   |         48.127115 |         13.022743 |          1.000000 |
|              |---------|-------------------|-------------------|-------------------|
|              |     0   |         20.365074 |          6.832420 |          1.000000 |
|              |---------|-------------------|-------------------|-------------------|
|              |     0   |          8.088360 |          3.418263 |          1.000000 |
|              |---------|-------------------|-------------------|-------------------|
|              |     0   |          2.506866 |          1.419902 |          1.000000 |
|              |---------|-------------------|-------------------|-------------------|
|              |     0   |          1.243854 |          0.839435 |          1.000000 |
|              |---------|-------------------|-------------------|-------------------|
|              |     0   |          0.484499 |          0.413885 |          1.000000 |
|              |---------|-------------------|-------------------|-------------------|
|              |     0   |          0.191852 |          0.206602 |          1.000000 |
|              |---------|-------------------|-------------------|-------------------|
|              |     1   |        102.991762 |        467.673972 |          1.000000 |
|              |---------|-------------------|-------------------|-------------------|
|              |     1   |         28.132594 |         92.353277 |          1.000000 |
|              |---------|-------------------|-------------------|-------------------|
|              |     1   |          9.836432 |         24.830592 |          1.000000 |
|              |---------|-------------------|-------------------|-------------------|
|              |     1   |          3.349054 |          6.457923 |          1.000000 |
|              |---------|-------------------|-------------------|-------------------|
|              |     1   |          1.494762 |          2.355890 |          1.000000 |
|              |---------|-------------------|-------------------|-------------------|
|              |     1   |          0.576901 |          0.716666 |          1.000000 |
|              |---------|-------------------|-------------------|-------------------|
|              |     1   |          0.203201 |          0.194467 |          1.000000 |
|              |---------|-------------------|-------------------|-------------------|
|              |     2   |         10.594068 |        102.392773 |          1.000000 |
|              |---------|-------------------|-------------------|-------------------|
|              |     2   |          3.599720 |         15.483874 |          1.000000 |
|              |---------|-------------------|-------------------|-------------------|
|              |     2   |          1.335569 |          2.731025 |          1.000000 |
|              |---------|-------------------|-------------------|-------------------|
|              |     2   |          0.519498 |          0.523216 |          1.000000 |
|              |---------|-------------------|-------------------|-------------------|
|              |     2   |          0.199541 |          0.098054 |          1.000000 |
|              |---------|-------------------|-------------------|-------------------|
|              |     3   |          1.194866 |          2.197470 |          1.000000 |
|              |---------|-------------------|-------------------|-------------------|
|              |     3   |          0.415866 |          0.204456 |          1.000000 |
|--------------|---------|-------------------|-------------------|-------------------|
|   O (  2)    |         |                   |                   |                   |
|              |     0   |       1517.866751 |        173.314671 |          1.000000 |
|              |---------|-------------------|-------------------|-------------------|
|              |     0   |        489.679520 |         74.189774 |          1.000000 |
|              |---------|-------------------|-------------------|-------------------|
|              |     0   |        176.721187 |         34.544313 |          1.000000 |
|              |---------|-------------------|-------------------|-------------------|
|              |     0   |         63.792233 |         16.087403 |          1.000000 |
|              |---------|-------------------|-------------------|-------------------|
|              |     0   |         25.366499 |          8.055741 |          1.000000 |
|              |---------|-------------------|-------------------|-------------------|
|              |     0   |          9.913549 |          3.981823 |          1.000000 |
|              |---------|-------------------|-------------------|-------------------|
|              |     0   |          4.464531 |          2.188981 |          1.000000 |
|              |---------|-------------------|-------------------|-------------------|
|              |     0   |          1.801774 |          1.108372 |          1.000000 |
|              |---------|-------------------|-------------------|-------------------|
|              |     0   |          0.807897 |          0.607333 |          1.000000 |
|              |---------|-------------------|-------------------|-------------------|
|              |     0   |          0.338643 |          0.316386 |          1.000000 |
|              |---------|-------------------|-------------------|-------------------|
|              |     1   |        120.160309 |        567.076153 |          1.000000 |
|              |---------|-------------------|-------------------|-------------------|
|              |     1   |         34.409622 |        118.792760 |          1.000000 |
|              |---------|-------------------|-------------------|-------------------|
|              |     1   |         12.581149 |         33.774619 |          1.000000 |
|              |---------|-------------------|-------------------|-------------------|
|              |     1   |          5.066382 |         10.834592 |          1.000000 |
|              |---------|-------------------|-------------------|-------------------|
|              |     1   |          2.034693 |          3.463886 |          1.000000 |
|              |---------|-------------------|-------------------|-------------------|
|              |     1   |          0.860930 |          1.182088 |          1.000000 |
|              |---------|-------------------|-------------------|-------------------|
|              |     1   |          0.366814 |          0.406909 |          1.000000 |
|              |---------|-------------------|-------------------|-------------------|
|              |     2   |         19.043063 |        285.725404 |          1.000000 |
|              |---------|-------------------|-------------------|-------------------|
|              |     2   |          5.806038 |         35.743679 |          1.000000 |
|              |---------|-------------------|-------------------|-------------------|
|              |     2   |          2.189184 |          6.484903 |          1.000000 |
|              |---------|-------------------|-------------------|-------------------|
|              |     2   |          0.877946 |          1.310624 |          1.000000 |
|              |---------|-------------------|-------------------|-------------------|
|              |     2   |          0.356236 |          0.270366 |          1.000000 |
|              |---------|-------------------|-------------------|-------------------|
|              |     3   |          2.493915 |         11.506363 |          1.000000 |
|              |---------|-------------------|-------------------|-------------------|
|              |     3   |          0.824915 |          0.954718 |          1.000000 |
|--------------|---------|-------------------|-------------------|-------------------|
|   O (  3)    |         |                   |                   |                   |
|              |     0   |       1517.866751 |        173.314671 |          1.000000 |
|              |---------|-------------------|-------------------|-------------------|
|              |     0   |        489.679520 |         74.189774 |          1.000000 |
|              |---------|-------------------|-------------------|-------------------|
|              |     0   |        176.721187 |         34.544313 |          1.000000 |
|              |---------|-------------------|-------------------|-------------------|
|              |     0   |         63.792233 |         16.087403 |          1.000000 |
|              |---------|-------------------|-------------------|-------------------|
|              |     0   |         25.366499 |          8.055741 |          1.000000 |
|              |---------|-------------------|-------------------|-------------------|
|              |     0   |          9.913549 |          3.981823 |          1.000000 |
|              |---------|-------------------|-------------------|-------------------|
|              |     0   |          4.464531 |          2.188981 |          1.000000 |
|              |---------|-------------------|-------------------|-------------------|
|              |     0   |          1.801774 |          1.108372 |          1.000000 |
|              |---------|-------------------|-------------------|-------------------|
|              |     0   |          0.807897 |          0.607333 |          1.000000 |
|              |---------|-------------------|-------------------|-------------------|
|              |     0   |          0.338643 |          0.316386 |          1.000000 |
|              |---------|-------------------|-------------------|-------------------|
|              |     1   |        120.160309 |        567.076153 |          1.000000 |
|              |---------|-------------------|-------------------|-------------------|
|              |     1   |         34.409622 |        118.792760 |          1.000000 |
|              |---------|-------------------|-------------------|-------------------|
|              |     1   |         12.581149 |         33.774619 |          1.000000 |
|              |---------|-------------------|-------------------|-------------------|
|              |     1   |          5.066382 |         10.834592 |          1.000000 |
|              |---------|-------------------|-------------------|-------------------|
|              |     1   |          2.034693 |          3.463886 |          1.000000 |
|              |---------|-------------------|-------------------|-------------------|
|              |     1   |          0.860930 |          1.182088 |          1.000000 |
|              |---------|-------------------|-------------------|-------------------|
|              |     1   |          0.366814 |          0.406909 |          1.000000 |
|              |---------|-------------------|-------------------|-------------------|
|              |     2   |         19.043063 |        285.725404 |          1.000000 |
|              |---------|-------------------|-------------------|-------------------|
|              |     2   |          5.806038 |         35.743679 |          1.000000 |
|              |---------|-------------------|-------------------|-------------------|
|              |     2   |          2.189184 |          6.484903 |          1.000000 |
|              |---------|-------------------|-------------------|-------------------|
|              |     2   |          0.877946 |          1.310624 |          1.000000 |
|              |---------|-------------------|-------------------|-------------------|
|              |     2   |          0.356236 |          0.270366 |          1.000000 |
|              |---------|-------------------|-------------------|-------------------|
|              |     3   |          2.493915 |         11.506363 |          1.000000 |
|              |---------|-------------------|-------------------|-------------------|
|              |     3   |          0.824915 |          0.954718 |          1.000000 |
|--------------|---------|-------------------|-------------------|-------------------|
|   C (  4)    |         |                   |                   |                   |
|              |     0   |       1113.986772 |        137.426383 |          1.000000 |
|              |---------|-------------------|-------------------|-------------------|
|              |     0   |        369.162342 |         60.023752 |          1.000000 |
|              |---------|-------------------|-------------------|-------------------|
|              |     0   |        121.792752 |         26.129204 |          1.000000 |
|              |---------|-------------------|-------------------|-------------------|
|              |     0   |         48.127115 |         13.022743 |          1.000000 |
|              |---------|-------------------|-------------------|-------------------|
|              |     0   |         20.365074 |          6.832420 |          1.000000 |
|              |---------|-------------------|-------------------|-------------------|
|              |     0   |          8.088360 |          3.418263 |          1.000000 |
|              |---------|-------------------|-------------------|-------------------|
|              |     0   |          2.506866 |          1.419902 |          1.000000 |
|              |---------|-------------------|-------------------|-------------------|
|              |     0   |          1.243854 |          0.839435 |          1.000000 |
|              |---------|-------------------|-------------------|-------------------|
|              |     0   |          0.484499 |          0.413885 |          1.000000 |
|              |---------|-------------------|-------------------|-------------------|
|              |     0   |          0.191852 |          0.206602 |          1.000000 |
|              |---------|-------------------|-------------------|-------------------|
|              |     1   |        102.991762 |        467.673972 |          1.000000 |
|              |---------|-------------------|-------------------|-------------------|
|              |     1   |         28.132594 |         92.353277 |          1.000000 |
|              |---------|-------------------|-------------------|-------------------|
|              |     1   |          9.836432 |         24.830592 |          1.000000 |
|              |---------|-------------------|-------------------|-------------------|
|              |     1   |          3.349054 |          6.457923 |          1.000000 |
|              |---------|-------------------|-------------------|-------------------|
|              |     1   |          1.494762 |          2.355890 |          1.000000 |
|              |---------|-------------------|-------------------|-------------------|
|              |     1   |          0.576901 |          0.716666 |          1.000000 |
|              |---------|-------------------|-------------------|-------------------|
|              |     1   |          0.203201 |          0.194467 |          1.000000 |
|              |---------|-------------------|-------------------|-------------------|
|              |     2   |         10.594068 |        102.392773 |          1.000000 |
|              |---------|-------------------|-------------------|-------------------|
|              |     2   |          3.599720 |         15.483874 |          1.000000 |
|              |---------|-------------------|-------------------|-------------------|
|              |     2   |          1.335569 |          2.731025 |          1.000000 |
|              |---------|-------------------|-------------------|-------------------|
|              |     2   |          0.519498 |          0.523216 |          1.000000 |
|              |---------|-------------------|-------------------|-------------------|
|              |     2   |          0.199541 |          0.098054 |          1.000000 |
|              |---------|-------------------|-------------------|-------------------|
|              |     3   |          1.194866 |          2.197470 |          1.000000 |
|              |---------|-------------------|-------------------|-------------------|
|              |     3   |          0.415866 |          0.204456 |          1.000000 |
|--------------|---------|-------------------|-------------------|-------------------|
|   C (  5)    |         |                   |                   |                   |
|              |     0   |       1113.986772 |        137.426383 |          1.000000 |
|              |---------|-------------------|-------------------|-------------------|
|              |     0   |        369.162342 |         60.023752 |          1.000000 |
|              |---------|-------------------|-------------------|-------------------|
|              |     0   |        121.792752 |         26.129204 |          1.000000 |
|              |---------|-------------------|-------------------|-------------------|
|              |     0   |         48.127115 |         13.022743 |          1.000000 |
|              |---------|-------------------|-------------------|-------------------|
|              |     0   |         20.365074 |          6.832420 |          1.000000 |
|              |---------|-------------------|-------------------|-------------------|
|              |     0   |          8.088360 |          3.418263 |          1.000000 |
|              |---------|-------------------|-------------------|-------------------|
|              |     0   |          2.506866 |          1.419902 |          1.000000 |
|              |---------|-------------------|-------------------|-------------------|
|              |     0   |          1.243854 |          0.839435 |          1.000000 |
|              |---------|-------------------|-------------------|-------------------|
|              |     0   |          0.484499 |          0.413885 |          1.000000 |
|              |---------|-------------------|-------------------|-------------------|
|              |     0   |          0.191852 |          0.206602 |          1.000000 |
|              |---------|-------------------|-------------------|-------------------|
|              |     1   |        102.991762 |        467.673972 |          1.000000 |
|              |---------|-------------------|-------------------|-------------------|
|              |     1   |         28.132594 |         92.353277 |          1.000000 |
|              |---------|-------------------|-------------------|-------------------|
|              |     1   |          9.836432 |         24.830592 |          1.000000 |
|              |---------|-------------------|-------------------|-------------------|
|              |     1   |          3.349054 |          6.457923 |          1.000000 |
|              |---------|-------------------|-------------------|-------------------|
|              |     1   |          1.494762 |          2.355890 |          1.000000 |
|              |---------|-------------------|-------------------|-------------------|
|              |     1   |          0.576901 |          0.716666 |          1.000000 |
|              |---------|-------------------|-------------------|-------------------|
|              |     1   |          0.203201 |          0.194467 |          1.000000 |
|              |---------|-------------------|-------------------|-------------------|
|              |     2   |         10.594068 |        102.392773 |          1.000000 |
|              |---------|-------------------|-------------------|-------------------|
|              |     2   |          3.599720 |         15.483874 |          1.000000 |
|              |---------|-------------------|-------------------|-------------------|
|              |     2   |          1.335569 |          2.731025 |          1.000000 |
|              |---------|-------------------|-------------------|-------------------|
|              |     2   |          0.519498 |          0.523216 |          1.000000 |
|              |---------|-------------------|-------------------|-------------------|
|              |     2   |          0.199541 |          0.098054 |          1.000000 |
|              |---------|-------------------|-------------------|-------------------|
|              |     3   |          1.194866 |          2.197470 |          1.000000 |
|              |---------|-------------------|-------------------|-------------------|
|              |     3   |          0.415866 |          0.204456 |          1.000000 |
|--------------|---------|-------------------|-------------------|-------------------|
|   C (  6)    |         |                   |                   |                   |
|              |     0   |       1113.986772 |        137.426383 |          1.000000 |
|              |---------|-------------------|-------------------|-------------------|
|              |     0   |        369.162342 |         60.023752 |          1.000000 |
|              |---------|-------------------|-------------------|-------------------|
|              |     0   |        121.792752 |         26.129204 |          1.000000 |
|              |---------|-------------------|-------------------|-------------------|
|              |     0   |         48.127115 |         13.022743 |          1.000000 |
|              |---------|-------------------|-------------------|-------------------|
|              |     0   |         20.365074 |          6.832420 |          1.000000 |
|              |---------|-------------------|-------------------|-------------------|
|              |     0   |          8.088360 |          3.418263 |          1.000000 |
|              |---------|-------------------|-------------------|-------------------|
|              |     0   |          2.506866 |          1.419902 |          1.000000 |
|              |---------|-------------------|-------------------|-------------------|
|              |     0   |          1.243854 |          0.839435 |          1.000000 |
|              |---------|-------------------|-------------------|-------------------|
|              |     0   |          0.484499 |          0.413885 |          1.000000 |
|              |---------|-------------------|-------------------|-------------------|
|              |     0   |          0.191852 |          0.206602 |          1.000000 |
|              |---------|-------------------|-------------------|-------------------|
|              |     1   |        102.991762 |        467.673972 |          1.000000 |
|              |---------|-------------------|-------------------|-------------------|
|              |     1   |         28.132594 |         92.353277 |          1.000000 |
|              |---------|-------------------|-------------------|-------------------|
|              |     1   |          9.836432 |         24.830592 |          1.000000 |
|              |---------|-------------------|-------------------|-------------------|
|              |     1   |          3.349054 |          6.457923 |          1.000000 |
|              |---------|-------------------|-------------------|-------------------|
|              |     1   |          1.494762 |          2.355890 |          1.000000 |
|              |---------|-------------------|-------------------|-------------------|
|              |     1   |          0.576901 |          0.716666 |          1.000000 |
|              |---------|-------------------|-------------------|-------------------|
|              |     1   |          0.203201 |          0.194467 |          1.000000 |
|              |---------|-------------------|-------------------|-------------------|
|              |     2   |         10.594068 |        102.392773 |          1.000000 |
|              |---------|-------------------|-------------------|-------------------|
|              |     2   |          3.599720 |         15.483874 |          1.000000 |
|              |---------|-------------------|-------------------|-------------------|
|              |     2   |          1.335569 |          2.731025 |          1.000000 |
|              |---------|-------------------|-------------------|-------------------|
|              |     2   |          0.519498 |          0.523216 |          1.000000 |
|              |---------|-------------------|-------------------|-------------------|
|              |     2   |          0.199541 |          0.098054 |          1.000000 |
|              |---------|-------------------|-------------------|-------------------|
|              |     3   |          1.194866 |          2.197470 |          1.000000 |
|              |---------|-------------------|-------------------|-------------------|
|              |     3   |          0.415866 |          0.204456 |          1.000000 |
|--------------|---------|-------------------|-------------------|-------------------|
|   C (  7)    |         |                   |                   |                   |
|              |     0   |       1113.986772 |        137.426383 |          1.000000 |
|              |---------|-------------------|-------------------|-------------------|
|              |     0   |        369.162342 |         60.023752 |          1.000000 |
|              |---------|-------------------|-------------------|-------------------|
|              |     0   |        121.792752 |         26.129204 |          1.000000 |
|              |---------|-------------------|-------------------|-------------------|
|              |     0   |         48.127115 |         13.022743 |          1.000000 |
|              |---------|-------------------|-------------------|-------------------|
|              |     0   |         20.365074 |          6.832420 |          1.000000 |
|              |---------|-------------------|-------------------|-------------------|
|              |     0   |          8.088360 |          3.418263 |          1.000000 |
|              |---------|-------------------|-------------------|-------------------|
|              |     0   |          2.506866 |          1.419902 |          1.000000 |
|              |---------|-------------------|-------------------|-------------------|
|              |     0   |          1.243854 |          0.839435 |          1.000000 |
|              |---------|-------------------|-------------------|-------------------|
|              |     0   |          0.484499 |          0.413885 |          1.000000 |
|              |---------|-------------------|-------------------|-------------------|
|              |     0   |          0.191852 |          0.206602 |          1.000000 |
|              |---------|-------------------|-------------------|-------------------|
|              |     1   |        102.991762 |        467.673972 |          1.000000 |
|              |---------|-------------------|-------------------|-------------------|
|              |     1   |         28.132594 |         92.353277 |          1.000000 |
|              |---------|-------------------|-------------------|-------------------|
|              |     1   |          9.836432 |         24.830592 |          1.000000 |
|              |---------|-------------------|-------------------|-------------------|
|              |     1   |          3.349054 |          6.457923 |          1.000000 |
|              |---------|-------------------|-------------------|-------------------|
|              |     1   |          1.494762 |          2.355890 |          1.000000 |
|              |---------|-------------------|-------------------|-------------------|
|              |     1   |          0.576901 |          0.716666 |          1.000000 |
|              |---------|-------------------|-------------------|-------------------|
|              |     1   |          0.203201 |          0.194467 |          1.000000 |
|              |---------|-------------------|-------------------|-------------------|
|              |     2   |         10.594068 |        102.392773 |          1.000000 |
|              |---------|-------------------|-------------------|-------------------|
|              |     2   |          3.599720 |         15.483874 |          1.000000 |
|              |---------|-------------------|-------------------|-------------------|
|              |     2   |          1.335569 |          2.731025 |          1.000000 |
|              |---------|-------------------|-------------------|-------------------|
|              |     2   |          0.519498 |          0.523216 |          1.000000 |
|              |---------|-------------------|-------------------|-------------------|
|              |     2   |          0.199541 |          0.098054 |          1.000000 |
|              |---------|-------------------|-------------------|-------------------|
|              |     3   |          1.194866 |          2.197470 |          1.000000 |
|              |---------|-------------------|-------------------|-------------------|
|              |     3   |          0.415866 |          0.204456 |          1.000000 |
|--------------|---------|-------------------|-------------------|-------------------|
|   H (  8)    |         |                   |                   |                   |
|              |     0   |          9.530249 |          3.865790 |          1.000000 |
|              |---------|-------------------|-------------------|-------------------|
|              |     0   |          1.917451 |          1.161324 |          1.000000 |
|              |---------|-------------------|-------------------|-------------------|
|              |     0   |          0.684240 |          0.536187 |          1.000000 |
|              |---------|-------------------|-------------------|-------------------|
|              |     0   |          0.284133 |          0.277364 |          1.000000 |
|              |---------|-------------------|-------------------|-------------------|
|              |     1   |          2.913323 |          5.425327 |          1.000000 |
|              |---------|-------------------|-------------------|-------------------|
|              |     1   |          1.262121 |          1.906848 |          1.000000 |
|              |---------|-------------------|-------------------|-------------------|
|              |     1   |          0.501998 |          0.602306 |          1.000000 |
|              |---------|-------------------|-------------------|-------------------|
|              |     2   |          2.313533 |          7.143185 |          1.000000 |
|              |---------|-------------------|-------------------|-------------------|
|              |     2   |          0.712907 |          0.910369 |          1.000000 |
|--------------|---------|-------------------|-------------------|-------------------|
|   H (  9)    |         |                   |                   |                   |
|              |     0   |          9.530249 |          3.865790 |          1.000000 |
|              |---------|-------------------|-------------------|-------------------|
|              |     0   |          1.917451 |          1.161324 |          1.000000 |
|              |---------|-------------------|-------------------|-------------------|
|              |     0   |          0.684240 |          0.536187 |          1.000000 |
|              |---------|-------------------|-------------------|-------------------|
|              |     0   |          0.284133 |          0.277364 |          1.000000 |
|              |---------|-------------------|-------------------|-------------------|
|              |     1   |          2.913323 |          5.425327 |          1.000000 |
|              |---------|-------------------|-------------------|-------------------|
|              |     1   |          1.262121 |          1.906848 |          1.000000 |
|              |---------|-------------------|-------------------|-------------------|
|              |     1   |          0.501998 |          0.602306 |          1.000000 |
|              |---------|-------------------|-------------------|-------------------|
|              |     2   |          2.313533 |          7.143185 |          1.000000 |
|              |---------|-------------------|-------------------|-------------------|
|              |     2   |          0.712907 |          0.910369 |          1.000000 |
|--------------|---------|-------------------|-------------------|-------------------|
|   H ( 10)    |         |                   |                   |                   |
|              |     0   |          9.530249 |          3.865790 |          1.000000 |
|              |---------|-------------------|-------------------|-------------------|
|              |     0   |          1.917451 |          1.161324 |          1.000000 |
|              |---------|-------------------|-------------------|-------------------|
|              |     0   |          0.684240 |          0.536187 |          1.000000 |
|              |---------|-------------------|-------------------|-------------------|
|              |     0   |          0.284133 |          0.277364 |          1.000000 |
|              |---------|-------------------|-------------------|-------------------|
|              |     1   |          2.913323 |          5.425327 |          1.000000 |
|              |---------|-------------------|-------------------|-------------------|
|              |     1   |          1.262121 |          1.906848 |          1.000000 |
|              |---------|-------------------|-------------------|-------------------|
|              |     1   |          0.501998 |          0.602306 |          1.000000 |
|              |---------|-------------------|-------------------|-------------------|
|              |     2   |          2.313533 |          7.143185 |          1.000000 |
|              |---------|-------------------|-------------------|-------------------|
|              |     2   |          0.712907 |          0.910369 |          1.000000 |
|--------------|---------|-------------------|-------------------|-------------------|
|   H ( 11)    |         |                   |                   |                   |
|              |     0   |          9.530249 |          3.865790 |          1.000000 |
|              |---------|-------------------|-------------------|-------------------|
|              |     0   |          1.917451 |          1.161324 |          1.000000 |
|              |---------|-------------------|-------------------|-------------------|
|              |     0   |          0.684240 |          0.536187 |          1.000000 |
|              |---------|-------------------|-------------------|-------------------|
|              |     0   |          0.284133 |          0.277364 |          1.000000 |
|              |---------|-------------------|-------------------|-------------------|
|              |     1   |          2.913323 |          5.425327 |          1.000000 |
|              |---------|-------------------|-------------------|-------------------|
|              |     1   |          1.262121 |          1.906848 |          1.000000 |
|              |---------|-------------------|-------------------|-------------------|
|              |     1   |          0.501998 |          0.602306 |          1.000000 |
|              |---------|-------------------|-------------------|-------------------|
|              |     2   |          2.313533 |          7.143185 |          1.000000 |
|              |---------|-------------------|-------------------|-------------------|
|              |     2   |          0.712907 |          0.910369 |          1.000000 |
|______________|_________|___________________|___________________|___________________|



 Pseudopotential information:

 ________________________________________________________________ 





Calculation of 1-el matrices:
Time to step -    0.36618
Full time    -    0.36618



______________________Starting_CASSCF_calculations_____________________

Number of states                  4
State multiplicity                2 (doublet)

Active space:
Number of alpha electrons         7
Number of beta  electrons         6
Number of active orbitals         10

Number of core orbitals:          22

Preparation of virtual orbitals:  yes
State tracking:                   no 
State averaging:
Weights:	all equal to 1

SCF settings:
Energy convergence:               1.000000e-15
Orbital gradient convergence:     1.000000e-08
Rotation matrix convergence :     1.000000e-07
Maximum number of iterations:     50
Maximum SOSCF step          :     1.000000e-01

CI solver:                        DMRG
DMRG settings:
Bond dimension (m):               500
Maximum number of sweeps:         40
Sweep energy convergence:         1.000000e-12
Initial occupancy:                integral
Sweep schedule:                   default
Active-space localization:        Pipek-Mezey
DMRG orbital ordering:            Fiedler
Scratch directory (save_dir):     /dev/shm
Memory (block2 double stack):     1 GB
MPS warm-start:                   on (after 0 cold iter)
Warm re-solve sweeps:             20
Rotate reused MPS:                yes
MPS-rotation bond dim (rot_m):    500
MPS-rotation TE steps (rot_steps):1
Leading determinants:             off

_______________________________________________________________________




RI integrals calculation:
Time to step -    0.20882
Full time    -    0.57500
WARNING: orbital canonicalization (rotate) disabled - the CI backend does not support CI-vector rotation
Primary CI and calculation canonical orbitals:
Time to step -   18.53662
Full time    -   19.11163
WARNING: orbital canonicalization (rotate) disabled - the CI backend does not support CI-vector rotation
Recalculation of DMRG with canonical orbitals:
Time to step -   14.98111
Full time    -   34.09274


CAS_SCF density averaging:
__________________________________________
 State| E                 | S^2  | weight |
______|___________________|______|________|
    0 |   -379.2978536782 | 0.75 | 1.00   |
    1 |   -379.2148560921 | 0.75 | 1.00   |
    2 |   -379.1720990056 | 0.75 | 1.00   |
    3 |   -379.1663136154 | 0.75 | 1.00   |
______|___________________|______|________|

Start CAS_SCF iterations
_________________________________________________________________________________
  N | E                 | dE         | LAG.ASYM. | ROT.STEP  | N_dav | sweep_dE  |
____|___________________|____________|___________|___________|_______|___________|
  0 |   -379.2127805978 | -3.792e+02 | 9.118e-02 | 1.000e+00 |  20   | 2.274e-13 |
 SOSCF is scaling rotation angle matrix Xmax=2.99604e-01                         |
  1 |   -379.2313082035 | -1.853e-02 | 7.068e-02 | 1.000e-01 |   4   | 2.842e-13 |
 SOSCF is scaling rotation angle matrix Xmax=1.92171e+00                         |
  2 |   -379.2417420601 | -1.043e-02 | 5.326e-02 | 1.000e-01 |   4   | 1.705e-13 |
 SOSCF is scaling rotation angle matrix Xmax=4.44672e-01                         |
  3 |   -379.2512151162 | -9.473e-03 | 3.898e-02 | 1.000e-01 |   4   | 2.842e-13 |
 SOSCF is scaling rotation angle matrix Xmax=3.11798e-01                         |
  4 |   -379.2604771682 | -9.262e-03 | 3.231e-02 | 1.000e-01 |   4   | 3.411e-13 |
 SOSCF is scaling rotation angle matrix Xmax=1.29502e-01                         |
  5 |   -379.2649682711 | -4.491e-03 | 1.070e-02 | 1.000e-01 |   4   | 1.137e-13 |
  6 |   -379.2652413728 | -2.731e-04 | 5.556e-03 | 1.647e-02 |   4   | 5.684e-14 |
  7 |   -379.2652988378 | -5.747e-05 | 2.763e-03 | 8.268e-03 |   4   | 1.137e-13 |
  8 |   -379.2653199909 | -2.115e-05 | 1.346e-03 | 5.876e-03 |   4   | 2.274e-13 |
  9 |   -379.2653298191 | -9.828e-06 | 4.705e-04 | 5.420e-03 |   4   | 5.684e-14 |
 10 |   -379.2653311884 | -1.369e-06 | 1.956e-04 | 1.631e-03 |   4   | 2.274e-13 |
 11 |   -379.2653314471 | -2.588e-07 | 5.311e-05 | 7.970e-04 |   4   | 1.705e-13 |
 12 |   -379.2653314885 | -4.139e-08 | 2.870e-05 | 3.924e-04 |   4   | 1.705e-13 |
 13 |   -379.2653314957 | -7.226e-09 | 1.503e-05 | 1.813e-04 |   4   | 1.705e-13 |
 14 |   -379.2653314970 | -1.209e-09 | 5.741e-06 | 5.955e-05 |   4   | 1.705e-13 |
 15 |   -379.2653314972 | -2.632e-10 | 3.791e-06 | 2.700e-05 |   4   | 1.137e-13 |
 16 |   -379.2653314973 | -1.307e-10 | 1.867e-06 | 1.472e-05 |   4   | 1.137e-13 |
 17 |   -379.2653314974 | -8.674e-11 | 9.504e-07 | 6.882e-06 |   4   | 5.684e-14 |
 18 |   -379.2653314974 |  4.559e-11 | 3.052e-07 | 2.817e-06 |   4   | 1.137e-13 |
 19 |   -379.2653314974 |  2.291e-11 | 1.013e-07 | 1.009e-06 |   4   | 5.684e-14 |
 20 |   -379.2653314974 | -2.677e-11 | 3.617e-08 | 2.943e-07 |   4   | 1.137e-13 |
 21 |   -379.2653314973 |  5.195e-11 | 1.023e-08 | 1.183e-07 |   4   | 5.684e-14 |
____|___________________|____________|___________|___________|_______|___________|

Rotation matrix converged after 21 iterations

CAS_SCF iterations:
Time to step -  126.37000
Full time    -  160.46274
WARNING: orbital canonicalization (rotate) disabled - the CI backend does not support CI-vector rotation
Recalculation of DMRG with canonical orbitals:
Time to step -   15.21255
Full time    -  175.67528
Preparation of canonical orbitals:
Time to step -    0.00004
Full time    -  175.67532
CAS_SCF WaveFunctions:

  (leading-configuration read-out disabled: $DMRG print_dets = off)


CAS_SCF density averaging:
__________________________________________
 State| E                 | S^2  | weight |
______|___________________|______|________|
    0 |   -379.3381699303 | 0.75 | 1.00   |
    1 |   -379.2547648672 | 0.75 | 1.00   |
    2 |   -379.2355274994 | 0.75 | 1.00   |
    3 |   -379.2328636927 | 0.75 | 1.00   |
______|___________________|______|________|


CAS_SCF Energy summary:
E[  0] = -379.3381699303
E[  1] = -379.2547648672 | 2.2696 eV
E[  2] = -379.2355274994 | 2.7930 eV
E[  3] = -379.2328636927 | 2.8655 eV


CAS_SCF Dipole moment:

d[  0,  0] = { 1.181132e-08,-2.019566e-10,-5.203337e-10} |d| = 1.182450e-08
d[  0,  1] = {-1.320882e-07, 1.227158e+00, 4.330111e-09} |d| = 1.227158e+00
d[  0,  2] = {-1.317950e-07,-3.022679e-09, 3.459131e-08} |d| = 1.362924e-07
d[  0,  3] = { 3.208143e-01,-5.023511e-09, 5.498777e-08} |d| = 3.208143e-01

d[  1,  0] = {-1.320882e-07, 1.227158e+00, 4.330111e-09} |d| = 1.227158e+00
d[  1,  1] = {-8.295663e-08, 1.282362e-09, 3.514119e-08} |d| = 9.010189e-08
d[  1,  2] = {-1.675664e-07,-5.919972e-02, 2.532087e-08} |d| = 5.919972e-02
d[  1,  3] = {-3.072912e-07, 8.149288e-09,-4.497898e-02} |d| = 4.497898e-02

d[  2,  0] = {-1.317950e-07,-3.022679e-09, 3.459131e-08} |d| = 1.362924e-07
d[  2,  1] = {-1.675664e-07,-5.919972e-02, 2.532087e-08} |d| = 5.919972e-02
d[  2,  2] = {-1.005190e-07,-1.407623e-08,-3.046911e-08} |d| = 1.059744e-07
d[  2,  3] = { 1.971543e+00, 2.724785e-08,-1.954500e-08} |d| = 1.971543e+00

d[  3,  0] = { 3.208143e-01,-5.023511e-09, 5.498777e-08} |d| = 3.208143e-01
d[  3,  1] = {-3.072912e-07, 8.149289e-09,-4.497898e-02} |d| = 4.497898e-02
d[  3,  2] = { 1.971543e+00, 2.724785e-08,-1.954500e-08} |d| = 1.971543e+00
d[  3,  3] = { 2.966172e-07, 6.781542e-08, 1.699880e-09} |d| = 3.042755e-07




Writing CAS_SCF canonical orbitals:
visualization file: pBQ_CAS.out
data file         : pBQ_CAS.orb

Writing CAS_SCF natural orbitals:
visualization file: pBQ_CAS_NatOrb.out
data file         : pBQ_CAS_NatOrb.orb

_______________________________________________________________________


CAS_SCF:
Time to step -    0.80947
Full time    -  176.48479



_____________________Starting_DSRG_PT2_calculation_____________________

Number of states                  4
State multiplicity                2

Active space:
Number of alpha electrons         7
Number of beta  electrons         6
Number of active orbitals         10

Flow parameter s                  0.5
CCVV source                       normal
State averaging (sa)              on (ensemble reference)
Reference relaxation              once
_______________________________________________________________________


WARNING: orbital canonicalization (rotate) disabled - the CI backend does not support CI-vector rotation

DSRG-PT2 semicanonicalization: max |off-diagonal| Fock (C/A/V) = 3.093e-13
DSRG-PT2 RI orbital transformation:
Time to step -   16.28106
Full time    -  192.76586


=================== DSRG-PT2 energy summary (SA ensemble) ===================

  Flow parameter s                   =  0.500000
  Reference energy E0                = -379.265331497359
  CAS ensemble energy (SA average)   = -379.265331497382

  Correlation energy breakdown:
    [Fr, T1]                         = -0.009223078281
    [Fr, T2]                         =  0.009660569216
    [Vr, T1]                         =  0.008184251779
    [Vr, T2] L1                      = -1.216478377334
    [Vr, T2] L2                      =  0.110781626885
    [Vr, T2] L3                      =  0.007238699893
      DF CCVV                        = -0.417666866810
      DF CAVV                        = -0.313790197356
      DF CCAV                        = -0.033423063490

  Correlation energy E(2)            = -1.089836307842
  Total DSRG-PT2 energy              = -380.355167805201
============================================================================


===================== DSRG-PT2 relaxation (relax = once) =====================

  root  0 : E(dressed) = -380.422080286612   bare root =  0   |overlap| = 0.991845
  root  1 : E(dressed) = -380.345954957394   bare root =  1   |overlap| = 0.991613
  root  2 : E(dressed) = -380.342615262571   bare root =  2   |overlap| = 0.991624
  root  3 : E(dressed) = -380.339523676452   bare root =  3   |overlap| = 0.988906

  Relaxed SA average                 = -380.362543545757
============================================================================

DSRG-PT2:
Time to step -    6.09221
Full time    -  198.85807


Calculation finished at: 23:34 (EEST), 04 August 2026 (Tuesday).
