
NonOrtogonal quantum chemistry and Perturbation Theory
                  NOPT version 3.4.2


sQM - standart QM module.

Compilation options:
1) linear algebra package - OpenBLAS
2) non-parallel BLAS matrix multiplication in the OMP parallel cycles
3) build git commit 0541b3eef4a5

selected command  line options:
-i           lif_soscf.inp	 input file

Calculation started at: 12:39 (EEST), 29 September 2026 (Tuesday).

_______________________________________________________________________

Input file:

   0: $PAR NUM_THREADS=8 N_MOL=1 RHF=0 CAS=1 D5=1 RI=1 NAME=lif $PAREND
   1: $MOL
   2: _CHARGE=0;
   3: _BASIS=aug-cc-pvdz;
   4: _RI_BASIS=def2-universal-jkfit;
   5: _UNITS= ang;
   6: _xyz
   7: 3
   8: LiF R=3.50 ang
   9: Li  0.00000000  0.00000000  0.00000000
  10: F   0.00000000  0.00000000  3.50
  11: A   1.00000000  0.00000000  0.00000000
  12: $END
  13: $act_space n_alp=3 n_bet=3 n_val=12 mult=1 p_n=10 $end
  14: _MO INP=lif_RHF.orb
  15: $CAS n_s=3 w_state=all_1; cisolver=aldet maxit=400 dE=1e-12 grad=1e-6 converger=soscf $END
  16: $dav dr=1E-12 de=1E-10 $end
_______________________________________________________________________



_____________________________Input_summary_____________________________


Number of threads:  8

Job name: lif

Methods:
Restricted Hartree-Fock                          -     no 
Complete Active Space SCF                        -     yes
eXtended MultiConfiguration QuasiDegenerate PT   -     no 
Complete Degenerate Active Space PT              -     no 
Second order Moller-Plesset PT                   -     no 
State-specific DSRG-PT2                          -     no 
Settings:
D5                                               -     yes
Resolution of Identity                           -     yes
Spin-orbit                                       -     no 
Symmetry point group                             -     no(C1)
Printing:
dipole moment                                    -     yes
electron dispersion                              -     no 
quadrupole moment                                -     no 
Mulliken charges                                 -     no 
_______________________________________________________________________


Reading molecule:
-----------------------------------------------------------------------

WARNING: read_cl is blocked in the 3.0 version

                      units    = ang
                      charge   = 0
                      basis    = aug-cc-pvdz (library)
                      RI basis = def2-universal-jkfit (library)
                      included   lif_RHF.orb (orbitals)
_______________________________________________________________________

Molecule structure (a.u.):
 ________________________________________________________________________________________
| Atom |    C    |     X     |     Y     |     Z     |   n_ecp   |     q     |    type   |
| _____|_________|___________|___________|___________|___________|___________|___________|
|  Li  |     3   |     0.000 |     0.000 |     0.000 |           |           |    real   |
|  F   |     9   |     0.000 |     0.000 |     6.614 |           |           |    real   |
|  A   |         |     1.890 |     0.000 |     0.000 |           |           |    real   |
| _____|_________|___________|___________|___________|___________|___________|___________|

Molecule contains 12 electrons

C - nuclear charge (a.u.)
q - additional (partial) charge (a.u.)
n_ecp - number of electrons frozen by ECP
X,Y,Z - cartesian coordinates (Bohr)



 Basis set information:

 ____________________________________________________________________________________
|     Atom     |    L    |       alpha       |         c         |       c(lib)      |
|______________|_________|___________________|___________________|___________________|
|   Li(  0)    |         |                   |                   |                   |
|              |     0   |       1469.000000 |          0.129540 |          0.000766 |
|              |         |        220.500000 |          0.240287 |          0.005892 |
|              |         |         50.260000 |          0.399171 |          0.029671 |
|              |         |         14.240000 |          0.570408 |          0.109180 |
|              |         |          4.581000 |          0.631093 |          0.282789 |
|              |         |          1.580000 |          0.455113 |          0.453123 |
|              |         |          0.564000 |          0.127452 |          0.274774 |
|              |         |          0.073450 |          0.000981 |          0.009751 |
|              |         |          0.028050 |         -0.000155 |         -0.003180 |
|              |---------|-------------------|-------------------|-------------------|
|              |     0   |       1469.000000 |         -0.020294 |         -0.000120 |
|              |         |        220.500000 |         -0.037642 |         -0.000923 |
|              |         |         50.260000 |         -0.063082 |         -0.004689 |
|              |         |         14.240000 |         -0.092379 |         -0.017682 |
|              |         |          4.581000 |         -0.109133 |         -0.048902 |
|              |         |          1.580000 |         -0.096431 |         -0.096009 |
|              |         |          0.564000 |         -0.063259 |         -0.136380 |
|              |         |          0.073450 |          0.057829 |          0.575102 |
|              |         |          0.028050 |          0.025287 |          0.517661 |
|              |---------|-------------------|-------------------|-------------------|
|              |     0   |          0.028050 |          0.048849 |          1.000000 |
|              |---------|-------------------|-------------------|-------------------|
|              |     1   |          1.534000 |          0.055444 |          0.022784 |
|              |         |          0.274900 |          0.039469 |          0.139107 |
|              |         |          0.073620 |          0.027351 |          0.500375 |
|              |         |          0.024030 |          0.006857 |          0.508474 |
|              |---------|-------------------|-------------------|-------------------|
|              |     1   |          0.024030 |          0.013486 |          1.000000 |
|              |---------|-------------------|-------------------|-------------------|
|              |     2   |          0.114400 |          0.037039 |          1.000000 |
|              |---------|-------------------|-------------------|-------------------|
|              |     0   |          0.008600 |          0.020127 |          1.000000 |
|              |---------|-------------------|-------------------|-------------------|
|              |     1   |          0.005800 |          0.002282 |          1.000000 |
|              |---------|-------------------|-------------------|-------------------|
|              |     2   |          0.073300 |          0.016996 |          1.000000 |
|--------------|---------|-------------------|-------------------|-------------------|
|   F (  1)    |         |                   |                   |                   |
|              |     0   |      14710.000000 |          0.686054 |          0.000721 |
|              |         |       2207.000000 |          1.273776 |          0.005553 |
|              |         |        502.800000 |          2.138157 |          0.028267 |
|              |         |        142.600000 |          3.129135 |          0.106444 |
|              |         |         46.470000 |          3.636582 |          0.286814 |
|              |         |         16.700000 |          2.640279 |          0.448641 |
|              |         |          6.356000 |          0.755015 |          0.264761 |
|              |         |          1.316000 |          0.013421 |          0.015333 |
|              |---------|-------------------|-------------------|-------------------|
|              |     0   |      14710.000000 |         -0.305764 |         -0.000165 |
|              |         |       2207.000000 |         -0.584323 |         -0.001308 |
|              |         |        502.800000 |         -0.956795 |         -0.006495 |
|              |         |        142.600000 |         -1.528086 |         -0.026691 |
|              |         |         46.470000 |         -1.819623 |         -0.073690 |
|              |         |         16.700000 |         -1.957301 |         -0.170776 |
|              |         |          6.356000 |         -0.623829 |         -0.112327 |
|              |         |          1.316000 |          0.959401 |          0.562814 |
|              |---------|-------------------|-------------------|-------------------|
|              |     0   |          0.389700 |          0.351526 |          1.000000 |
|              |---------|-------------------|-------------------|-------------------|
|              |     1   |         22.670000 |          4.571487 |          0.044878 |
|              |         |          4.977000 |          3.608377 |          0.235718 |
|              |         |          1.347000 |          1.519595 |          0.508521 |
|              |---------|-------------------|-------------------|-------------------|
|              |     1   |          0.347100 |          0.379759 |          1.000000 |
|              |---------|-------------------|-------------------|-------------------|
|              |     2   |          1.640000 |          3.911886 |          1.000000 |
|              |---------|-------------------|-------------------|-------------------|
|              |     0   |          0.098630 |          0.125434 |          1.000000 |
|              |---------|-------------------|-------------------|-------------------|
|              |     1   |          0.085020 |          0.065440 |          1.000000 |
|              |---------|-------------------|-------------------|-------------------|
|              |     2   |          0.464000 |          0.429354 |          1.000000 |
|--------------|---------|-------------------|-------------------|-------------------|
|   A (  2)    |         |                   |                   |                   |
|______________|_________|___________________|___________________|___________________|



 RI basis set information:

 ____________________________________________________________________________________
|     Atom     |    L    |       alpha       |         c         |       c(lib)      |
|______________|_________|___________________|___________________|___________________|
|   Li(  0)    |         |                   |                   |                   |
|              |     0   |        188.569986 |          1.614709 |          0.059285 |
|              |         |         57.062031 |          2.029192 |          0.182607 |
|              |         |         19.061046 |          2.422667 |          0.496180 |
|              |         |          6.997162 |          1.692800 |          0.735139 |
|              |---------|-------------------|-------------------|-------------------|
|              |     0   |          2.803303 |          1.544054 |          0.420138 |
|              |---------|-------------------|-------------------|-------------------|
|              |     0   |          1.213845 |          0.824200 |          1.000000 |
|              |---------|-------------------|-------------------|-------------------|
|              |     0   |          0.560847 |          0.461895 |          1.000000 |
|              |---------|-------------------|-------------------|-------------------|
|              |     0   |          0.272172 |          0.268561 |          1.000000 |
|              |---------|-------------------|-------------------|-------------------|
|              |     0   |          0.136192 |          0.159781 |          1.000000 |
|              |---------|-------------------|-------------------|-------------------|
|              |     0   |          0.068864 |          0.095808 |          1.000000 |
|              |---------|-------------------|-------------------|-------------------|
|              |     1   |          9.081682 |          5.132538 |          0.310004 |
|              |         |          3.421221 |          2.741170 |          0.560987 |
|              |         |          1.415201 |          1.064648 |          0.656790 |
|              |---------|-------------------|-------------------|-------------------|
|              |     1   |          0.633733 |          0.805977 |          0.391148 |
|              |---------|-------------------|-------------------|-------------------|
|              |     1   |          0.301572 |         -0.318551 |         -0.069432 |
|              |---------|-------------------|-------------------|-------------------|
|              |     1   |          0.149114 |          0.132080 |          1.000000 |
|              |---------|-------------------|-------------------|-------------------|
|              |     1   |          0.074703 |          0.055669 |          1.000000 |
|              |---------|-------------------|-------------------|-------------------|
|              |     2   |          1.365060 |          1.462566 |          0.643261 |
|              |         |          0.676665 |          0.445219 |          0.668662 |
|              |---------|-------------------|-------------------|-------------------|
|              |     2   |          0.338818 |         -0.247657 |         -0.215627 |
|              |---------|-------------------|-------------------|-------------------|
|              |     2   |          0.170226 |          0.074251 |          0.252295 |
|              |---------|-------------------|-------------------|-------------------|
|              |     3   |          0.605901 |          0.476824 |          1.000000 |
|              |---------|-------------------|-------------------|-------------------|
|              |     3   |          0.173115 |          0.028458 |          1.000000 |
|--------------|---------|-------------------|-------------------|-------------------|
|   F (  1)    |         |                   |                   |                   |
|              |     0   |        858.409866 |         10.001215 |          0.157245 |
|              |         |        329.085412 |          6.944412 |          0.224104 |
|              |         |        134.268325 |          9.469693 |          0.598620 |
|              |         |         58.197053 |          5.458349 |          0.645924 |
|              |         |         26.732571 |          1.822999 |          0.386636 |
|              |---------|-------------------|-------------------|-------------------|
|              |     0   |         12.973305 |          4.871897 |          1.000000 |
|              |---------|-------------------|-------------------|-------------------|
|              |     0   |          6.626289 |          2.943492 |          1.000000 |
|              |---------|-------------------|-------------------|-------------------|
|              |     0   |          3.545703 |          1.841564 |          1.000000 |
|              |---------|-------------------|-------------------|-------------------|
|              |     0   |          1.976988 |          1.188265 |          1.000000 |
|              |---------|-------------------|-------------------|-------------------|
|              |     0   |          1.141547 |          0.787101 |          1.000000 |
|              |---------|-------------------|-------------------|-------------------|
|              |     0   |          0.677915 |          0.532465 |          1.000000 |
|              |---------|-------------------|-------------------|-------------------|
|              |     0   |          0.410940 |          0.365800 |          1.000000 |
|              |---------|-------------------|-------------------|-------------------|
|              |     0   |          0.252247 |          0.253676 |          1.000000 |
|              |---------|-------------------|-------------------|-------------------|
|              |     0   |          0.155490 |          0.176476 |          1.000000 |
|              |---------|-------------------|-------------------|-------------------|
|              |     1   |        146.433080 |        132.679007 |          0.231539 |
|              |         |         49.907475 |         68.522028 |          0.459191 |
|              |         |         24.555016 |         43.454251 |          0.706687 |
|              |---------|-------------------|-------------------|-------------------|
|              |     1   |         10.579579 |         27.197287 |          0.485929 |
|              |---------|-------------------|-------------------|-------------------|
|              |     1   |          5.428007 |         11.809748 |          1.000000 |
|              |---------|-------------------|-------------------|-------------------|
|              |     1   |          2.907940 |          5.412799 |          1.000000 |
|              |---------|-------------------|-------------------|-------------------|
|              |     1   |          1.455083 |          2.277980 |          1.000000 |
|              |---------|-------------------|-------------------|-------------------|
|              |     1   |          0.731524 |          0.964330 |          1.000000 |
|              |---------|-------------------|-------------------|-------------------|
|              |     1   |          0.368805 |          0.409672 |          1.000000 |
|              |---------|-------------------|-------------------|-------------------|
|              |     1   |          0.186112 |          0.174244 |          1.000000 |
|              |---------|-------------------|-------------------|-------------------|
|              |     2   |         42.931821 |         89.870150 |          0.094533 |
|              |         |         16.655136 |         66.114721 |          0.364686 |
|              |         |          6.461257 |         32.024716 |          0.926319 |
|              |---------|-------------------|-------------------|-------------------|
|              |     2   |          2.506605 |          8.218825 |          1.000000 |
|              |---------|-------------------|-------------------|-------------------|
|              |     2   |          0.972422 |          1.567311 |          1.000000 |
|              |---------|-------------------|-------------------|-------------------|
|              |     2   |          0.377245 |          0.298883 |          1.000000 |
|              |---------|-------------------|-------------------|-------------------|
|              |     3   |          3.474989 |         24.271669 |          0.702477 |
|              |---------|-------------------|-------------------|-------------------|
|              |     3   |          1.219481 |          2.300639 |          0.711707 |
|              |---------|-------------------|-------------------|-------------------|
|              |     4   |          2.045909 |          7.968432 |          1.000000 |
|--------------|---------|-------------------|-------------------|-------------------|
|   A (  2)    |         |                   |                   |                   |
|______________|_________|___________________|___________________|___________________|



 Pseudopotential information:

 ________________________________________________________________ 





Calculation of 1-el matrices:
Time to step -    0.17050
Full time    -    0.17050



______________________Starting_CASSCF_calculations_____________________

Number of states                  3
State multiplicity                1 (singlet)

Active space:
Number of alpha electrons         3
Number of beta  electrons         3
Number of active orbitals         12

Number of core orbitals:          3

Preparation of virtual orbitals:  yes
State tracking:                   no 
State averaging:
Weights:	all equal to 1

SCF settings:
Energy convergence:               1.000000e-12
Orbital gradient convergence:     1.000000e-06
Rotation matrix convergence :     1.000000e-07
Maximum number of iterations:     400
Maximum SOSCF step          :     1.000000e-01

CI solver:                        determinant CI (aldet)
Davidson diagonalization settings:
Number of correlation vectors:    10
Number of basis functions:        300
Maximum number of iterations:     250
Energy convergence:               1.000000e-10
Residue convergence:              1.000000e-12
Orthogonality cut-off:            1.000000e-08
Energy denominator shift:         3.000000e-02
Sparsed multiplication:           no

_______________________________________________________________________




RI integrals calculation:
Time to step -    0.00452
Full time    -    0.17501


____________________Starting_Davidson_diagonalization__________________


Step 0
_________________________________________________
  n | E                 | dE         | norm(r)   |
____|___________________|____________|___________|
  0 |   -106.7702267861 | -1.068e+02 | 4.567e-04 |
  1 |   -106.7582530505 | -1.068e+02 | 5.854e-04 |
  2 |   -106.7289773070 | -1.067e+02 | 5.062e-04 |
____|___________________|____________|___________|
number of corr vectors=301
0 roots converged at step 0
maximum deviation from symmetric form - 1.479614e-12


Step 1
_________________________________________________
  n | E                 | dE         | norm(r)   |
____|___________________|____________|___________|
  0 |   -106.7705927386 | -3.660e-04 | 6.147e-06 |
  1 |   -106.7586065408 | -3.535e-04 | 8.927e-06 |
  2 |   -106.7292713266 | -2.940e-04 | 5.414e-06 |
____|___________________|____________|___________|
number of corr vectors=307
0 roots converged at step 1
maximum deviation from symmetric form - 2.000130e-11


Step 2
_________________________________________________
  n | E                 | dE         | norm(r)   |
____|___________________|____________|___________|
  0 |   -106.7705959170 | -3.178e-06 | 9.861e-08 |
  1 |   -106.7586104802 | -3.939e-06 | 1.518e-07 |
  2 |   -106.7292734005 | -2.074e-06 | 6.477e-08 |
____|___________________|____________|___________|
number of corr vectors=310
0 roots converged at step 2
maximum deviation from symmetric form - 1.474704e-10


Step 3
_________________________________________________
  n | E                 | dE         | norm(r)   |
____|___________________|____________|___________|
  0 |   -106.7705959612 | -4.418e-08 | 2.308e-09 |
  1 |   -106.7586105424 | -6.212e-08 | 3.894e-09 |
  2 |   -106.7292734218 | -2.133e-08 | 1.249e-09 |
____|___________________|____________|___________|
number of corr vectors=307
0 roots converged at step 3
maximum deviation from symmetric form - 2.578513e-09


Step 4
_________________________________________________
  n | E                 | dE         | norm(r)   |
____|___________________|____________|___________|
  0 |   -106.7705959624 | -1.201e-09 | 1.343e-11 |
  1 |   -106.7586105441 | -1.784e-09 | 3.480e-11 |
  2 |   -106.7292734223 | -4.318e-10 | 8.581e-12 |
____|___________________|____________|___________|
number of corr vectors=310
0 roots converged at step 4
maximum deviation from symmetric form - 1.668133e-08


Step 5
_________________________________________________
  n | E                 | dE         | norm(r)   |
____|___________________|____________|___________|
  0 |   -106.7705959624 | -1.687e-11 | 3.343e-13 |
  1 |   -106.7586105442 | -9.220e-11 | 8.531e-13 |
  2 |   -106.7292734222 |  7.721e-11 | 1.740e-13 |
____|___________________|____________|___________|
number of corr vectors=307
3 roots converged at step 5


CAS_CI WaveFunctions:

State 0  E  =    -106.7705959624 S^2 = 0.00:
-5.8623449117e-01  | 111000000000 | 101100000000
-5.8623449117e-01  | 101100000000 | 111000000000
 3.1590229655e-01  | 111000000000 | 111000000000
 1.9458240887e-01  | 111000000000 | 101010000000
 1.9458240887e-01  | 101010000000 | 111000000000
-1.5384949266e-01  | 111000000000 | 101000001000
-1.5384949266e-01  | 101000001000 | 111000000000
-1.1908237510e-01  | 111000000000 | 101000000001
-1.1908237510e-01  | 101000000001 | 111000000000
-1.1064294337e-01  | 111000000000 | 011000000010
State 1  E  =    -106.7586105442 S^2 = 0.00:
 6.0613601055e-01  | 111000000000 | 011100000000
 6.0613601055e-01  | 011100000000 | 111000000000
 2.5840673915e-01  | 011000001000 | 111000000000
 2.5840673915e-01  | 111000000000 | 011000001000
-2.4590309979e-01  | 011010000000 | 111000000000
-2.4590309979e-01  | 111000000000 | 011010000000
 4.3568432733e-02  | 001100000001 | 111000000000
 4.3568432733e-02  | 111000000000 | 001100000001
-3.4852658456e-02  | 101000000001 | 011100000000
-3.4852658456e-02  | 011100000000 | 101000000001
State 2  E  =    -106.7292734222 S^2 = 0.00:
 5.9961199559e-01  | 111000000000 | 110100000000
 5.9961199559e-01  | 110100000000 | 111000000000
 2.6264978323e-01  | 110000001000 | 111000000000
 2.6264978323e-01  | 111000000000 | 110000001000
-2.4798026006e-01  | 111000000000 | 110010000000
-2.4798026006e-01  | 110010000000 | 111000000000
-5.5126785426e-02  | 111000000000 | 100100000001
-5.5126785426e-02  | 100100000001 | 111000000000
-4.6264508002e-02  | 101000000001 | 110100000000
-4.6264508002e-02  | 110100000000 | 101000000001


Davidson diagonalization:
Time to step -    0.29344
Full time    -    0.46846
_______________________________________________________________________
Primary CI and calculation canonical orbitals:
Time to step -    0.00709
Full time    -    0.47555


CAS_SCF density averaging:
__________________________________________
 State| E                 | S^2  | weight |
______|___________________|______|________|
    0 |   -106.7705959624 | 0.00 | 1.00   |
    1 |   -106.7586105442 | 0.00 | 1.00   |
    2 |   -106.7292734222 | 0.00 | 1.00   |
______|___________________|______|________|

Start CAS_SCF iterations
______________________________________________________________________
  N | E                 | dE         | LAG.ASYM. | ROT.STEP  | N_dav |
____|___________________|____________|___________|___________|_______|
  0 |   -106.7528266430 | -1.068e+02 | 4.681e-01 | 1.000e+00 |   5   |
 SOSCF is scaling rotation angle matrix Xmax=1.45827e+00                         |
  1 |   -106.7711242882 | -1.830e-02 | 4.141e-01 | 1.000e-01 |   5   |
 SOSCF is scaling rotation angle matrix Xmax=7.73654e-01                         |
  2 |   -106.7942376647 | -2.311e-02 | 3.392e-01 | 1.000e-01 |   5   |
 SOSCF is scaling rotation angle matrix Xmax=5.53040e+00                         |
  3 |   -106.8071999783 | -1.296e-02 | 3.023e-01 | 1.000e-01 |   6   |
 SOSCF is scaling rotation angle matrix Xmax=4.26281e+00                         |
  4 |   -106.8173266373 | -1.013e-02 | 2.751e-01 | 1.000e-01 |   6   |
 SOSCF is scaling rotation angle matrix Xmax=5.94001e+00                         |
  5 |   -106.8269813036 | -9.655e-03 | 2.496e-01 | 1.000e-01 |   6   |
 SOSCF is scaling rotation angle matrix Xmax=4.11622e+00                         |
  6 |   -106.8349353704 | -7.954e-03 | 2.283e-01 | 1.000e-01 |   6   |
 SOSCF is scaling rotation angle matrix Xmax=2.04695e+00                         |
  7 |   -106.8420993530 | -7.164e-03 | 2.061e-01 | 1.000e-01 |   6   |
 SOSCF is scaling rotation angle matrix Xmax=1.35107e+00                         |
  8 |   -106.8488763570 | -6.777e-03 | 1.816e-01 | 1.000e-01 |   6   |
 SOSCF is scaling rotation angle matrix Xmax=1.09320e+00                         |
  9 |   -106.8553351113 | -6.459e-03 | 1.552e-01 | 1.000e-01 |   6   |
 SOSCF is scaling rotation angle matrix Xmax=9.68301e-01                         |
 10 |   -106.8613333659 | -5.998e-03 | 1.285e-01 | 1.000e-01 |   6   |
 SOSCF is scaling rotation angle matrix Xmax=8.64587e-01                         |
 11 |   -106.8667797964 | -5.446e-03 | 1.024e-01 | 1.000e-01 |   7   |
 SOSCF is scaling rotation angle matrix Xmax=7.25757e-01                         |
 12 |   -106.8715583807 | -4.779e-03 | 7.746e-02 | 1.000e-01 |   6   |
 SOSCF is scaling rotation angle matrix Xmax=5.46332e-01                         |
 13 |   -106.8756219475 | -4.064e-03 | 5.298e-02 | 1.000e-01 |   6   |
 SOSCF is scaling rotation angle matrix Xmax=4.12540e-01                         |
 14 |   -106.8785854475 | -2.963e-03 | 3.129e-02 | 1.000e-01 |   6   |
 SOSCF is scaling rotation angle matrix Xmax=3.14202e-01                         |
 15 |   -106.8805573144 | -1.972e-03 | 1.772e-02 | 1.000e-01 |   6   |
 SOSCF is scaling rotation angle matrix Xmax=2.38869e-01                         |
 16 |   -106.8818140682 | -1.257e-03 | 1.342e-02 | 1.000e-01 |   6   |
 SOSCF is scaling rotation angle matrix Xmax=2.00806e-01                         |
 17 |   -106.8825633926 | -7.493e-04 | 1.752e-02 | 1.000e-01 |   6   |
 SOSCF is scaling rotation angle matrix Xmax=1.75457e-01                         |
 18 |   -106.8830988241 | -5.354e-04 | 2.728e-02 | 1.000e-01 |   6   |
 SOSCF is scaling rotation angle matrix Xmax=1.44745e-01                         |
 19 |   -106.8836341641 | -5.353e-04 | 3.162e-02 | 1.000e-01 |   6   |
 SOSCF is scaling rotation angle matrix Xmax=2.74236e-01                         |
 20 |   -106.8841752927 | -5.411e-04 | 3.160e-02 | 1.000e-01 |   6   |
 SOSCF is scaling rotation angle matrix Xmax=3.90472e-01                         |
 21 |   -106.8846860615 | -5.108e-04 | 2.949e-02 | 1.000e-01 |   6   |
 SOSCF is scaling rotation angle matrix Xmax=3.68317e-01                         |
 22 |   -106.8851457271 | -4.597e-04 | 2.548e-02 | 1.000e-01 |   6   |
 SOSCF is scaling rotation angle matrix Xmax=2.90815e-01                         |
 23 |   -106.8855128368 | -3.671e-04 | 2.041e-02 | 1.000e-01 |   6   |
 SOSCF is scaling rotation angle matrix Xmax=2.06040e-01                         |
 24 |   -106.8857636318 | -2.508e-04 | 1.555e-02 | 1.000e-01 |   6   |
 SOSCF is scaling rotation angle matrix Xmax=1.37017e-01                         |
 25 |   -106.8858725882 | -1.090e-04 | 1.846e-02 | 1.000e-01 |   6   |
 26 |   -106.8858624841 |  1.010e-05 | 1.646e-02 | 7.271e-02 |   5   |
 27 |   -106.8860750106 | -2.125e-04 | 5.824e-03 | 4.943e-02 |   5   |
 28 |   -106.8861316055 | -5.659e-05 | 9.023e-03 | 2.923e-02 |   5   |
 29 |   -106.8861974793 | -6.587e-05 | 4.127e-03 | 4.447e-02 |   5   |
 30 |   -106.8862508044 | -5.333e-05 | 4.653e-03 | 2.733e-02 |   5   |
 31 |   -106.8863122306 | -6.143e-05 | 4.596e-03 | 5.222e-02 |   5   |
 32 |   -106.8863320314 | -1.980e-05 | 4.623e-03 | 2.087e-02 |   5   |
 33 |   -106.8863486531 | -1.662e-05 | 1.683e-03 | 9.183e-03 |   5   |
 34 |   -106.8863719639 | -2.331e-05 | 3.601e-03 | 1.670e-02 |   5   |
 35 |   -106.8864123047 | -4.034e-05 | 5.058e-03 | 3.255e-02 |   6   |
 36 |   -106.8864806911 | -6.839e-05 | 5.831e-03 | 6.257e-02 |   6   |
 37 |   -106.8865643036 | -8.361e-05 | 5.881e-03 | 6.169e-02 |   6   |
 38 |   -106.8866753723 | -1.111e-04 | 5.319e-03 | 5.156e-02 |   5   |
 39 |   -106.8867661922 | -9.082e-05 | 9.264e-03 | 4.351e-02 |   5   |
 40 |   -106.8868376386 | -7.145e-05 | 4.961e-03 | 3.143e-02 |   5   |
 41 |   -106.8869469024 | -1.093e-04 | 6.372e-03 | 4.675e-02 |   5   |
 42 |   -106.8870827742 | -1.359e-04 | 5.890e-03 | 7.076e-02 |   6   |
 43 |   -106.8871576288 | -7.485e-05 | 7.505e-03 | 4.259e-02 |   7   |
 44 |   -106.8872074146 | -4.979e-05 | 5.321e-03 | 2.278e-02 |   6   |
 45 |   -106.8872468619 | -3.945e-05 | 5.920e-03 | 1.079e-02 |   5   |
 46 |   -106.8872967368 | -4.987e-05 | 3.803e-03 | 1.580e-02 |   5   |
 47 |   -106.8873882084 | -9.147e-05 | 4.816e-03 | 4.471e-02 |   6   |
 48 |   -106.8874755594 | -8.735e-05 | 5.867e-03 | 6.080e-02 |   6   |
 49 |   -106.8875319028 | -5.634e-05 | 7.606e-03 | 5.446e-02 |   8   |
 50 |   -106.8875770691 | -4.517e-05 | 7.529e-03 | 2.734e-02 |   8   |
 51 |   -106.8876233738 | -4.630e-05 | 5.591e-03 | 2.001e-02 |   6   |
 52 |   -106.8876961556 | -7.278e-05 | 4.615e-03 | 2.807e-02 |   6   |
 53 |   -106.8878380888 | -1.419e-04 | 1.135e-02 | 5.821e-02 |   7   |
 SOSCF is scaling rotation angle matrix Xmax=1.11414e-01                         |
 54 |   -106.8880444090 | -2.063e-04 | 8.021e-03 | 1.000e-01 |   9   |
 SOSCF is scaling rotation angle matrix Xmax=1.47240e-01                         |
 55 |   -106.8882564564 | -2.120e-04 | 1.576e-02 | 1.000e-01 |   9   |
 SOSCF is scaling rotation angle matrix Xmax=1.67211e-01                         |
 56 |   -106.8885415207 | -2.851e-04 | 1.287e-02 | 1.000e-01 |   9   |
 SOSCF is scaling rotation angle matrix Xmax=1.79342e-01                         |
 57 |   -106.8889497078 | -4.082e-04 | 9.350e-03 | 1.000e-01 |   9   |
 SOSCF is scaling rotation angle matrix Xmax=2.18264e-01                         |
 58 |   -106.8895435788 | -5.939e-04 | 1.482e-02 | 1.000e-01 |  10   |
 SOSCF is scaling rotation angle matrix Xmax=3.88854e-01                         |
 59 |   -106.8902044539 | -6.609e-04 | 2.203e-02 | 1.000e-01 |  10   |
 SOSCF is scaling rotation angle matrix Xmax=7.23793e-01                         |
 60 |   -106.8908986830 | -6.942e-04 | 2.682e-02 | 1.000e-01 |  10   |
 SOSCF is scaling rotation angle matrix Xmax=5.63193e-01                         |
 61 |   -106.8917245982 | -8.259e-04 | 3.115e-02 | 1.000e-01 |  11   |
 SOSCF is scaling rotation angle matrix Xmax=3.87858e-01                         |
 62 |   -106.8926289540 | -9.044e-04 | 3.172e-02 | 1.000e-01 |  11   |
 SOSCF is scaling rotation angle matrix Xmax=3.45266e-01                         |
 63 |   -106.8937539820 | -1.125e-03 | 3.628e-02 | 1.000e-01 |  10   |
 SOSCF is scaling rotation angle matrix Xmax=4.60959e-01                         |
 64 |   -106.8947809627 | -1.027e-03 | 4.170e-02 | 1.000e-01 |  11   |
 SOSCF is scaling rotation angle matrix Xmax=1.98908e-01                         |
 65 |   -106.8965761173 | -1.795e-03 | 4.480e-02 | 1.000e-01 |  10   |
 SOSCF is scaling rotation angle matrix Xmax=1.70932e-01                         |
 66 |   -106.8984521232 | -1.876e-03 | 4.090e-02 | 1.000e-01 |  12   |
 SOSCF is scaling rotation angle matrix Xmax=1.90334e-01                         |
 67 |   -106.9002394681 | -1.787e-03 | 3.736e-02 | 1.000e-01 |   9   |
 SOSCF is scaling rotation angle matrix Xmax=1.99270e-01                         |
 68 |   -106.9017856933 | -1.546e-03 | 2.424e-02 | 1.000e-01 |  12   |
 SOSCF is scaling rotation angle matrix Xmax=1.97468e-01                         |
 69 |   -106.9029730821 | -1.187e-03 | 1.991e-02 | 1.000e-01 |   8   |
 SOSCF is scaling rotation angle matrix Xmax=1.22223e-01                         |
 70 |   -106.9039887142 | -1.016e-03 | 1.604e-02 | 1.000e-01 |  11   |
 71 |   -106.9047533458 | -7.646e-04 | 1.457e-02 | 6.416e-02 |  10   |
 72 |   -106.9052415870 | -4.882e-04 | 1.342e-02 | 4.573e-02 |  10   |
 73 |   -106.9054103445 | -1.688e-04 | 7.762e-03 | 3.230e-02 |  11   |
 74 |   -106.9055097530 | -9.941e-05 | 5.147e-03 | 1.761e-02 |   8   |
 75 |   -106.9055599515 | -5.020e-05 | 3.651e-03 | 1.607e-02 |   7   |
 76 |   -106.9055824189 | -2.247e-05 | 2.119e-03 | 1.174e-02 |   8   |
 77 |   -106.9055970402 | -1.462e-05 | 1.618e-03 | 8.798e-03 |   6   |
 78 |   -106.9056122171 | -1.518e-05 | 1.681e-03 | 6.806e-03 |   6   |
 79 |   -106.9056354671 | -2.325e-05 | 3.248e-03 | 1.338e-02 |   6   |
 80 |   -106.9056597997 | -2.433e-05 | 2.346e-03 | 1.961e-02 |   9   |
 81 |   -106.9056859903 | -2.619e-05 | 3.566e-03 | 1.989e-02 |   6   |
 82 |   -106.9057230902 | -3.710e-05 | 3.458e-03 | 3.128e-02 |   7   |
 83 |   -106.9057701386 | -4.705e-05 | 3.871e-03 | 4.315e-02 |   7   |
 84 |   -106.9058379479 | -6.781e-05 | 5.146e-03 | 5.866e-02 |  10   |
 85 |   -106.9059480409 | -1.101e-04 | 7.623e-03 | 8.867e-02 |   7   |
 86 |   -106.9061193916 | -1.714e-04 | 1.004e-02 | 8.425e-02 |   9   |
 87 |   -106.9063892770 | -2.699e-04 | 8.898e-03 | 6.783e-02 |   8   |
 88 |   -106.9066938878 | -3.046e-04 | 7.610e-03 | 8.137e-02 |   8   |
 89 |   -106.9070408305 | -3.469e-04 | 7.729e-03 | 6.683e-02 |  12   |
 90 |   -106.9074463975 | -4.056e-04 | 1.043e-02 | 9.574e-02 |  11   |
 SOSCF is scaling rotation angle matrix Xmax=1.21402e-01                         |
 91 |   -106.9079954887 | -5.491e-04 | 1.225e-02 | 1.000e-01 |  14   |
 SOSCF is scaling rotation angle matrix Xmax=2.33421e-01                         |
 92 |   -106.9085309540 | -5.355e-04 | 1.345e-02 | 1.000e-01 |  11   |
 SOSCF is scaling rotation angle matrix Xmax=2.99731e-01                         |
 93 |   -106.9092922513 | -7.613e-04 | 1.615e-02 | 1.000e-01 |  11   |
 SOSCF is scaling rotation angle matrix Xmax=5.08179e-01                         |
 94 |   -106.9098328965 | -5.406e-04 | 1.528e-02 | 1.000e-01 |  11   |
 SOSCF is scaling rotation angle matrix Xmax=3.06639e-01                         |
 95 |   -106.9106874629 | -8.546e-04 | 1.864e-02 | 1.000e-01 |  10   |
 SOSCF is scaling rotation angle matrix Xmax=2.83485e-01                         |
 96 |   -106.9114420748 | -7.546e-04 | 1.929e-02 | 1.000e-01 |  11   |
 SOSCF is scaling rotation angle matrix Xmax=2.01459e-01                         |
 97 |   -106.9123275613 | -8.855e-04 | 2.035e-02 | 1.000e-01 |  12   |
 SOSCF is scaling rotation angle matrix Xmax=1.10364e-01                         |
 98 |   -106.9131388406 | -8.113e-04 | 1.755e-02 | 1.000e-01 |  13   |
 99 |   -106.9133588974 | -2.201e-04 | 2.536e-02 | 7.945e-02 |  13   |
100 |   -106.9142251681 | -8.663e-04 | 7.875e-03 | 5.309e-02 |  13   |
101 |   -106.9146780014 | -4.528e-04 | 7.411e-03 | 4.192e-02 |  10   |
102 |   -106.9150776596 | -3.997e-04 | 1.359e-02 | 5.946e-02 |  11   |
103 |   -106.9153108499 | -2.332e-04 | 9.667e-03 | 5.746e-02 |  10   |
104 |   -106.9154846119 | -1.738e-04 | 5.314e-03 | 3.641e-02 |   7   |
105 |   -106.9156104525 | -1.258e-04 | 8.112e-03 | 1.508e-02 |   7   |
106 |   -106.9157139836 | -1.035e-04 | 5.362e-03 | 1.465e-02 |  10   |
107 |   -106.9158031307 | -8.915e-05 | 5.997e-03 | 2.086e-02 |   6   |
108 |   -106.9158868785 | -8.375e-05 | 3.691e-03 | 2.016e-02 |   7   |
109 |   -106.9159361539 | -4.928e-05 | 5.415e-03 | 1.903e-02 |   8   |
110 |   -106.9159610406 | -2.489e-05 | 4.546e-03 | 1.092e-02 |   8   |
111 |   -106.9159819322 | -2.089e-05 | 2.328e-03 | 5.727e-03 |   6   |
112 |   -106.9159903485 | -8.416e-06 | 2.031e-03 | 3.292e-03 |   8   |
113 |   -106.9159962524 | -5.904e-06 | 1.163e-03 | 3.482e-03 |   4   |
114 |   -106.9160012715 | -5.019e-06 | 1.117e-03 | 4.775e-03 |   5   |
115 |   -106.9160047748 | -3.503e-06 | 1.000e-03 | 4.418e-03 |   5   |
116 |   -106.9160083800 | -3.605e-06 | 1.082e-03 | 3.548e-03 |   8   |
117 |   -106.9160122725 | -3.893e-06 | 1.034e-03 | 4.148e-03 |   5   |
118 |   -106.9160154298 | -3.157e-06 | 7.498e-04 | 2.986e-03 |   7   |
119 |   -106.9160198914 | -4.462e-06 | 7.174e-04 | 5.465e-03 |   6   |
120 |   -106.9160237591 | -3.868e-06 | 1.017e-03 | 7.419e-03 |   7   |
121 |   -106.9160261812 | -2.422e-06 | 7.304e-04 | 5.023e-03 |   4   |
122 |   -106.9160280445 | -1.863e-06 | 9.705e-04 | 4.457e-03 |   4   |
123 |   -106.9160293504 | -1.306e-06 | 6.979e-04 | 2.376e-03 |   4   |
124 |   -106.9160301886 | -8.383e-07 | 5.499e-04 | 1.543e-03 |   5   |
125 |   -106.9160307759 | -5.873e-07 | 5.943e-04 | 1.674e-03 |   4   |
126 |   -106.9160313433 | -5.674e-07 | 5.254e-04 | 1.373e-03 |   5   |
127 |   -106.9160319833 | -6.400e-07 | 5.167e-04 | 1.366e-03 |   5   |
128 |   -106.9160325784 | -5.951e-07 | 3.437e-04 | 1.600e-03 |   3   |
129 |   -106.9160331713 | -5.929e-07 | 4.488e-04 | 2.916e-03 |   6   |
130 |   -106.9160335908 | -4.195e-07 | 4.653e-04 | 2.087e-03 |   5   |
131 |   -106.9160340884 | -4.977e-07 | 3.631e-04 | 1.698e-03 |   3   |
132 |   -106.9160345495 | -4.611e-07 | 3.423e-04 | 1.764e-03 |   3   |
133 |   -106.9160348632 | -3.137e-07 | 5.048e-04 | 1.816e-03 |   3   |
134 |   -106.9160351692 | -3.059e-07 | 4.494e-04 | 1.928e-03 |   3   |
135 |   -106.9160354780 | -3.088e-07 | 4.026e-04 | 1.706e-03 |   3   |
136 |   -106.9160357310 | -2.530e-07 | 4.458e-04 | 1.247e-03 |   4   |
137 |   -106.9160359276 | -1.967e-07 | 4.489e-04 | 9.448e-04 |   3   |
138 |   -106.9160360647 | -1.371e-07 | 2.780e-04 | 8.301e-04 |   3   |
139 |   -106.9160361755 | -1.108e-07 | 1.958e-04 | 6.369e-04 |   3   |
140 |   -106.9160362353 | -5.974e-08 | 1.422e-04 | 4.572e-04 |   3   |
141 |   -106.9160362804 | -4.515e-08 | 1.126e-04 | 5.078e-04 |   2   |
142 |   -106.9160363146 | -3.416e-08 | 1.525e-04 | 4.310e-04 |   2   |
143 |   -106.9160363501 | -3.553e-08 | 1.074e-04 | 3.823e-04 |   2   |
144 |   -106.9160363761 | -2.604e-08 | 1.115e-04 | 5.119e-04 |   2   |
145 |   -106.9160363901 | -1.401e-08 | 9.192e-05 | 2.914e-04 |   2   |
146 |   -106.9160364024 | -1.227e-08 | 9.244e-05 | 2.449e-04 |   2   |
147 |   -106.9160364144 | -1.203e-08 | 6.266e-05 | 2.218e-04 |   2   |
148 |   -106.9160364220 | -7.531e-09 | 9.890e-05 | 2.225e-04 |   2   |
149 |   -106.9160364318 | -9.851e-09 | 5.165e-05 | 9.074e-05 |   2   |
150 |   -106.9160364365 | -4.705e-09 | 5.431e-05 | 1.173e-04 |   2   |
151 |   -106.9160364394 | -2.867e-09 | 2.790e-05 | 9.767e-05 |   2   |
152 |   -106.9160364412 | -1.813e-09 | 3.138e-05 | 1.157e-04 |   2   |
153 |   -106.9160364424 | -1.155e-09 | 1.514e-05 | 6.389e-05 |   1   |
154 |   -106.9160364433 | -8.964e-10 | 2.825e-05 | 5.970e-05 |   1   |
155 |   -106.9160364438 | -5.726e-10 | 1.098e-05 | 5.101e-05 |   1   |
156 |   -106.9160364443 | -5.140e-10 | 9.696e-06 | 5.315e-05 |   1   |
157 |   -106.9160364449 | -5.375e-10 | 1.468e-05 | 6.056e-05 |   1   |
158 |   -106.9160364453 | -4.466e-10 | 1.129e-05 | 6.649e-05 |   1   |
159 |   -106.9160364458 | -4.211e-10 | 1.435e-05 | 8.014e-05 |   1   |
160 |   -106.9160364461 | -3.471e-10 | 9.064e-06 | 4.345e-05 |   1   |
161 |   -106.9160364464 | -3.356e-10 | 1.573e-05 | 3.211e-05 |   1   |
162 |   -106.9160364467 | -2.411e-10 | 1.061e-05 | 4.031e-05 |   1   |
163 |   -106.9160364469 | -2.081e-10 | 9.149e-06 | 3.007e-05 |   1   |
164 |   -106.9160364470 | -1.641e-10 | 8.135e-06 | 1.923e-05 |   1   |
165 |   -106.9160364472 | -1.577e-10 | 8.185e-06 | 2.667e-05 |   1   |
166 |   -106.9160364474 | -1.714e-10 | 1.185e-05 | 2.987e-05 |   1   |
167 |   -106.9160364476 | -1.887e-10 | 5.865e-06 | 3.732e-05 |   1   |
168 |   -106.9160364477 | -1.513e-10 | 5.517e-06 | 4.423e-05 |   1   |
169 |   -106.9160364478 | -7.732e-11 | 7.204e-06 | 3.853e-05 |   1   |
170 |   -106.9160364479 | -8.725e-11 | 9.917e-06 | 2.829e-05 |   1   |
171 |   -106.9160364480 | -1.218e-10 | 7.433e-06 | 1.207e-05 |   1   |
172 |   -106.9160364481 | -1.033e-10 | 7.735e-06 | 1.646e-05 |   1   |
173 |   -106.9160364483 | -1.637e-10 | 1.226e-05 | 5.984e-05 |   1   |
174 |   -106.9160364484 | -1.526e-10 | 1.290e-05 | 6.967e-05 |   1   |
175 |   -106.9160364486 | -1.786e-10 | 9.666e-06 | 7.020e-05 |   1   |
176 |   -106.9160364488 | -1.960e-10 | 9.080e-06 | 8.223e-05 |   1   |
177 |   -106.9160364490 | -1.577e-10 | 1.078e-05 | 3.800e-05 |   1   |
178 |   -106.9160364491 | -1.735e-10 | 1.248e-05 | 3.241e-05 |   1   |
179 |   -106.9160364493 | -1.851e-10 | 7.718e-06 | 3.398e-05 |   1   |
180 |   -106.9160364495 | -1.891e-10 | 1.007e-05 | 5.800e-05 |   1   |
181 |   -106.9160364498 | -2.960e-10 | 1.350e-05 | 1.044e-04 |   2   |
182 |   -106.9160364505 | -6.568e-10 | 2.280e-05 | 2.433e-04 |   2   |
183 |   -106.9160364525 | -2.044e-09 | 3.988e-05 | 6.894e-04 |   3   |
184 |   -106.9160364691 | -1.657e-08 | 1.139e-04 | 3.793e-03 |   5   |
185 |   -106.9160365260 | -5.697e-08 | 1.956e-04 | 4.775e-03 |   7   |
186 |   -106.9160368081 | -2.820e-07 | 4.132e-04 | 1.114e-02 |   8   |
187 |   -106.9160397346 | -2.927e-06 | 1.041e-03 | 3.194e-02 |  11   |
 SOSCF is scaling rotation angle matrix Xmax=1.76556e-01                         |
188 |   -106.9161021776 | -6.244e-05 | 3.173e-03 | 1.000e-01 |  14   |
 SOSCF is scaling rotation angle matrix Xmax=1.52965e+00                         |
189 |   -106.9163143511 | -2.122e-04 | 5.841e-03 | 1.000e-01 |  14   |
 SOSCF is scaling rotation angle matrix Xmax=3.62794e+00                         |
190 |   -106.9166844370 | -3.701e-04 | 9.363e-03 | 1.000e-01 |  14   |
 SOSCF is scaling rotation angle matrix Xmax=5.14346e+00                         |
191 |   -106.9171229866 | -4.385e-04 | 1.283e-02 | 1.000e-01 |  15   |
 SOSCF is scaling rotation angle matrix Xmax=1.13918e+06                         |
192 |   -106.9174830387 | -3.601e-04 | 1.581e-02 | 1.000e-01 |  14   |
 SOSCF is scaling rotation angle matrix Xmax=1.67287e-01                         |
193 |   -106.9176165222 | -1.335e-04 | 1.928e-02 | 1.000e-01 |  13   |
194 |   -106.9176286583 | -1.214e-05 | 1.868e-02 | 1.344e-02 |   6   |
195 |   -106.9176425725 | -1.391e-05 | 1.958e-02 | 8.795e-03 |   6   |
196 |   -106.9176573511 | -1.478e-05 | 1.904e-02 | 8.203e-03 |  11   |
197 |   -106.9176701217 | -1.277e-05 | 1.860e-02 | 8.699e-03 |   8   |
198 |   -106.9176774165 | -7.295e-06 | 2.174e-02 | 1.197e-02 |   9   |
199 |   -106.9176849520 | -7.536e-06 | 1.946e-02 | 7.383e-03 |   8   |
200 |   -106.9176925206 | -7.569e-06 | 1.782e-02 | 3.751e-03 |   9   |
201 |   -106.9177029450 | -1.042e-05 | 1.891e-02 | 6.541e-03 |   9   |
202 |   -106.9177173556 | -1.441e-05 | 1.820e-02 | 1.177e-02 |  10   |
203 |   -106.9177331732 | -1.582e-05 | 2.127e-02 | 1.103e-02 |   8   |
204 |   -106.9177549797 | -2.181e-05 | 2.046e-02 | 1.081e-02 |   9   |
205 |   -106.9177844532 | -2.947e-05 | 2.081e-02 | 1.142e-02 |  12   |
206 |   -106.9178164765 | -3.202e-05 | 1.971e-02 | 7.041e-03 |  10   |
207 |   -106.9178663265 | -4.985e-05 | 1.929e-02 | 9.252e-03 |  11   |
208 |   -106.9179411625 | -7.484e-05 | 1.854e-02 | 1.566e-02 |  11   |
209 |   -106.9180298554 | -8.869e-05 | 1.780e-02 | 1.667e-02 |  11   |
210 |   -106.9181425050 | -1.126e-04 | 2.133e-02 | 1.930e-02 |  11   |
211 |   -106.9182491356 | -1.066e-04 | 1.907e-02 | 1.845e-02 |  12   |
 SOSCF is scaling rotation angle matrix Xmax=1.26497e-01                         |
212 |   -106.9196646243 | -1.415e-03 | 2.130e-02 | 1.000e-01 |  16   |
 SOSCF is scaling rotation angle matrix Xmax=2.64192e-01                         |
213 |   -106.9209543663 | -1.290e-03 | 3.147e-02 | 1.000e-01 |  14   |
 SOSCF is scaling rotation angle matrix Xmax=2.36295e-01                         |
214 |   -106.9225351943 | -1.581e-03 | 3.735e-02 | 1.000e-01 |  16   |
 SOSCF is scaling rotation angle matrix Xmax=1.51552e-01                         |
215 |   -106.9242136118 | -1.678e-03 | 4.644e-02 | 1.000e-01 |  15   |
 SOSCF is scaling rotation angle matrix Xmax=1.11291e-01                         |
216 |   -106.9252174935 | -1.004e-03 | 2.151e-02 | 1.000e-01 |  16   |
217 |   -106.9260636762 | -8.462e-04 | 1.827e-02 | 6.221e-02 |  15   |
218 |   -106.9266708355 | -6.072e-04 | 1.488e-02 | 3.747e-02 |  13   |
219 |   -106.9269775192 | -3.067e-04 | 2.464e-02 | 3.651e-02 |  15   |
220 |   -106.9272237234 | -2.462e-04 | 1.829e-02 | 1.767e-02 |  11   |
221 |   -106.9274918625 | -2.681e-04 | 1.018e-02 | 2.460e-02 |  11   |
222 |   -106.9276058269 | -1.140e-04 | 1.125e-02 | 2.034e-02 |  13   |
223 |   -106.9276608155 | -5.499e-05 | 1.114e-02 | 1.760e-02 |  12   |
224 |   -106.9278061583 | -1.453e-04 | 1.073e-02 | 1.661e-02 |  11   |
225 |   -106.9278746845 | -6.853e-05 | 4.509e-03 | 7.190e-03 |  11   |
226 |   -106.9279349152 | -6.023e-05 | 3.508e-03 | 1.162e-02 |  13   |
227 |   -106.9279850013 | -5.009e-05 | 4.051e-03 | 2.040e-02 |  11   |
228 |   -106.9280184021 | -3.340e-05 | 3.319e-03 | 7.425e-03 |   9   |
229 |   -106.9280467014 | -2.830e-05 | 2.672e-03 | 6.453e-03 |  10   |
230 |   -106.9280652394 | -1.854e-05 | 3.190e-03 | 7.974e-03 |   9   |
231 |   -106.9280761393 | -1.090e-05 | 2.123e-03 | 4.647e-03 |  10   |
232 |   -106.9280843504 | -8.211e-06 | 2.436e-03 | 2.804e-03 |   8   |
233 |   -106.9280883529 | -4.003e-06 | 1.593e-03 | 3.497e-03 |   5   |
234 |   -106.9280914317 | -3.079e-06 | 1.142e-03 | 2.816e-03 |   8   |
235 |   -106.9280942601 | -2.828e-06 | 7.554e-04 | 2.026e-03 |   6   |
236 |   -106.9280958457 | -1.586e-06 | 7.427e-04 | 2.156e-03 |   5   |
237 |   -106.9280967203 | -8.747e-07 | 5.843e-04 | 1.412e-03 |   5   |
238 |   -106.9280974507 | -7.304e-07 | 5.222e-04 | 8.607e-04 |   6   |
239 |   -106.9280980418 | -5.911e-07 | 3.385e-04 | 1.340e-03 |   3   |
240 |   -106.9280986008 | -5.590e-07 | 4.112e-04 | 1.128e-03 |   3   |
241 |   -106.9280990448 | -4.440e-07 | 3.530e-04 | 1.326e-03 |   3   |
242 |   -106.9280993480 | -3.031e-07 | 3.024e-04 | 8.781e-04 |   3   |
243 |   -106.9280995874 | -2.395e-07 | 1.957e-04 | 8.004e-04 |   3   |
244 |   -106.9280997603 | -1.729e-07 | 2.035e-04 | 6.494e-04 |   3   |
245 |   -106.9280998657 | -1.054e-07 | 1.764e-04 | 4.238e-04 |   3   |
246 |   -106.9280999397 | -7.398e-08 | 1.782e-04 | 4.732e-04 |   3   |
247 |   -106.9280999823 | -4.254e-08 | 2.293e-04 | 3.931e-04 |   3   |
248 |   -106.9281000215 | -3.926e-08 | 2.007e-04 | 2.339e-04 |   2   |
249 |   -106.9281000545 | -3.296e-08 | 1.136e-04 | 1.831e-04 |   2   |
250 |   -106.9281000767 | -2.219e-08 | 1.014e-04 | 2.174e-04 |   2   |
251 |   -106.9281000967 | -2.004e-08 | 7.842e-05 | 1.739e-04 |   2   |
252 |   -106.9281001094 | -1.268e-08 | 6.287e-05 | 2.049e-04 |   2   |
253 |   -106.9281001199 | -1.053e-08 | 1.061e-04 | 1.310e-04 |   2   |
254 |   -106.9281001296 | -9.685e-09 | 6.563e-05 | 1.810e-04 |   2   |
255 |   -106.9281001376 | -8.050e-09 | 7.702e-05 | 1.507e-04 |   2   |
256 |   -106.9281001431 | -5.474e-09 | 3.685e-05 | 9.125e-05 |   1   |
257 |   -106.9281001486 | -5.524e-09 | 4.851e-05 | 1.179e-04 |   2   |
258 |   -106.9281001524 | -3.719e-09 | 4.682e-05 | 9.739e-05 |   2   |
259 |   -106.9281001546 | -2.266e-09 | 5.926e-05 | 7.551e-05 |   1   |
260 |   -106.9281001565 | -1.873e-09 | 2.868e-05 | 4.977e-05 |   1   |
261 |   -106.9281001579 | -1.363e-09 | 2.647e-05 | 4.813e-05 |   1   |
262 |   -106.9281001587 | -8.551e-10 | 1.872e-05 | 3.354e-05 |   1   |
263 |   -106.9281001593 | -6.076e-10 | 2.308e-05 | 3.440e-05 |   1   |
264 |   -106.9281001598 | -4.274e-10 | 1.190e-05 | 3.133e-05 |   1   |
265 |   -106.9281001601 | -3.407e-10 | 1.176e-05 | 1.916e-05 |   1   |
266 |   -106.9281001603 | -2.164e-10 | 1.355e-05 | 2.211e-05 |   1   |
267 |   -106.9281001605 | -1.648e-10 | 9.735e-06 | 2.313e-05 |   1   |
268 |   -106.9281001606 | -1.286e-10 | 4.749e-06 | 1.910e-05 |   1   |
269 |   -106.9281001607 | -7.392e-11 | 7.081e-06 | 1.716e-05 |   1   |
270 |   -106.9281001607 | -3.205e-11 | 8.419e-06 | 1.450e-05 |   1   |
271 |   -106.9281001608 | -7.341e-11 | 4.297e-06 | 7.109e-06 |   1   |
272 |   -106.9281001608 | -2.325e-11 | 2.348e-06 | 4.998e-06 |   1   |
273 |   -106.9281001608 | -3.183e-11 | 3.207e-06 | 6.162e-06 |   1   |
274 |   -106.9281001609 | -2.947e-11 | 2.378e-06 | 1.234e-05 |   1   |
275 |   -106.9281001609 | -1.492e-11 | 2.072e-06 | 5.337e-06 |   1   |
276 |   -106.9281001609 | -1.219e-11 | 1.382e-06 | 5.589e-06 |   1   |
277 |   -106.9281001609 | -1.492e-11 | 1.814e-06 | 6.578e-06 |   1   |
278 |   -106.9281001609 | -6.565e-12 | 1.104e-06 | 3.329e-06 |   1   |
279 |   -106.9281001609 | -6.210e-12 | 1.274e-06 | 4.284e-06 |   1   |
280 |   -106.9281001609 | -3.809e-12 | 1.211e-06 | 3.244e-06 |   1   |
281 |   -106.9281001609 |  8.527e-13 | 5.315e-07 | 1.462e-06 |   1   |
____|___________________|____________|___________|___________|_______|

Energy converged after 281 iterations

CAS_SCF iterations:
Time to step -  103.76370
Full time    -  104.23924
Preparation of canonical orbitals:
Time to step -    0.00946
Full time    -  104.24870
CAS_SCF WaveFunctions:

State 0  E  =    -106.9716986176 S^2 = 0.00:
-9.3993996264e-01  | 111000000000 | 111000000000
-1.7949348170e-01  | 011100000000 | 111000000000
-1.7949348122e-01  | 111000000000 | 011100000000
-6.3131161371e-02  | 011000100000 | 111000000000
-6.3131161312e-02  | 111000000000 | 011000100000
 4.8856808933e-02  | 011000100000 | 011000100000
 4.4418439152e-02  | 111000000000 | 110001000000
 4.4418439137e-02  | 110001000000 | 111000000000
 4.4418417404e-02  | 111000000000 | 101010000000
 4.4418417354e-02  | 101010000000 | 111000000000
State 1  E  =    -106.9063009474 S^2 = 0.00:
-6.9362114453e-01  | 110100000000 | 111000000000
-6.9362093363e-01  | 111000000000 | 110100000000
-4.5466716103e-02  | 110100000000 | 110001000000
-4.5466704145e-02  | 110001000000 | 110100000000
 4.3819133463e-02  | 111000000000 | 101100000000
 4.3818696023e-02  | 101100000000 | 111000000000
 3.6134936500e-02  | 010100100000 | 011000100000
 3.6134925655e-02  | 011000100000 | 010100100000
 3.0899198794e-02  | 100110000000 | 101010000000
 3.0899197291e-02  | 101010000000 | 100110000000
State 2  E  =    -106.9063009178 S^2 = 0.00:
 6.9362153125e-01  | 101100000000 | 111000000000
 6.9362055225e-01  | 111000000000 | 101100000000
 4.5466791557e-02  | 101100000000 | 101010000000
 4.5466725385e-02  | 101010000000 | 101100000000
 4.3819043532e-02  | 110100000000 | 111000000000
 4.3818785016e-02  | 111000000000 | 110100000000
-3.6134959647e-02  | 001100100000 | 011000100000
-3.6134900230e-02  | 011000100000 | 001100100000
 3.0899229224e-02  | 100101000000 | 110001000000
 3.0899175368e-02  | 110001000000 | 100101000000


CAS_SCF density averaging:
__________________________________________
 State| E                 | S^2  | weight |
______|___________________|______|________|
    0 |   -106.9716986176 | 0.00 | 1.00   |
    1 |   -106.9063009474 | 0.00 | 1.00   |
    2 |   -106.9063009178 | 0.00 | 1.00   |
______|___________________|______|________|


CAS_SCF Energy summary:
E[  0] = -106.9716986176
E[  1] = -106.9063009474 | 1.7796 eV
E[  2] = -106.9063009178 | 1.7796 eV


CAS_SCF Dipole moment:

d[  0,  0] = {-1.221407e-08,-2.722058e-07,-5.920044e+00} |d| = 5.920044e+00
d[  0,  1] = {-1.066213e-02, 1.155346e-01,-2.210383e-06} |d| = 1.160255e-01
d[  0,  2] = { 1.155346e-01, 1.066209e-02, 1.888304e-05} |d| = 1.160255e-01

d[  1,  0] = {-1.066213e-02, 1.155346e-01,-2.210383e-06} |d| = 1.160255e-01
d[  1,  1] = { 1.680246e-06,-8.014895e-07, 1.533403e-01} |d| = 1.533403e-01
d[  1,  2] = { 1.461683e-07,-4.850644e-07, 1.636673e-08} |d| = 5.068732e-07

d[  2,  0] = { 1.155346e-01, 1.066209e-02, 1.888304e-05} |d| = 1.160255e-01
d[  2,  1] = { 1.461683e-07,-4.850644e-07, 1.636673e-08} |d| = 5.068732e-07
d[  2,  2] = { 7.497236e-07,-9.556138e-07, 1.533403e-01} |d| = 1.533403e-01




Writing CAS_SCF canonical orbitals:
visualization file: lif_CAS.out
data file         : lif_CAS.orb

Writing CAS_SCF natural orbitals:
visualization file: lif_CAS_NatOrb.out
data file         : lif_CAS_NatOrb.orb

_______________________________________________________________________


CAS_SCF:
Time to step -    0.03073
Full time    -  104.27943


Calculation finished at: 12:41 (EEST), 29 September 2026 (Tuesday).
