
NonOrtogonal quantum chemistry and Perturbation Theory
                  NOPT version 3.4.2


sQM - standart QM module.

Compilation options:
1) linear algebra package - OpenBLAS
2) non-parallel BLAS matrix multiplication in the OMP parallel cycles
3) build git commit 0541b3eef4a5

selected command  line options:
-i           lif_sx.inp	 input file

Calculation started at: 12:39 (EEST), 29 September 2026 (Tuesday).

_______________________________________________________________________

Input file:

   0: $PAR NUM_THREADS=8 N_MOL=1 RHF=0 CAS=1 D5=1 RI=1 NAME=lif $PAREND
   1: $MOL
   2: _CHARGE=0;
   3: _BASIS=aug-cc-pvdz;
   4: _RI_BASIS=def2-universal-jkfit;
   5: _UNITS= ang;
   6: _xyz
   7: 3
   8: LiF R=3.50 ang
   9: Li  0.00000000  0.00000000  0.00000000
  10: F   0.00000000  0.00000000  3.50
  11: A   1.00000000  0.00000000  0.00000000
  12: $END
  13: $act_space n_alp=3 n_bet=3 n_val=12 mult=1 p_n=10 $end
  14: _MO INP=lif_RHF.orb
  15: $CAS n_s=3 w_state=all_1; cisolver=aldet maxit=200 dE=1e-12 grad=1e-6 converger=sxpt $END
  16: $dav dr=1E-12 de=1E-10 $end
_______________________________________________________________________



_____________________________Input_summary_____________________________


Number of threads:  8

Job name: lif

Methods:
Restricted Hartree-Fock                          -     no 
Complete Active Space SCF                        -     yes
eXtended MultiConfiguration QuasiDegenerate PT   -     no 
Complete Degenerate Active Space PT              -     no 
Second order Moller-Plesset PT                   -     no 
State-specific DSRG-PT2                          -     no 
Settings:
D5                                               -     yes
Resolution of Identity                           -     yes
Spin-orbit                                       -     no 
Symmetry point group                             -     no(C1)
Printing:
dipole moment                                    -     yes
electron dispersion                              -     no 
quadrupole moment                                -     no 
Mulliken charges                                 -     no 
_______________________________________________________________________


Reading molecule:
-----------------------------------------------------------------------

WARNING: read_cl is blocked in the 3.0 version

                      units    = ang
                      charge   = 0
                      basis    = aug-cc-pvdz (library)
                      RI basis = def2-universal-jkfit (library)
                      included   lif_RHF.orb (orbitals)
_______________________________________________________________________

Molecule structure (a.u.):
 ________________________________________________________________________________________
| Atom |    C    |     X     |     Y     |     Z     |   n_ecp   |     q     |    type   |
| _____|_________|___________|___________|___________|___________|___________|___________|
|  Li  |     3   |     0.000 |     0.000 |     0.000 |           |           |    real   |
|  F   |     9   |     0.000 |     0.000 |     6.614 |           |           |    real   |
|  A   |         |     1.890 |     0.000 |     0.000 |           |           |    real   |
| _____|_________|___________|___________|___________|___________|___________|___________|

Molecule contains 12 electrons

C - nuclear charge (a.u.)
q - additional (partial) charge (a.u.)
n_ecp - number of electrons frozen by ECP
X,Y,Z - cartesian coordinates (Bohr)



 Basis set information:

 ____________________________________________________________________________________
|     Atom     |    L    |       alpha       |         c         |       c(lib)      |
|______________|_________|___________________|___________________|___________________|
|   Li(  0)    |         |                   |                   |                   |
|              |     0   |       1469.000000 |          0.129540 |          0.000766 |
|              |         |        220.500000 |          0.240287 |          0.005892 |
|              |         |         50.260000 |          0.399171 |          0.029671 |
|              |         |         14.240000 |          0.570408 |          0.109180 |
|              |         |          4.581000 |          0.631093 |          0.282789 |
|              |         |          1.580000 |          0.455113 |          0.453123 |
|              |         |          0.564000 |          0.127452 |          0.274774 |
|              |         |          0.073450 |          0.000981 |          0.009751 |
|              |         |          0.028050 |         -0.000155 |         -0.003180 |
|              |---------|-------------------|-------------------|-------------------|
|              |     0   |       1469.000000 |         -0.020294 |         -0.000120 |
|              |         |        220.500000 |         -0.037642 |         -0.000923 |
|              |         |         50.260000 |         -0.063082 |         -0.004689 |
|              |         |         14.240000 |         -0.092379 |         -0.017682 |
|              |         |          4.581000 |         -0.109133 |         -0.048902 |
|              |         |          1.580000 |         -0.096431 |         -0.096009 |
|              |         |          0.564000 |         -0.063259 |         -0.136380 |
|              |         |          0.073450 |          0.057829 |          0.575102 |
|              |         |          0.028050 |          0.025287 |          0.517661 |
|              |---------|-------------------|-------------------|-------------------|
|              |     0   |          0.028050 |          0.048849 |          1.000000 |
|              |---------|-------------------|-------------------|-------------------|
|              |     1   |          1.534000 |          0.055444 |          0.022784 |
|              |         |          0.274900 |          0.039469 |          0.139107 |
|              |         |          0.073620 |          0.027351 |          0.500375 |
|              |         |          0.024030 |          0.006857 |          0.508474 |
|              |---------|-------------------|-------------------|-------------------|
|              |     1   |          0.024030 |          0.013486 |          1.000000 |
|              |---------|-------------------|-------------------|-------------------|
|              |     2   |          0.114400 |          0.037039 |          1.000000 |
|              |---------|-------------------|-------------------|-------------------|
|              |     0   |          0.008600 |          0.020127 |          1.000000 |
|              |---------|-------------------|-------------------|-------------------|
|              |     1   |          0.005800 |          0.002282 |          1.000000 |
|              |---------|-------------------|-------------------|-------------------|
|              |     2   |          0.073300 |          0.016996 |          1.000000 |
|--------------|---------|-------------------|-------------------|-------------------|
|   F (  1)    |         |                   |                   |                   |
|              |     0   |      14710.000000 |          0.686054 |          0.000721 |
|              |         |       2207.000000 |          1.273776 |          0.005553 |
|              |         |        502.800000 |          2.138157 |          0.028267 |
|              |         |        142.600000 |          3.129135 |          0.106444 |
|              |         |         46.470000 |          3.636582 |          0.286814 |
|              |         |         16.700000 |          2.640279 |          0.448641 |
|              |         |          6.356000 |          0.755015 |          0.264761 |
|              |         |          1.316000 |          0.013421 |          0.015333 |
|              |---------|-------------------|-------------------|-------------------|
|              |     0   |      14710.000000 |         -0.305764 |         -0.000165 |
|              |         |       2207.000000 |         -0.584323 |         -0.001308 |
|              |         |        502.800000 |         -0.956795 |         -0.006495 |
|              |         |        142.600000 |         -1.528086 |         -0.026691 |
|              |         |         46.470000 |         -1.819623 |         -0.073690 |
|              |         |         16.700000 |         -1.957301 |         -0.170776 |
|              |         |          6.356000 |         -0.623829 |         -0.112327 |
|              |         |          1.316000 |          0.959401 |          0.562814 |
|              |---------|-------------------|-------------------|-------------------|
|              |     0   |          0.389700 |          0.351526 |          1.000000 |
|              |---------|-------------------|-------------------|-------------------|
|              |     1   |         22.670000 |          4.571487 |          0.044878 |
|              |         |          4.977000 |          3.608377 |          0.235718 |
|              |         |          1.347000 |          1.519595 |          0.508521 |
|              |---------|-------------------|-------------------|-------------------|
|              |     1   |          0.347100 |          0.379759 |          1.000000 |
|              |---------|-------------------|-------------------|-------------------|
|              |     2   |          1.640000 |          3.911886 |          1.000000 |
|              |---------|-------------------|-------------------|-------------------|
|              |     0   |          0.098630 |          0.125434 |          1.000000 |
|              |---------|-------------------|-------------------|-------------------|
|              |     1   |          0.085020 |          0.065440 |          1.000000 |
|              |---------|-------------------|-------------------|-------------------|
|              |     2   |          0.464000 |          0.429354 |          1.000000 |
|--------------|---------|-------------------|-------------------|-------------------|
|   A (  2)    |         |                   |                   |                   |
|______________|_________|___________________|___________________|___________________|



 RI basis set information:

 ____________________________________________________________________________________
|     Atom     |    L    |       alpha       |         c         |       c(lib)      |
|______________|_________|___________________|___________________|___________________|
|   Li(  0)    |         |                   |                   |                   |
|              |     0   |        188.569986 |          1.614709 |          0.059285 |
|              |         |         57.062031 |          2.029192 |          0.182607 |
|              |         |         19.061046 |          2.422667 |          0.496180 |
|              |         |          6.997162 |          1.692800 |          0.735139 |
|              |---------|-------------------|-------------------|-------------------|
|              |     0   |          2.803303 |          1.544054 |          0.420138 |
|              |---------|-------------------|-------------------|-------------------|
|              |     0   |          1.213845 |          0.824200 |          1.000000 |
|              |---------|-------------------|-------------------|-------------------|
|              |     0   |          0.560847 |          0.461895 |          1.000000 |
|              |---------|-------------------|-------------------|-------------------|
|              |     0   |          0.272172 |          0.268561 |          1.000000 |
|              |---------|-------------------|-------------------|-------------------|
|              |     0   |          0.136192 |          0.159781 |          1.000000 |
|              |---------|-------------------|-------------------|-------------------|
|              |     0   |          0.068864 |          0.095808 |          1.000000 |
|              |---------|-------------------|-------------------|-------------------|
|              |     1   |          9.081682 |          5.132538 |          0.310004 |
|              |         |          3.421221 |          2.741170 |          0.560987 |
|              |         |          1.415201 |          1.064648 |          0.656790 |
|              |---------|-------------------|-------------------|-------------------|
|              |     1   |          0.633733 |          0.805977 |          0.391148 |
|              |---------|-------------------|-------------------|-------------------|
|              |     1   |          0.301572 |         -0.318551 |         -0.069432 |
|              |---------|-------------------|-------------------|-------------------|
|              |     1   |          0.149114 |          0.132080 |          1.000000 |
|              |---------|-------------------|-------------------|-------------------|
|              |     1   |          0.074703 |          0.055669 |          1.000000 |
|              |---------|-------------------|-------------------|-------------------|
|              |     2   |          1.365060 |          1.462566 |          0.643261 |
|              |         |          0.676665 |          0.445219 |          0.668662 |
|              |---------|-------------------|-------------------|-------------------|
|              |     2   |          0.338818 |         -0.247657 |         -0.215627 |
|              |---------|-------------------|-------------------|-------------------|
|              |     2   |          0.170226 |          0.074251 |          0.252295 |
|              |---------|-------------------|-------------------|-------------------|
|              |     3   |          0.605901 |          0.476824 |          1.000000 |
|              |---------|-------------------|-------------------|-------------------|
|              |     3   |          0.173115 |          0.028458 |          1.000000 |
|--------------|---------|-------------------|-------------------|-------------------|
|   F (  1)    |         |                   |                   |                   |
|              |     0   |        858.409866 |         10.001215 |          0.157245 |
|              |         |        329.085412 |          6.944412 |          0.224104 |
|              |         |        134.268325 |          9.469693 |          0.598620 |
|              |         |         58.197053 |          5.458349 |          0.645924 |
|              |         |         26.732571 |          1.822999 |          0.386636 |
|              |---------|-------------------|-------------------|-------------------|
|              |     0   |         12.973305 |          4.871897 |          1.000000 |
|              |---------|-------------------|-------------------|-------------------|
|              |     0   |          6.626289 |          2.943492 |          1.000000 |
|              |---------|-------------------|-------------------|-------------------|
|              |     0   |          3.545703 |          1.841564 |          1.000000 |
|              |---------|-------------------|-------------------|-------------------|
|              |     0   |          1.976988 |          1.188265 |          1.000000 |
|              |---------|-------------------|-------------------|-------------------|
|              |     0   |          1.141547 |          0.787101 |          1.000000 |
|              |---------|-------------------|-------------------|-------------------|
|              |     0   |          0.677915 |          0.532465 |          1.000000 |
|              |---------|-------------------|-------------------|-------------------|
|              |     0   |          0.410940 |          0.365800 |          1.000000 |
|              |---------|-------------------|-------------------|-------------------|
|              |     0   |          0.252247 |          0.253676 |          1.000000 |
|              |---------|-------------------|-------------------|-------------------|
|              |     0   |          0.155490 |          0.176476 |          1.000000 |
|              |---------|-------------------|-------------------|-------------------|
|              |     1   |        146.433080 |        132.679007 |          0.231539 |
|              |         |         49.907475 |         68.522028 |          0.459191 |
|              |         |         24.555016 |         43.454251 |          0.706687 |
|              |---------|-------------------|-------------------|-------------------|
|              |     1   |         10.579579 |         27.197287 |          0.485929 |
|              |---------|-------------------|-------------------|-------------------|
|              |     1   |          5.428007 |         11.809748 |          1.000000 |
|              |---------|-------------------|-------------------|-------------------|
|              |     1   |          2.907940 |          5.412799 |          1.000000 |
|              |---------|-------------------|-------------------|-------------------|
|              |     1   |          1.455083 |          2.277980 |          1.000000 |
|              |---------|-------------------|-------------------|-------------------|
|              |     1   |          0.731524 |          0.964330 |          1.000000 |
|              |---------|-------------------|-------------------|-------------------|
|              |     1   |          0.368805 |          0.409672 |          1.000000 |
|              |---------|-------------------|-------------------|-------------------|
|              |     1   |          0.186112 |          0.174244 |          1.000000 |
|              |---------|-------------------|-------------------|-------------------|
|              |     2   |         42.931821 |         89.870150 |          0.094533 |
|              |         |         16.655136 |         66.114721 |          0.364686 |
|              |         |          6.461257 |         32.024716 |          0.926319 |
|              |---------|-------------------|-------------------|-------------------|
|              |     2   |          2.506605 |          8.218825 |          1.000000 |
|              |---------|-------------------|-------------------|-------------------|
|              |     2   |          0.972422 |          1.567311 |          1.000000 |
|              |---------|-------------------|-------------------|-------------------|
|              |     2   |          0.377245 |          0.298883 |          1.000000 |
|              |---------|-------------------|-------------------|-------------------|
|              |     3   |          3.474989 |         24.271669 |          0.702477 |
|              |---------|-------------------|-------------------|-------------------|
|              |     3   |          1.219481 |          2.300639 |          0.711707 |
|              |---------|-------------------|-------------------|-------------------|
|              |     4   |          2.045909 |          7.968432 |          1.000000 |
|--------------|---------|-------------------|-------------------|-------------------|
|   A (  2)    |         |                   |                   |                   |
|______________|_________|___________________|___________________|___________________|



 Pseudopotential information:

 ________________________________________________________________ 





Calculation of 1-el matrices:
Time to step -    0.19367
Full time    -    0.19367



______________________Starting_CASSCF_calculations_____________________

Number of states                  3
State multiplicity                1 (singlet)

Active space:
Number of alpha electrons         3
Number of beta  electrons         3
Number of active orbitals         12

Number of core orbitals:          3

Preparation of virtual orbitals:  yes
State tracking:                   no 
State averaging:
Weights:	all equal to 1

SCF settings:
Energy convergence:               1.000000e-12
Orbital gradient convergence:     1.000000e-06
Rotation matrix convergence :     1.000000e-07
Maximum number of iterations:     200
Orbital converger:                super-CI-PT (sxpt)
Orbital L-BFGS depth        :     10
Maximum SX-PT step          :     2.000000e-01

CI solver:                        determinant CI (aldet)
Davidson diagonalization settings:
Number of correlation vectors:    10
Number of basis functions:        300
Maximum number of iterations:     250
Energy convergence:               1.000000e-10
Residue convergence:              1.000000e-12
Orthogonality cut-off:            1.000000e-08
Energy denominator shift:         3.000000e-02
Sparsed multiplication:           no

_______________________________________________________________________




RI integrals calculation:
Time to step -    0.00634
Full time    -    0.20001


____________________Starting_Davidson_diagonalization__________________


Step 0
_________________________________________________
  n | E                 | dE         | norm(r)   |
____|___________________|____________|___________|
  0 |   -106.7702267861 | -1.068e+02 | 4.567e-04 |
  1 |   -106.7582530505 | -1.068e+02 | 5.854e-04 |
  2 |   -106.7289773070 | -1.067e+02 | 5.062e-04 |
____|___________________|____________|___________|
number of corr vectors=301
0 roots converged at step 0
maximum deviation from symmetric form - 1.479614e-12


Step 1
_________________________________________________
  n | E                 | dE         | norm(r)   |
____|___________________|____________|___________|
  0 |   -106.7705927386 | -3.660e-04 | 6.147e-06 |
  1 |   -106.7586065408 | -3.535e-04 | 8.927e-06 |
  2 |   -106.7292713266 | -2.940e-04 | 5.414e-06 |
____|___________________|____________|___________|
number of corr vectors=307
0 roots converged at step 1
maximum deviation from symmetric form - 2.000130e-11


Step 2
_________________________________________________
  n | E                 | dE         | norm(r)   |
____|___________________|____________|___________|
  0 |   -106.7705959170 | -3.178e-06 | 9.861e-08 |
  1 |   -106.7586104802 | -3.939e-06 | 1.518e-07 |
  2 |   -106.7292734005 | -2.074e-06 | 6.477e-08 |
____|___________________|____________|___________|
number of corr vectors=310
0 roots converged at step 2
maximum deviation from symmetric form - 1.474704e-10


Step 3
_________________________________________________
  n | E                 | dE         | norm(r)   |
____|___________________|____________|___________|
  0 |   -106.7705959612 | -4.418e-08 | 2.308e-09 |
  1 |   -106.7586105424 | -6.212e-08 | 3.894e-09 |
  2 |   -106.7292734218 | -2.133e-08 | 1.249e-09 |
____|___________________|____________|___________|
number of corr vectors=307
0 roots converged at step 3
maximum deviation from symmetric form - 2.578513e-09


Step 4
_________________________________________________
  n | E                 | dE         | norm(r)   |
____|___________________|____________|___________|
  0 |   -106.7705959624 | -1.201e-09 | 1.343e-11 |
  1 |   -106.7586105441 | -1.784e-09 | 3.480e-11 |
  2 |   -106.7292734223 | -4.318e-10 | 8.581e-12 |
____|___________________|____________|___________|
number of corr vectors=310
0 roots converged at step 4
maximum deviation from symmetric form - 1.668133e-08


Step 5
_________________________________________________
  n | E                 | dE         | norm(r)   |
____|___________________|____________|___________|
  0 |   -106.7705959624 | -1.687e-11 | 3.343e-13 |
  1 |   -106.7586105442 | -9.220e-11 | 8.531e-13 |
  2 |   -106.7292734222 |  7.721e-11 | 1.740e-13 |
____|___________________|____________|___________|
number of corr vectors=307
3 roots converged at step 5


CAS_CI WaveFunctions:

State 0  E  =    -106.7705959624 S^2 = 0.00:
-5.8623449117e-01  | 111000000000 | 101100000000
-5.8623449117e-01  | 101100000000 | 111000000000
 3.1590229655e-01  | 111000000000 | 111000000000
 1.9458240887e-01  | 111000000000 | 101010000000
 1.9458240887e-01  | 101010000000 | 111000000000
-1.5384949266e-01  | 111000000000 | 101000001000
-1.5384949266e-01  | 101000001000 | 111000000000
-1.1908237510e-01  | 111000000000 | 101000000001
-1.1908237510e-01  | 101000000001 | 111000000000
-1.1064294337e-01  | 111000000000 | 011000000010
State 1  E  =    -106.7586105442 S^2 = 0.00:
 6.0613601055e-01  | 111000000000 | 011100000000
 6.0613601055e-01  | 011100000000 | 111000000000
 2.5840673915e-01  | 011000001000 | 111000000000
 2.5840673915e-01  | 111000000000 | 011000001000
-2.4590309979e-01  | 011010000000 | 111000000000
-2.4590309979e-01  | 111000000000 | 011010000000
 4.3568432733e-02  | 001100000001 | 111000000000
 4.3568432733e-02  | 111000000000 | 001100000001
-3.4852658456e-02  | 101000000001 | 011100000000
-3.4852658456e-02  | 011100000000 | 101000000001
State 2  E  =    -106.7292734222 S^2 = 0.00:
 5.9961199559e-01  | 111000000000 | 110100000000
 5.9961199559e-01  | 110100000000 | 111000000000
 2.6264978323e-01  | 110000001000 | 111000000000
 2.6264978323e-01  | 111000000000 | 110000001000
-2.4798026006e-01  | 111000000000 | 110010000000
-2.4798026006e-01  | 110010000000 | 111000000000
-5.5126785426e-02  | 111000000000 | 100100000001
-5.5126785426e-02  | 100100000001 | 111000000000
-4.6264508002e-02  | 101000000001 | 110100000000
-4.6264508002e-02  | 110100000000 | 101000000001


Davidson diagonalization:
Time to step -    0.29355
Full time    -    0.49356
_______________________________________________________________________
Primary CI and calculation canonical orbitals:
Time to step -    0.00710
Full time    -    0.50066


CAS_SCF density averaging:
__________________________________________
 State| E                 | S^2  | weight |
______|___________________|______|________|
    0 |   -106.7705959624 | 0.00 | 1.00   |
    1 |   -106.7586105442 | 0.00 | 1.00   |
    2 |   -106.7292734222 | 0.00 | 1.00   |
______|___________________|______|________|

Start CAS_SCF iterations
______________________________________________________________________
  N | E                 | dE         | LAG.ASYM. | ROT.STEP  | N_dav |
____|___________________|____________|___________|___________|_______|
  0 |   -106.7528266430 | -1.068e+02 | 4.681e-01 | 1.000e+00 |   5   |
 SX-PT is scaling rotation angle matrix Xmax=1.55876e+01
  1 |   -106.7639707554 | -1.114e-02 | 4.339e-01 | 1.559e+01 |   5   |
 SX-PT is scaling rotation angle matrix Xmax=5.63146e+00
  2 |   -106.7711368287 | -7.166e-03 | 4.040e-01 | 5.631e+00 |   6   |
 SX-PT is scaling rotation angle matrix Xmax=1.95487e+00
  3 |   -106.7896116206 | -1.847e-02 | 3.276e-01 | 1.955e+00 |   7   |
 SX-PT is scaling rotation angle matrix Xmax=1.13738e+00
  4 |   -106.8118829995 | -2.227e-02 | 2.388e-01 | 1.137e+00 |   7   |
 SX-PT is scaling rotation angle matrix Xmax=7.80955e-01
  5 |   -106.8362485283 | -2.437e-02 | 1.465e-01 | 7.810e-01 |   8   |
 SX-PT is scaling rotation angle matrix Xmax=4.35655e+01
  6 |   -106.8560966439 | -1.985e-02 | 1.130e-01 | 5.622e-01 |   8   |
 SX-PT is scaling rotation angle matrix Xmax=2.66055e+00
  7 |   -106.8668338377 | -1.074e-02 | 8.898e-02 | 4.389e-01 |   8   |
 SX-PT is scaling rotation angle matrix Xmax=3.81842e+00
  8 |   -106.8739714713 | -7.138e-03 | 7.184e-02 | 3.111e-01 |   8   |
 SX-PT is scaling rotation angle matrix Xmax=1.13721e+00
  9 |   -106.8809184947 | -6.947e-03 | 5.185e-02 | 3.178e-01 |   9   |
 SX-PT is scaling rotation angle matrix Xmax=6.22054e-01
 10 |   -106.8858844372 | -4.966e-03 | 4.439e-02 | 3.638e-01 |   9   |
 SX-PT is scaling rotation angle matrix Xmax=4.35473e-01
 11 |   -106.8897633870 | -3.879e-03 | 3.407e-02 | 3.169e-01 |  10   |
 SX-PT is scaling rotation angle matrix Xmax=9.40721e-01
 12 |   -106.8921338180 | -2.370e-03 | 2.291e-02 | 3.098e-01 |   8   |
 SX-PT is scaling rotation angle matrix Xmax=7.23651e-01
 13 |   -106.8939961306 | -1.862e-03 | 2.939e-02 | 2.726e-01 |  10   |
 SX-PT is scaling rotation angle matrix Xmax=4.15813e-01
 14 |   -106.8963081547 | -2.312e-03 | 3.349e-02 | 2.401e-01 |  12   |
 SX-PT is scaling rotation angle matrix Xmax=9.11220e+01
 15 |   -106.8984339041 | -2.126e-03 | 3.782e-02 | 2.964e-01 |  10   |
 SX-PT is scaling rotation angle matrix Xmax=6.94286e-01
 16 |   -106.9002451320 | -1.811e-03 | 3.872e-02 | 3.464e-01 |  12   |
 SX-PT is scaling rotation angle matrix Xmax=4.01178e-01
 17 |   -106.9020018542 | -1.757e-03 | 4.532e-02 | 3.161e-01 |  10   |
 SX-PT is scaling rotation angle matrix Xmax=9.88252e-01
 18 |   -106.9035006534 | -1.499e-03 | 5.153e-02 | 2.869e-01 |  10   |
 SX-PT is scaling rotation angle matrix Xmax=9.27607e-01
 19 |   -106.9056411391 | -2.140e-03 | 5.272e-02 | 2.829e-01 |  11   |
 SX-PT is scaling rotation angle matrix Xmax=2.60965e+00
 20 |   -106.9076928335 | -2.052e-03 | 5.054e-02 | 5.568e-01 |  10   |
 SX-PT is scaling rotation angle matrix Xmax=8.59546e+02
 21 |   -106.9093400703 | -1.647e-03 | 4.716e-02 | 1.543e+00 |  11   |
 SX-PT is scaling rotation angle matrix Xmax=6.78904e-01
 22 |   -106.9103489723 | -1.009e-03 | 4.011e-02 | 6.569e-01 |   9   |
 SX-PT is scaling rotation angle matrix Xmax=1.26659e+00
 23 |   -106.9112256992 | -8.767e-04 | 3.266e-02 | 5.207e-01 |  12   |
 SX-PT is scaling rotation angle matrix Xmax=4.46760e-01
 24 |   -106.9118831604 | -6.575e-04 | 2.660e-02 | 3.699e-01 |  10   |
 25 |   -106.9128226082 | -9.394e-04 | 2.855e-02 | 3.886e-01 |  12   |
 SX-PT is scaling rotation angle matrix Xmax=3.24281e-01
 26 |   -106.9137836952 | -9.611e-04 | 3.530e-02 | 2.901e-01 |  12   |
 SX-PT is scaling rotation angle matrix Xmax=2.42673e-01
 27 |   -106.9139976920 | -2.140e-04 | 2.641e-02 | 2.578e-01 |  12   |
 SX-PT is scaling rotation angle matrix Xmax=2.28595e-01
 28 |   -106.9143333907 | -3.357e-04 | 1.853e-02 | 2.058e-01 |  11   |
 29 |   -106.9146640668 | -3.307e-04 | 1.190e-02 | 2.097e-01 |  11   |
 SX-PT is scaling rotation angle matrix Xmax=3.17756e-01
 30 |   -106.9149920832 | -3.280e-04 | 6.055e-03 | 1.725e-01 |  12   |
 SX-PT is scaling rotation angle matrix Xmax=2.60912e-01
 31 |   -106.9152694266 | -2.773e-04 | 5.161e-03 | 1.232e-01 |  11   |
 32 |   -106.9154661495 | -1.967e-04 | 8.681e-03 | 8.815e-02 |  11   |
 33 |   -106.9155824294 | -1.163e-04 | 6.439e-03 | 6.566e-02 |  10   |
 34 |   -106.9156686718 | -8.624e-05 | 2.872e-03 | 3.630e-02 |  10   |
 35 |   -106.9157765455 | -1.079e-04 | 4.484e-03 | 5.785e-02 |  10   |
 SX-PT is scaling rotation angle matrix Xmax=5.48001e-01
 36 |   -106.9158672939 | -9.075e-05 | 6.219e-03 | 7.922e-02 |  14   |
 37 |   -106.9159753886 | -1.081e-04 | 5.246e-03 | 6.958e-02 |   8   |
 38 |   -106.9160232115 | -4.782e-05 | 1.013e-03 | 2.328e-02 |   7   |
 39 |   -106.9160300953 | -6.884e-06 | 5.552e-04 | 8.895e-03 |  13   |
 40 |   -106.9160329819 | -2.887e-06 | 3.710e-04 | 4.742e-03 |   5   |
 41 |   -106.9160340631 | -1.081e-06 | 2.990e-04 | 1.369e-03 |   9   |
 42 |   -106.9160352197 | -1.157e-06 | 1.852e-04 | 1.204e-03 |  10   |
 43 |   -106.9160355770 | -3.573e-07 | 1.549e-04 | 9.232e-04 |   9   |
 44 |   -106.9160358550 | -2.780e-07 | 1.011e-04 | 8.418e-04 |  10   |
 45 |   -106.9160360868 | -2.318e-07 | 1.137e-04 | 9.233e-04 |   9   |
 46 |   -106.9160369988 | -9.120e-07 | 3.776e-04 | 1.533e-03 |  12   |
 SX-PT is scaling rotation angle matrix Xmax=7.14403e-01
 47 |   -106.9160933855 | -5.639e-05 | 7.651e-03 | 4.364e-03 |  19   |
 SX-PT is scaling rotation angle matrix Xmax=6.43947e+00
 48 |   -106.9163210844 | -2.277e-04 | 1.625e-02 | 8.995e-02 |  16   |
 SX-PT is scaling rotation angle matrix Xmax=1.36790e+01
 49 |   -106.9164483609 | -1.273e-04 | 1.936e-02 | 2.478e-01 |  15   |
 SX-PT is scaling rotation angle matrix Xmax=3.32839e-01
 50 |   -106.9172069700 | -7.586e-04 | 2.258e-02 | 3.273e-01 |  10   |
 SX-PT is scaling rotation angle matrix Xmax=5.14944e-01
 51 |   -106.9188135484 | -1.607e-03 | 2.927e-02 | 3.246e-01 |   9   |
 SX-PT is scaling rotation angle matrix Xmax=4.59792e-01
 52 |   -106.9210296607 | -2.216e-03 | 3.307e-02 | 2.569e-01 |   9   |
 53 |   -106.9229409073 | -1.911e-03 | 2.844e-02 | 2.116e-01 |   8   |
 SX-PT is scaling rotation angle matrix Xmax=2.75622e-01
 54 |   -106.9241236600 | -1.183e-03 | 2.485e-02 | 2.029e-01 |   8   |
 55 |   -106.9248396550 | -7.160e-04 | 1.150e-02 | 6.230e-02 |   9   |
 56 |   -106.9256239533 | -7.843e-04 | 8.409e-03 | 1.327e-01 |   8   |
 57 |   -106.9270795811 | -1.456e-03 | 7.846e-03 | 1.003e-01 |  11   |
 58 |   -106.9276613159 | -5.817e-04 | 7.359e-03 | 2.698e-02 |  12   |
 59 |   -106.9280148748 | -3.536e-04 | 4.251e-03 | 2.626e-02 |  15   |
 60 |   -106.9280759630 | -6.109e-05 | 1.637e-03 | 1.268e-02 |  11   |
 61 |   -106.9280947228 | -1.876e-05 | 9.727e-04 | 4.659e-03 |  12   |
 62 |   -106.9280982805 | -3.558e-06 | 4.118e-04 | 2.218e-03 |  10   |
 63 |   -106.9280997320 | -1.452e-06 | 2.237e-04 | 1.290e-03 |   8   |
 64 |   -106.9281000480 | -3.160e-07 | 2.091e-04 | 4.038e-04 |   4   |
 65 |   -106.9281001352 | -8.715e-08 | 7.137e-05 | 1.668e-04 |   3   |
 66 |   -106.9281001516 | -1.648e-08 | 3.051e-05 | 1.238e-04 |   4   |
 67 |   -106.9281001571 | -5.491e-09 | 2.481e-05 | 5.102e-05 |   2   |
 68 |   -106.9281001596 | -2.507e-09 | 1.922e-05 | 2.960e-05 |   2   |
 69 |   -106.9281001606 | -1.002e-09 | 8.293e-06 | 1.907e-05 |   2   |
 70 |   -106.9281001608 | -1.992e-10 | 3.643e-06 | 1.384e-05 |   1   |
 71 |   -106.9281001609 | -4.650e-11 | 1.675e-06 | 3.628e-06 |   1   |
 72 |   -106.9281001609 | -1.904e-11 | 8.341e-07 | 1.829e-06 |   1   |
____|___________________|____________|___________|___________|_______|

Lagrangian converged after 72 iterations

CAS_SCF iterations:
Time to step -   34.37243
Full time    -   34.87309
Preparation of canonical orbitals:
Time to step -    0.01064
Full time    -   34.88373
CAS_SCF WaveFunctions:

State 0  E  =    -106.9716986756 S^2 = 0.00:
 9.3994003864e-01  | 111000000000 | 111000000000
 1.7949331780e-01  | 011100000000 | 111000000000
 1.7949329972e-01  | 111000000000 | 011100000000
-6.3131024716e-02  | 111000000000 | 011000100000
-6.3131016534e-02  | 011000100000 | 111000000000
-5.2318308225e-02  | 101001000000 | 101001000000
-5.2318292172e-02  | 110010000000 | 110010000000
-4.9170726481e-02  | 111000000000 | 110010000000
-4.9170726105e-02  | 110010000000 | 111000000000
 4.9170696879e-02  | 111000000000 | 101001000000
State 1  E  =    -106.9063009047 S^2 = 0.00:
 6.6540066038e-01  | 110100000000 | 111000000000
 6.6540053577e-01  | 111000000000 | 110100000000
 2.0067964192e-01  | 101100000000 | 111000000000
 2.0067944113e-01  | 111000000000 | 101100000000
 4.8192696111e-02  | 110100000000 | 110010000000
 4.8192656665e-02  | 110010000000 | 110100000000
-3.4932497623e-02  | 101001000000 | 100101000000
-3.4932490990e-02  | 100101000000 | 101001000000
-3.4664768230e-02  | 011000100000 | 010100100000
-3.4664746960e-02  | 010100100000 | 011000100000
State 2  E  =    -106.9063009024 S^2 = 0.00:
 6.6540104269e-01  | 101100000000 | 111000000000
 6.6540014802e-01  | 111000000000 | 101100000000
-2.0067959283e-01  | 111000000000 | 110100000000
-2.0067949263e-01  | 110100000000 | 111000000000
-4.8192710037e-02  | 101100000000 | 101001000000
-4.8192654225e-02  | 101001000000 | 101100000000
 3.4932531819e-02  | 110010000000 | 100110000000
 3.4932435247e-02  | 100110000000 | 110010000000
-3.4664792477e-02  | 011000100000 | 001100100000
-3.4664696074e-02  | 001100100000 | 011000100000


CAS_SCF density averaging:
__________________________________________
 State| E                 | S^2  | weight |
______|___________________|______|________|
    0 |   -106.9716986756 | 0.00 | 1.00   |
    1 |   -106.9063009047 | 0.00 | 1.00   |
    2 |   -106.9063009024 | 0.00 | 1.00   |
______|___________________|______|________|


CAS_SCF Energy summary:
E[  0] = -106.9716986756
E[  1] = -106.9063009047 | 1.7796 eV
E[  2] = -106.9063009024 | 1.7796 eV


CAS_SCF Dipole moment:

d[  0,  0] = { 7.195682e-07, 5.621147e-07,-5.920045e+00} |d| = 5.920045e+00
d[  0,  1] = {-4.602674e-03, 1.159344e-01, 3.415441e-05} |d| = 1.160257e-01
d[  0,  2] = {-1.159343e-01,-4.602827e-03, 1.530998e-04} |d| = 1.160257e-01

d[  1,  0] = {-4.602674e-03, 1.159344e-01, 3.415441e-05} |d| = 1.160257e-01
d[  1,  1] = {-3.777862e-06, 6.207776e-06, 1.533099e-01} |d| = 1.533099e-01
d[  1,  2] = { 7.586674e-07,-3.144281e-06, 1.627972e-08} |d| = 3.234555e-06

d[  2,  0] = {-1.159343e-01,-4.602827e-03, 1.530998e-04} |d| = 1.160257e-01
d[  2,  1] = { 7.586674e-07,-3.144281e-06, 1.627972e-08} |d| = 3.234555e-06
d[  2,  2] = { 2.667056e-06, 7.658149e-06, 1.533099e-01} |d| = 1.533099e-01




Writing CAS_SCF canonical orbitals:
visualization file: lif_CAS.out
data file         : lif_CAS.orb

Writing CAS_SCF natural orbitals:
visualization file: lif_CAS_NatOrb.out
data file         : lif_CAS_NatOrb.orb

_______________________________________________________________________


CAS_SCF:
Time to step -    0.02955
Full time    -   34.91328


Calculation finished at: 12:39 (EEST), 29 September 2026 (Tuesday).
