
NonOrtogonal quantum chemistry and Perturbation Theory
                  NOPT version 3.4.2


sQM - standart QM module.

Compilation options:
1) linear algebra package - OpenBLAS
2) non-parallel BLAS matrix multiplication in the OMP parallel cycles

selected command  line options:
-i           cdas.inp	 input file

Calculation started at: 20:54 (MSK), 21 August 2026 (Friday).

_______________________________________________________________________

Input file:

   0: $PAR NUM_THREADS=4 N_MOL=1 RHF=1 CAS=1 CDAS=1 D5=1 RI=1 NAME=c2h4 $PAREND
   1: $MOL
   2: _CHARGE=0;
   3: _BASIS=cc-pvdz;
   4: _RI_BASIS=cc-pvdz-ri;
   5: _UNITS= ang;
   6: _xyz
   7: 6
   8: c2h4 
   9: C 0  0                 -0.6695
  10: C 0  0                  0.6695
  11: H 0 -0.928925576685832  1.23207734844099
  12: H 0  0.928925576685832 -1.23207734844099
  13: H 0 -0.928925576685832 -1.23207734844099
  14: H 0  0.928925576685832  1.23207734844099
  15: $END
  16: $act_space n_alp=3 n_bet=3 n_val=6 mult=1 p_n=10 reorder=1 orbitals=7,6,8,9,12,11; $end
  17: $RHF maxit=50 dE=1e-9 grad=1e-12 $END
  18: $CAS n_s=5 w_state=1 1; track maxit=1000 dE=1e-16 grad=1e-12 step=1e-11 p_cutoff =0.03 $END
  19: $CDAS IPEA $END
  20: $SYMM group=D2h $END
_______________________________________________________________________



_____________________________Input_summary_____________________________


Number of threads:  4

Job name: c2h4

Methods:
Restricted Hartree-Fock                          -     yes
Complete Active Space SCF                        -     yes
eXtended MultiConfiguration QuasiDegenerate PT   -     no 
Complete Degenerate Active Space PT              -     yes
Second order Moller-Plesset PT                   -     no 
State-specific DSRG-PT2                          -     no 
Settings:
D5                                               -     yes
Resolution of Identity                           -     yes
Spin-orbit                                       -     no 
Symmetry point group                             -     D2h
Printing:
dipole moment                                    -     yes
electron dispersion                              -     no 
quadrupole moment                                -     no 
Mulliken charges                                 -     no 
_______________________________________________________________________


Reading molecule:
-----------------------------------------------------------------------

WARNING: read_cl is blocked in the 3.0 version

                      units    = ang
                      charge   = 0
                      basis    = cc-pvdz (library)
                      RI basis = cc-pvdz-ri (library)

                      using Huckel orbitals


                      orbitals   are projected from f_basis
                      f_basis  = huckel/Huckel
WARNING:              Orbitals are reordered
                      Active space orbitals: 7 6 8 9 12 11
WARNING:              using orbital reordering with RHF=yes
                      reordering will be done after RHF calculations
_______________________________________________________________________

Molecule structure (a.u.):
 ________________________________________________________________________________________
| Atom |    C    |     X     |     Y     |     Z     |   n_ecp   |     q     |    type   |
| _____|_________|___________|___________|___________|___________|___________|___________|
|  C   |     6   |     0.000 |     0.000 |    -1.265 |           |           |    real   |
|  C   |     6   |     0.000 |     0.000 |     1.265 |           |           |    real   |
|  H   |     1   |     0.000 |    -1.755 |     2.328 |           |           |    real   |
|  H   |     1   |     0.000 |     1.755 |    -2.328 |           |           |    real   |
|  H   |     1   |     0.000 |    -1.755 |    -2.328 |           |           |    real   |
|  H   |     1   |     0.000 |     1.755 |     2.328 |           |           |    real   |
| _____|_________|___________|___________|___________|___________|___________|___________|

D2h symmetry point group is used

Molecule contains 16 electrons

C - nuclear charge (a.u.)
q - additional (partial) charge (a.u.)
n_ecp - number of electrons frozen by ECP
X,Y,Z - cartesian coordinates (Bohr)



 Basis set information:

 ____________________________________________________________________________________
|     Atom     |    L    |       alpha       |         c         |       c(lib)      |
|______________|_________|___________________|___________________|___________________|
|   C (  0)    |         |                   |                   |                   |
|              |     0   |       6665.000000 |          0.363584 |          0.000692 |
|              |         |       1000.000000 |          0.674986 |          0.005329 |
|              |         |        228.000000 |          1.131620 |          0.027077 |
|              |         |         64.710000 |          1.653009 |          0.101718 |
|              |         |         21.060000 |          1.923821 |          0.274740 |
|              |         |          7.495000 |          1.447278 |          0.448564 |
|              |         |          2.797000 |          0.439163 |          0.285074 |
|              |         |          0.521500 |          0.006646 |          0.015204 |
|              |---------|-------------------|-------------------|-------------------|
|              |     0   |       6665.000000 |         -0.154180 |         -0.000146 |
|              |         |       1000.000000 |         -0.293785 |         -0.001154 |
|              |         |        228.000000 |         -0.480896 |         -0.005725 |
|              |         |         64.710000 |         -0.761434 |         -0.023312 |
|              |         |         21.060000 |         -0.900104 |         -0.063955 |
|              |         |          7.495000 |         -0.972611 |         -0.149981 |
|              |         |          2.797000 |         -0.394042 |         -0.127262 |
|              |         |          0.521500 |          0.478394 |          0.544529 |
|              |---------|-------------------|-------------------|-------------------|
|              |     0   |          0.159600 |          0.179964 |          1.000000 |
|              |---------|-------------------|-------------------|-------------------|
|              |     1   |          9.439000 |          1.343737 |          0.038109 |
|              |         |          2.002000 |          1.063168 |          0.209480 |
|              |         |          0.545600 |          0.508232 |          0.508557 |
|              |---------|-------------------|-------------------|-------------------|
|              |     1   |          0.151700 |          0.134950 |          1.000000 |
|              |---------|-------------------|-------------------|-------------------|
|              |     2   |          0.550000 |          0.578155 |          1.000000 |
|--------------|---------|-------------------|-------------------|-------------------|
|   C (  1)    |         |                   |                   |                   |
|              |     0   |       6665.000000 |          0.363584 |          0.000692 |
|              |         |       1000.000000 |          0.674986 |          0.005329 |
|              |         |        228.000000 |          1.131620 |          0.027077 |
|              |         |         64.710000 |          1.653009 |          0.101718 |
|              |         |         21.060000 |          1.923821 |          0.274740 |
|              |         |          7.495000 |          1.447278 |          0.448564 |
|              |         |          2.797000 |          0.439163 |          0.285074 |
|              |         |          0.521500 |          0.006646 |          0.015204 |
|              |---------|-------------------|-------------------|-------------------|
|              |     0   |       6665.000000 |         -0.154180 |         -0.000146 |
|              |         |       1000.000000 |         -0.293785 |         -0.001154 |
|              |         |        228.000000 |         -0.480896 |         -0.005725 |
|              |         |         64.710000 |         -0.761434 |         -0.023312 |
|              |         |         21.060000 |         -0.900104 |         -0.063955 |
|              |         |          7.495000 |         -0.972611 |         -0.149981 |
|              |         |          2.797000 |         -0.394042 |         -0.127262 |
|              |         |          0.521500 |          0.478394 |          0.544529 |
|              |---------|-------------------|-------------------|-------------------|
|              |     0   |          0.159600 |          0.179964 |          1.000000 |
|              |---------|-------------------|-------------------|-------------------|
|              |     1   |          9.439000 |          1.343737 |          0.038109 |
|              |         |          2.002000 |          1.063168 |          0.209480 |
|              |         |          0.545600 |          0.508232 |          0.508557 |
|              |---------|-------------------|-------------------|-------------------|
|              |     1   |          0.151700 |          0.134950 |          1.000000 |
|              |---------|-------------------|-------------------|-------------------|
|              |     2   |          0.550000 |          0.578155 |          1.000000 |
|--------------|---------|-------------------|-------------------|-------------------|
|   H (  2)    |         |                   |                   |                   |
|              |     0   |         13.010000 |          0.163548 |          0.019685 |
|              |         |          1.962000 |          0.277418 |          0.137977 |
|              |         |          0.444600 |          0.315749 |          0.478148 |
|              |---------|-------------------|-------------------|-------------------|
|              |     0   |          0.122000 |          0.147123 |          1.000000 |
|              |---------|-------------------|-------------------|-------------------|
|              |     1   |          0.727000 |          0.956881 |          1.000000 |
|--------------|---------|-------------------|-------------------|-------------------|
|   H (  3)    |         |                   |                   |                   |
|              |     0   |         13.010000 |          0.163548 |          0.019685 |
|              |         |          1.962000 |          0.277418 |          0.137977 |
|              |         |          0.444600 |          0.315749 |          0.478148 |
|              |---------|-------------------|-------------------|-------------------|
|              |     0   |          0.122000 |          0.147123 |          1.000000 |
|              |---------|-------------------|-------------------|-------------------|
|              |     1   |          0.727000 |          0.956881 |          1.000000 |
|--------------|---------|-------------------|-------------------|-------------------|
|   H (  4)    |         |                   |                   |                   |
|              |     0   |         13.010000 |          0.163548 |          0.019685 |
|              |         |          1.962000 |          0.277418 |          0.137977 |
|              |         |          0.444600 |          0.315749 |          0.478148 |
|              |---------|-------------------|-------------------|-------------------|
|              |     0   |          0.122000 |          0.147123 |          1.000000 |
|              |---------|-------------------|-------------------|-------------------|
|              |     1   |          0.727000 |          0.956881 |          1.000000 |
|--------------|---------|-------------------|-------------------|-------------------|
|   H (  5)    |         |                   |                   |                   |
|              |     0   |         13.010000 |          0.163548 |          0.019685 |
|              |         |          1.962000 |          0.277418 |          0.137977 |
|              |         |          0.444600 |          0.315749 |          0.478148 |
|              |---------|-------------------|-------------------|-------------------|
|              |     0   |          0.122000 |          0.147123 |          1.000000 |
|              |---------|-------------------|-------------------|-------------------|
|              |     1   |          0.727000 |          0.956881 |          1.000000 |
|______________|_________|___________________|___________________|___________________|



 RI basis set information:

 ____________________________________________________________________________________
|     Atom     |    L    |       alpha       |         c         |       c(lib)      |
|______________|_________|___________________|___________________|___________________|
|   C (  0)    |         |                   |                   |                   |
|              |     0   |         62.745300 |         15.888979 |          1.000000 |
|              |---------|-------------------|-------------------|-------------------|
|              |     0   |         13.804500 |          5.104176 |          1.000000 |
|              |---------|-------------------|-------------------|-------------------|
|              |     0   |          4.772770 |          2.301378 |          1.000000 |
|              |---------|-------------------|-------------------|-------------------|
|              |     0   |          1.513330 |          0.972434 |          1.000000 |
|              |---------|-------------------|-------------------|-------------------|
|              |     0   |          0.782697 |          0.593069 |          1.000000 |
|              |---------|-------------------|-------------------|-------------------|
|              |     0   |          0.409072 |          0.364552 |          1.000000 |
|              |---------|-------------------|-------------------|-------------------|
|              |     0   |          0.206796 |          0.218558 |          1.000000 |
|              |---------|-------------------|-------------------|-------------------|
|              |     1   |         20.885100 |         63.640823 |          1.000000 |
|              |---------|-------------------|-------------------|-------------------|
|              |     1   |          6.005230 |         13.399918 |          1.000000 |
|              |---------|-------------------|-------------------|-------------------|
|              |     1   |          1.720600 |          2.808924 |          1.000000 |
|              |---------|-------------------|-------------------|-------------------|
|              |     1   |          0.754465 |          1.002280 |          1.000000 |
|              |---------|-------------------|-------------------|-------------------|
|              |     1   |          0.321667 |          0.345301 |          1.000000 |
|              |---------|-------------------|-------------------|-------------------|
|              |     2   |         10.171500 |         95.352748 |          1.000000 |
|              |---------|-------------------|-------------------|-------------------|
|              |     2   |          2.678440 |          9.230024 |          1.000000 |
|              |---------|-------------------|-------------------|-------------------|
|              |     2   |          0.922515 |          1.429266 |          1.000000 |
|              |---------|-------------------|-------------------|-------------------|
|              |     2   |          0.340842 |          0.250252 |          1.000000 |
|              |---------|-------------------|-------------------|-------------------|
|              |     3   |          2.742930 |         14.254027 |          1.000000 |
|              |---------|-------------------|-------------------|-------------------|
|              |     3   |          0.895756 |          1.149162 |          1.000000 |
|--------------|---------|-------------------|-------------------|-------------------|
|   C (  1)    |         |                   |                   |                   |
|              |     0   |         62.745300 |         15.888979 |          1.000000 |
|              |---------|-------------------|-------------------|-------------------|
|              |     0   |         13.804500 |          5.104176 |          1.000000 |
|              |---------|-------------------|-------------------|-------------------|
|              |     0   |          4.772770 |          2.301378 |          1.000000 |
|              |---------|-------------------|-------------------|-------------------|
|              |     0   |          1.513330 |          0.972434 |          1.000000 |
|              |---------|-------------------|-------------------|-------------------|
|              |     0   |          0.782697 |          0.593069 |          1.000000 |
|              |---------|-------------------|-------------------|-------------------|
|              |     0   |          0.409072 |          0.364552 |          1.000000 |
|              |---------|-------------------|-------------------|-------------------|
|              |     0   |          0.206796 |          0.218558 |          1.000000 |
|              |---------|-------------------|-------------------|-------------------|
|              |     1   |         20.885100 |         63.640823 |          1.000000 |
|              |---------|-------------------|-------------------|-------------------|
|              |     1   |          6.005230 |         13.399918 |          1.000000 |
|              |---------|-------------------|-------------------|-------------------|
|              |     1   |          1.720600 |          2.808924 |          1.000000 |
|              |---------|-------------------|-------------------|-------------------|
|              |     1   |          0.754465 |          1.002280 |          1.000000 |
|              |---------|-------------------|-------------------|-------------------|
|              |     1   |          0.321667 |          0.345301 |          1.000000 |
|              |---------|-------------------|-------------------|-------------------|
|              |     2   |         10.171500 |         95.352748 |          1.000000 |
|              |---------|-------------------|-------------------|-------------------|
|              |     2   |          2.678440 |          9.230024 |          1.000000 |
|              |---------|-------------------|-------------------|-------------------|
|              |     2   |          0.922515 |          1.429266 |          1.000000 |
|              |---------|-------------------|-------------------|-------------------|
|              |     2   |          0.340842 |          0.250252 |          1.000000 |
|              |---------|-------------------|-------------------|-------------------|
|              |     3   |          2.742930 |         14.254027 |          1.000000 |
|              |---------|-------------------|-------------------|-------------------|
|              |     3   |          0.895756 |          1.149162 |          1.000000 |
|--------------|---------|-------------------|-------------------|-------------------|
|   H (  2)    |         |                   |                   |                   |
|              |     0   |          5.115890 |          2.424381 |          1.000000 |
|              |---------|-------------------|-------------------|-------------------|
|              |     0   |          1.142965 |          0.787834 |          1.000000 |
|              |---------|-------------------|-------------------|-------------------|
|              |     0   |          0.291662 |          0.282859 |          1.000000 |
|              |---------|-------------------|-------------------|-------------------|
|              |     1   |          1.914964 |          3.211004 |          1.000000 |
|              |---------|-------------------|-------------------|-------------------|
|              |     1   |          0.986401 |          1.401222 |          1.000000 |
|              |---------|-------------------|-------------------|-------------------|
|              |     2   |          1.172083 |          2.173136 |          1.000000 |
|--------------|---------|-------------------|-------------------|-------------------|
|   H (  3)    |         |                   |                   |                   |
|              |     0   |          5.115890 |          2.424381 |          1.000000 |
|              |---------|-------------------|-------------------|-------------------|
|              |     0   |          1.142965 |          0.787834 |          1.000000 |
|              |---------|-------------------|-------------------|-------------------|
|              |     0   |          0.291662 |          0.282859 |          1.000000 |
|              |---------|-------------------|-------------------|-------------------|
|              |     1   |          1.914964 |          3.211004 |          1.000000 |
|              |---------|-------------------|-------------------|-------------------|
|              |     1   |          0.986401 |          1.401222 |          1.000000 |
|              |---------|-------------------|-------------------|-------------------|
|              |     2   |          1.172083 |          2.173136 |          1.000000 |
|--------------|---------|-------------------|-------------------|-------------------|
|   H (  4)    |         |                   |                   |                   |
|              |     0   |          5.115890 |          2.424381 |          1.000000 |
|              |---------|-------------------|-------------------|-------------------|
|              |     0   |          1.142965 |          0.787834 |          1.000000 |
|              |---------|-------------------|-------------------|-------------------|
|              |     0   |          0.291662 |          0.282859 |          1.000000 |
|              |---------|-------------------|-------------------|-------------------|
|              |     1   |          1.914964 |          3.211004 |          1.000000 |
|              |---------|-------------------|-------------------|-------------------|
|              |     1   |          0.986401 |          1.401222 |          1.000000 |
|              |---------|-------------------|-------------------|-------------------|
|              |     2   |          1.172083 |          2.173136 |          1.000000 |
|--------------|---------|-------------------|-------------------|-------------------|
|   H (  5)    |         |                   |                   |                   |
|              |     0   |          5.115890 |          2.424381 |          1.000000 |
|              |---------|-------------------|-------------------|-------------------|
|              |     0   |          1.142965 |          0.787834 |          1.000000 |
|              |---------|-------------------|-------------------|-------------------|
|              |     0   |          0.291662 |          0.282859 |          1.000000 |
|              |---------|-------------------|-------------------|-------------------|
|              |     1   |          1.914964 |          3.211004 |          1.000000 |
|              |---------|-------------------|-------------------|-------------------|
|              |     1   |          0.986401 |          1.401222 |          1.000000 |
|              |---------|-------------------|-------------------|-------------------|
|              |     2   |          1.172083 |          2.173136 |          1.000000 |
|______________|_________|___________________|___________________|___________________|



 Pseudopotential information:

 ________________________________________________________________ 





Calculation of 1-el matrices:
Time to step -    0.65388
Full time    -    0.65388



_______________________Starting_RHF_calculations_______________________

Energy convergence:               1.000000e-09
Orbital gradient convergence:     1.000000e-12
Maximum number of iterations:     50

Number of core orbitals:          8

_______________________________________________________________________




RI integrals calculation:
Time to step -    0.01435
Full time    -    0.66823


_______________________________________________________________________________


Starting SCF
ITER 0	E=-76.6790386252	dE=-7.667904e+01	orb_grad = 7.615779e+00
ITER 1	E=-78.0118813042	dE=-1.332843e+00	orb_grad = 3.056609e-01
ITER 2	E=-78.0367601256	dE=-2.487882e-02	orb_grad = 1.060596e-01
ITER 3	E=-78.0410895329	dE=-4.329407e-03	orb_grad = 1.399617e-02
ITER 4	E=-78.0411922336	dE=-1.027007e-04	orb_grad = 5.064248e-03
ITER 5	E=-78.0411980300	dE=-5.796432e-06	orb_grad = 5.201080e-04
ITER 6	E=-78.0411981162	dE=-8.620202e-08	orb_grad = 8.856875e-05
ITER 7	E=-78.0411981212	dE=-4.920167e-09	orb_grad = 9.286955e-06
ITER 8	E=-78.0411981212	dE=-6.133405e-11	orb_grad = 2.561908e-06

Energy converged after 8 iterations

Writing RHF orbitals:
visualization file: c2h4_RHF.out
data file         : c2h4_RHF.orb


WARNING: using CAS orbital reordering  with RHF=y
         reordering is done now
         previous files are written before reordering



RHF converged at:
Time to step -    0.02356
Full time    -    0.69179



______________________Starting_CASSCF_calculations_____________________

Number of states                  5
State multiplicity                1 (singlet)

Active space:
Number of alpha electrons         3
Number of beta  electrons         3
Number of active orbitals         6

Number of core orbitals:          5

Preparation of virtual orbitals:  yes
State tracking:                   yes
State averaging:
Weights:	 1.00e+00  1.00e+00 

SCF settings:
Energy convergence:               1.000000e-16
Orbital gradient convergence:     1.000000e-12
Rotation matrix convergence :     1.000000e-11
Maximum number of iterations:     1000
Maximum SOSCF step          :     1.000000e-01

CI solver:                        determinant CI (aldet)
Davidson diagonalization settings:
Number of correlation vectors:    15
Number of basis functions:        300
Maximum number of iterations:     250
Energy convergence:               1.000000e-10
Residue convergence:              5.000000e-08
Orthogonality cut-off:            1.000000e-08
Energy denominator shift:         3.000000e-02
Sparsed multiplication:           no

_______________________________________________________________________




____________________Starting_Davidson_diagonalization__________________


Step 0
_________________________________________________
  n | E                 | dE         | norm(r)   |
____|___________________|____________|___________|
  0 |    -78.0607092090 | -7.806e+01 | 9.748e-28 |
  1 |    -77.6899127486 | -7.769e+01 | 7.863e-27 |
  2 |    -77.6864877121 | -7.769e+01 | 4.004e-27 |
  3 |    -77.6768425589 | -7.768e+01 | 4.944e-27 |
  4 |    -77.6578672344 | -7.766e+01 | 8.174e-27 |
____|___________________|____________|___________|
number of corr vectors=175
5 roots converged at step 0


CAS_CI WaveFunctions:

State 0  E  =     -78.0607092090 S^2 = 0.00:
 9.8356415860e-01  | 101001 | 101001
-1.7736483867e-01  | 111000 | 111000
-1.4502882326e-02  | 100011 | 100011
-1.1666044633e-02  | 110001 | 110001
-1.0425090118e-02  | 100101 | 100101
-1.0335202715e-02  | 011001 | 011001
-8.3417579681e-03  | 001011 | 001011
-7.4832474056e-03  | 100011 | 111000
-7.4832474056e-03  | 111000 | 100011
 7.4766023790e-03  | 001101 | 100011
State 1  E  =     -77.6899127486 S^2 = 0.00:
-7.0430111036e-01  | 111000 | 101001
-7.0430111036e-01  | 101001 | 111000
 5.2524817795e-02  | 101001 | 100011
 5.2524817795e-02  | 100011 | 101001
-2.9946937500e-02  | 101001 | 001101
-2.9946937500e-02  | 001101 | 101001
 9.7495072596e-03  | 110010 | 100011
 9.7495072596e-03  | 100011 | 110010
 7.3329107519e-03  | 110100 | 100101
 7.3329107519e-03  | 100101 | 110100
State 2  E  =     -77.6864877121 S^2 = 0.00:
 5.5094995830e-01  | 110001 | 101001
 5.5094995830e-01  | 101001 | 110001
 4.4298339675e-01  | 101010 | 101001
 4.4298339675e-01  | 101001 | 101010
-6.5199116395e-03  | 110010 | 110001
-6.5199116395e-03  | 110001 | 110010
-5.7719687896e-03  | 011010 | 011001
-5.7719687896e-03  | 011001 | 011010
-4.9221623156e-03  | 010011 | 001011
-4.9221623156e-03  | 001011 | 010011
State 3  E  =     -77.6768425589 S^2 = 0.00:
 5.5087832746e-01  | 101010 | 101001
 5.5087832746e-01  | 101001 | 101010
-4.4305338144e-01  | 110001 | 101001
-4.4305338144e-01  | 101001 | 110001
-7.2754472770e-03  | 110010 | 110001
-7.2754472770e-03  | 110001 | 110010
-7.1456476742e-03  | 011010 | 011001
-7.1456476742e-03  | 011001 | 011010
-5.3828497142e-03  | 100110 | 100101
-5.3828497142e-03  | 100101 | 100110
State 4  E  =     -77.6578672344 S^2 = 0.00:
-6.5864136848e-01  | 101100 | 101001
-6.5864136848e-01  | 101001 | 101100
-2.5656376070e-01  | 101001 | 011001
-2.5656376070e-01  | 011001 | 101001
 9.1830278916e-03  | 110100 | 110001
 9.1830278916e-03  | 110001 | 110100
-8.9611658723e-03  | 100110 | 100011
-8.9611658723e-03  | 100011 | 100110
 8.1553481183e-03  | 011100 | 011001
 8.1553481183e-03  | 011001 | 011100


Davidson diagonalization:
Time to step -    0.01407
Full time    -    0.70586
_______________________________________________________________________
Primary CI and calculation canonical orbitals:
Time to step -    0.01658
Full time    -    0.72244


CAS_SCF density averaging:
__________________________________________
 State| E                 | S^2  | weight |
______|___________________|______|________|
    0 |    -78.0607092090 | 0.00 | 1.00   |
    1 |    -77.6899127486 | 0.00 | 1.00   |
    2 |    -77.6864877121 | 0.00 | 0.00   |
    3 |    -77.6768425589 | 0.00 | 0.00   |
    4 |    -77.6578672344 | 0.00 | 0.00   |
______|___________________|______|________|

Start CAS_SCF iterations
_________________________________________________________________________________
  N | E                 | dE         | LAG.ASYM. | ROT.STEP  | N_dav | sweep_dE  |
____|___________________|____________|___________|___________|_______|___________|
  0 |    -77.8753109788 | -7.788e+01 | 7.036e-02 | 1.000e+00 |   0   | 0.000e+00 |
 SOSCF is scaling rotation angle matrix Xmax=1.27819e+00                         |
  1 |    -77.8780736751 | -2.763e-03 | 6.183e-02 | 1.000e-01 |   0   | 0.000e+00 |
 SOSCF is scaling rotation angle matrix Xmax=2.62210e-01                         |
  2 |    -77.8790441509 | -9.705e-04 | 3.184e-02 | 1.000e-01 |   0   | 0.000e+00 |
 SOSCF is scaling rotation angle matrix Xmax=2.73519e-01                         |
  3 |    -77.8789437122 |  1.004e-04 | 3.711e-02 | 1.000e-01 |   0   | 0.000e+00 |
 SOSCF is scaling rotation angle matrix Xmax=1.32782e-01                         |
  4 |    -77.8799987602 | -1.055e-03 | 2.164e-02 | 1.000e-01 |   0   | 0.000e+00 |
 SOSCF is scaling rotation angle matrix Xmax=2.15860e+00                         |
  5 |    -77.8805636887 | -5.649e-04 | 4.823e-02 | 1.000e-01 |   0   | 0.000e+00 |
 SOSCF is scaling rotation angle matrix Xmax=2.58510e-01                         |
  6 |    -77.8795687496 |  9.949e-04 | 5.800e-02 | 1.000e-01 |   0   | 0.000e+00 |
 SOSCF is scaling rotation angle matrix Xmax=1.28883e+02                         |
  7 |    -77.8805576811 | -9.889e-04 | 4.885e-02 | 1.000e-01 |   0   | 0.000e+00 |
 SOSCF is scaling rotation angle matrix Xmax=1.18628e+00                         |
  8 |    -77.8796562636 |  9.014e-04 | 5.391e-02 | 1.000e-01 |   0   | 0.000e+00 |
 SOSCF is scaling rotation angle matrix Xmax=2.60130e+00                         |
  9 |    -77.8806992692 | -1.043e-03 | 4.801e-02 | 1.000e-01 |   0   | 0.000e+00 |
 SOSCF is scaling rotation angle matrix Xmax=8.26817e-01                         |
 10 |    -77.8800593337 |  6.399e-04 | 5.130e-02 | 1.000e-01 |   0   | 0.000e+00 |
 SOSCF is scaling rotation angle matrix Xmax=1.18364e+01                         |
 11 |    -77.8806939988 | -6.347e-04 | 4.804e-02 | 1.000e-01 |   0   | 0.000e+00 |
 SOSCF is scaling rotation angle matrix Xmax=1.55702e+00                         |
 12 |    -77.8801126390 |  5.814e-04 | 5.103e-02 | 1.000e-01 |   0   | 0.000e+00 |
 SOSCF is scaling rotation angle matrix Xmax=1.43226e+00                         |
 13 |    -77.8796304854 |  4.822e-04 | 5.436e-02 | 1.000e-01 |   0   | 0.000e+00 |
 SOSCF is scaling rotation angle matrix Xmax=1.02551e+00                         |
 14 |    -77.8792781199 |  3.524e-04 | 5.711e-02 | 1.000e-01 |   0   | 0.000e+00 |
 SOSCF is scaling rotation angle matrix Xmax=7.52772e-01                         |
 15 |    -77.8790916534 |  1.865e-04 | 5.860e-02 | 1.000e-01 |   0   | 0.000e+00 |
 SOSCF is scaling rotation angle matrix Xmax=4.05144e-01                         |
 16 |    -77.8791455835 | -5.393e-05 | 5.856e-02 | 1.000e-01 |   0   | 0.000e+00 |
 SOSCF is scaling rotation angle matrix Xmax=1.78347e-01                         |
 17 |    -77.8791559996 | -1.042e-05 | 5.884e-02 | 1.000e-01 |   0   | 0.000e+00 |
 18 |    -77.8788885501 |  2.674e-04 | 5.861e-02 | 6.145e-02 |   0   | 0.000e+00 |
 SOSCF is scaling rotation angle matrix Xmax=4.82739e-01                         |
 19 |    -77.8777814077 |  1.107e-03 | 5.371e-02 | 1.000e-01 |   0   | 0.000e+00 |
 SOSCF is scaling rotation angle matrix Xmax=3.97874e-01                         |
 20 |    -77.8772447903 |  5.366e-04 | 4.434e-02 | 1.000e-01 |   0   | 0.000e+00 |
 SOSCF is scaling rotation angle matrix Xmax=3.92361e-01                         |
tracking changed state 1 to 2
 21 |    -77.8776984475 | -4.537e-04 | 3.987e-02 | 1.000e-01 |   0   | 0.000e+00 |
 SOSCF is scaling rotation angle matrix Xmax=7.17223e-01                         |
tracking changed state 1 to 1
 22 |    -77.8770881739 |  6.103e-04 | 4.108e-02 | 1.000e-01 |   0   | 0.000e+00 |
 SOSCF is scaling rotation angle matrix Xmax=3.37861e+00                         |
 23 |    -77.8771884436 | -1.003e-04 | 3.436e-02 | 1.000e-01 |   0   | 0.000e+00 |
 SOSCF is scaling rotation angle matrix Xmax=1.38589e+02                         |
tracking changed state 1 to 2
 24 |    -77.8772830978 | -9.465e-05 | 2.772e-02 | 1.000e-01 |   0   | 0.000e+00 |
 SOSCF is scaling rotation angle matrix Xmax=1.03847e+01                         |
 25 |    -77.8776926072 | -4.095e-04 | 2.997e-02 | 1.000e-01 |   0   | 0.000e+00 |
 SOSCF is scaling rotation angle matrix Xmax=5.28827e+00                         |
 26 |    -77.8779127207 | -2.201e-04 | 2.985e-02 | 1.000e-01 |   0   | 0.000e+00 |
 SOSCF is scaling rotation angle matrix Xmax=2.27599e+02                         |
tracking changed state 1 to 1
 27 |    -77.8783237716 | -4.111e-04 | 2.795e-02 | 1.000e-01 |   0   | 0.000e+00 |
 SOSCF is scaling rotation angle matrix Xmax=4.66590e+00                         |
 28 |    -77.8784437029 | -1.199e-04 | 2.783e-02 | 1.000e-01 |   0   | 0.000e+00 |
 SOSCF is scaling rotation angle matrix Xmax=4.77314e+00                         |
 29 |    -77.8786394145 | -1.957e-04 | 2.968e-02 | 1.000e-01 |   0   | 0.000e+00 |
 SOSCF is scaling rotation angle matrix Xmax=3.54198e+00                         |
 30 |    -77.8787546644 | -1.152e-04 | 2.601e-02 | 1.000e-01 |   0   | 0.000e+00 |
 SOSCF is scaling rotation angle matrix Xmax=1.31345e+00                         |
 31 |    -77.8787980532 | -4.339e-05 | 2.760e-02 | 1.000e-01 |   0   | 0.000e+00 |
 SOSCF is scaling rotation angle matrix Xmax=3.05147e-01                         |
 32 |    -77.8787267883 |  7.126e-05 | 3.043e-02 | 1.000e-01 |   0   | 0.000e+00 |
 SOSCF is scaling rotation angle matrix Xmax=6.12671e-01                         |
 33 |    -77.8789268429 | -2.001e-04 | 2.960e-02 | 1.000e-01 |   0   | 0.000e+00 |
 SOSCF is scaling rotation angle matrix Xmax=9.23450e-01                         |
 34 |    -77.8792602288 | -3.334e-04 | 2.903e-02 | 1.000e-01 |   0   | 0.000e+00 |
 SOSCF is scaling rotation angle matrix Xmax=6.90730e-01                         |
 35 |    -77.8797283472 | -4.681e-04 | 3.443e-02 | 1.000e-01 |   0   | 0.000e+00 |
 SOSCF is scaling rotation angle matrix Xmax=6.62141e-01                         |
 36 |    -77.8799533076 | -2.250e-04 | 3.666e-02 | 1.000e-01 |   0   | 0.000e+00 |
 SOSCF is scaling rotation angle matrix Xmax=4.40238e-01                         |
 37 |    -77.8799505614 |  2.746e-06 | 3.513e-02 | 1.000e-01 |   0   | 0.000e+00 |
 SOSCF is scaling rotation angle matrix Xmax=3.15674e-01                         |
 38 |    -77.8799783048 | -2.774e-05 | 3.613e-02 | 1.000e-01 |   0   | 0.000e+00 |
 SOSCF is scaling rotation angle matrix Xmax=6.44050e+01                         |
 39 |    -77.8799963434 | -1.804e-05 | 3.702e-02 | 1.000e-01 |   0   | 0.000e+00 |
 40 |    -77.8802256150 | -2.293e-04 | 3.788e-02 | 6.787e-02 |   0   | 0.000e+00 |
 SOSCF is scaling rotation angle matrix Xmax=9.38337e-01                         |
 41 |    -77.8805582300 | -3.326e-04 | 4.292e-02 | 1.000e-01 |   0   | 0.000e+00 |
 SOSCF is scaling rotation angle matrix Xmax=5.79101e-01                         |
 42 |    -77.8808163433 | -2.581e-04 | 4.667e-02 | 1.000e-01 |   0   | 0.000e+00 |
 SOSCF is scaling rotation angle matrix Xmax=2.24689e-01                         |
 43 |    -77.8810100428 | -1.937e-04 | 5.148e-02 | 1.000e-01 |   0   | 0.000e+00 |
 SOSCF is scaling rotation angle matrix Xmax=3.66252e+00                         |
 44 |    -77.8811263652 | -1.163e-04 | 5.667e-02 | 1.000e-01 |   0   | 0.000e+00 |
 SOSCF is scaling rotation angle matrix Xmax=1.49134e+00                         |
 45 |    -77.8812978295 | -1.715e-04 | 6.043e-02 | 1.000e-01 |   0   | 0.000e+00 |
 SOSCF is scaling rotation angle matrix Xmax=2.82360e+03                         |
 46 |    -77.8814615560 | -1.637e-04 | 6.366e-02 | 1.000e-01 |   0   | 0.000e+00 |
 SOSCF is scaling rotation angle matrix Xmax=1.06201e+00                         |
 47 |    -77.8816327949 | -1.712e-04 | 6.797e-02 | 1.000e-01 |   0   | 0.000e+00 |
 SOSCF is scaling rotation angle matrix Xmax=2.22154e-01                         |
 48 |    -77.8819600456 | -3.273e-04 | 6.634e-02 | 1.000e-01 |   0   | 0.000e+00 |
 SOSCF is scaling rotation angle matrix Xmax=1.71708e-01                         |
 49 |    -77.8820666571 | -1.066e-04 | 7.295e-02 | 1.000e-01 |   0   | 0.000e+00 |
 SOSCF is scaling rotation angle matrix Xmax=1.97587e-01                         |
 50 |    -77.8822414132 | -1.748e-04 | 6.634e-02 | 1.000e-01 |   0   | 0.000e+00 |
 SOSCF is scaling rotation angle matrix Xmax=1.61314e-01                         |
 51 |    -77.8824176599 | -1.762e-04 | 6.243e-02 | 1.000e-01 |   0   | 0.000e+00 |
 SOSCF is scaling rotation angle matrix Xmax=3.98204e+00                         |
 52 |    -77.8826259278 | -2.083e-04 | 6.426e-02 | 1.000e-01 |   0   | 0.000e+00 |
 SOSCF is scaling rotation angle matrix Xmax=4.68377e-01                         |
 53 |    -77.8825841277 |  4.180e-05 | 6.115e-02 | 1.000e-01 |   0   | 0.000e+00 |
 SOSCF is scaling rotation angle matrix Xmax=1.64266e+00                         |
 54 |    -77.8826225128 | -3.839e-05 | 6.529e-02 | 1.000e-01 |   0   | 0.000e+00 |
 SOSCF is scaling rotation angle matrix Xmax=2.79419e-01                         |
 55 |    -77.8826568049 | -3.429e-05 | 6.286e-02 | 1.000e-01 |   0   | 0.000e+00 |
 SOSCF is scaling rotation angle matrix Xmax=2.88444e-01                         |
 56 |    -77.8825812879 |  7.552e-05 | 6.634e-02 | 1.000e-01 |   0   | 0.000e+00 |
 SOSCF is scaling rotation angle matrix Xmax=4.47074e-01                         |
 57 |    -77.8824485528 |  1.327e-04 | 7.057e-02 | 1.000e-01 |   0   | 0.000e+00 |
 SOSCF is scaling rotation angle matrix Xmax=3.64815e+00                         |
 58 |    -77.8825301045 | -8.155e-05 | 6.732e-02 | 1.000e-01 |   0   | 0.000e+00 |
 SOSCF is scaling rotation angle matrix Xmax=4.39083e+00                         |
 59 |    -77.8828646184 | -3.345e-04 | 6.652e-02 | 1.000e-01 |   0   | 0.000e+00 |
 SOSCF is scaling rotation angle matrix Xmax=2.96221e+00                         |
 60 |    -77.8834055974 | -5.410e-04 | 6.323e-02 | 1.000e-01 |   0   | 0.000e+00 |
 SOSCF is scaling rotation angle matrix Xmax=6.06190e+01                         |
 61 |    -77.8839356792 | -5.301e-04 | 5.919e-02 | 1.000e-01 |   0   | 0.000e+00 |
 SOSCF is scaling rotation angle matrix Xmax=3.38794e+00                         |
 62 |    -77.8844436112 | -5.079e-04 | 5.494e-02 | 1.000e-01 |   0   | 0.000e+00 |
 SOSCF is scaling rotation angle matrix Xmax=1.01850e+00                         |
 63 |    -77.8849259878 | -4.824e-04 | 5.107e-02 | 1.000e-01 |   0   | 0.000e+00 |
 SOSCF is scaling rotation angle matrix Xmax=5.50452e-01                         |
 64 |    -77.8853646690 | -4.387e-04 | 4.663e-02 | 1.000e-01 |   0   | 0.000e+00 |
 SOSCF is scaling rotation angle matrix Xmax=1.10147e+00                         |
 65 |    -77.8855129142 | -1.482e-04 | 4.796e-02 | 1.000e-01 |   0   | 0.000e+00 |
 SOSCF is scaling rotation angle matrix Xmax=1.25571e+01                         |
 66 |    -77.8859496631 | -4.367e-04 | 4.215e-02 | 1.000e-01 |   0   | 0.000e+00 |
 SOSCF is scaling rotation angle matrix Xmax=4.21050e-01                         |
 67 |    -77.8865851510 | -6.355e-04 | 3.512e-02 | 1.000e-01 |   0   | 0.000e+00 |
 SOSCF is scaling rotation angle matrix Xmax=9.31607e-01                         |
 68 |    -77.8869028612 | -3.177e-04 | 3.704e-02 | 1.000e-01 |   0   | 0.000e+00 |
 SOSCF is scaling rotation angle matrix Xmax=1.79595e+00                         |
 69 |    -77.8872080620 | -3.052e-04 | 3.910e-02 | 1.000e-01 |   0   | 0.000e+00 |
 SOSCF is scaling rotation angle matrix Xmax=5.98023e+00                         |
 70 |    -77.8874737712 | -2.657e-04 | 4.184e-02 | 1.000e-01 |   0   | 0.000e+00 |
 SOSCF is scaling rotation angle matrix Xmax=1.45254e+02                         |
 71 |    -77.8877433887 | -2.696e-04 | 4.506e-02 | 1.000e-01 |   0   | 0.000e+00 |
 SOSCF is scaling rotation angle matrix Xmax=1.21700e+02                         |
 72 |    -77.8880133417 | -2.700e-04 | 4.853e-02 | 1.000e-01 |   0   | 0.000e+00 |
 SOSCF is scaling rotation angle matrix Xmax=1.60795e+00                         |
 73 |    -77.8882875376 | -2.742e-04 | 5.031e-02 | 1.000e-01 |   0   | 0.000e+00 |
 SOSCF is scaling rotation angle matrix Xmax=7.67441e-01                         |
 74 |    -77.8884257453 | -1.382e-04 | 5.811e-02 | 1.000e-01 |   0   | 0.000e+00 |
 SOSCF is scaling rotation angle matrix Xmax=5.88950e-01                         |
 75 |    -77.8886168726 | -1.911e-04 | 5.467e-02 | 1.000e-01 |   0   | 0.000e+00 |
 SOSCF is scaling rotation angle matrix Xmax=3.59118e-01                         |
 76 |    -77.8888026146 | -1.857e-04 | 5.050e-02 | 1.000e-01 |   0   | 0.000e+00 |
 77 |    -77.8887732232 |  2.939e-05 | 4.251e-02 | 7.458e-02 |   0   | 0.000e+00 |
 78 |    -77.8888000231 | -2.680e-05 | 5.148e-02 | 6.706e-02 |   0   | 0.000e+00 |
 79 |    -77.8887959586 |  4.064e-06 | 4.413e-02 | 2.886e-02 |   0   | 0.000e+00 |
 80 |    -77.8887839131 |  1.205e-05 | 4.731e-02 | 2.646e-02 |   0   | 0.000e+00 |
 SOSCF is scaling rotation angle matrix Xmax=2.02883e-01                         |
 81 |    -77.8886184433 |  1.655e-04 | 5.451e-02 | 1.000e-01 |   0   | 0.000e+00 |
 SOSCF is scaling rotation angle matrix Xmax=2.01756e-01                         |
 82 |    -77.8888025629 | -1.841e-04 | 7.157e-02 | 1.000e-01 |   0   | 0.000e+00 |
 SOSCF is scaling rotation angle matrix Xmax=2.15710e-01                         |
 83 |    -77.8891656632 | -3.631e-04 | 8.181e-02 | 1.000e-01 |   0   | 0.000e+00 |
 SOSCF is scaling rotation angle matrix Xmax=5.66320e+00                         |
 84 |    -77.8894270249 | -2.614e-04 | 8.927e-02 | 1.000e-01 |   0   | 0.000e+00 |
 SOSCF is scaling rotation angle matrix Xmax=1.16333e+02                         |
 85 |    -77.8896875367 | -2.605e-04 | 9.655e-02 | 1.000e-01 |   0   | 0.000e+00 |
 SOSCF is scaling rotation angle matrix Xmax=1.60420e+00                         |
 86 |    -77.8899906864 | -3.031e-04 | 1.030e-01 | 1.000e-01 |   0   | 0.000e+00 |
 SOSCF is scaling rotation angle matrix Xmax=6.37607e-01                         |
 87 |    -77.8903506039 | -3.599e-04 | 1.067e-01 | 1.000e-01 |   0   | 0.000e+00 |
 SOSCF is scaling rotation angle matrix Xmax=2.70032e-01                         |
 88 |    -77.8907683086 | -4.177e-04 | 1.084e-01 | 1.000e-01 |   0   | 0.000e+00 |
 SOSCF is scaling rotation angle matrix Xmax=1.00493e-01                         |
 89 |    -77.8910217060 | -2.534e-04 | 1.059e-01 | 1.000e-01 |   0   | 0.000e+00 |
 SOSCF is scaling rotation angle matrix Xmax=2.03698e-01                         |
 90 |    -77.8908580640 |  1.636e-04 | 1.309e-01 | 1.000e-01 |   0   | 0.000e+00 |
 SOSCF is scaling rotation angle matrix Xmax=2.79012e+00                         |
 91 |    -77.8908283776 |  2.969e-05 | 1.312e-01 | 1.000e-01 |   0   | 0.000e+00 |
 SOSCF is scaling rotation angle matrix Xmax=1.41994e+00                         |
 92 |    -77.8915577411 | -7.294e-04 | 1.351e-01 | 1.000e-01 |   0   | 0.000e+00 |
 SOSCF is scaling rotation angle matrix Xmax=4.68397e-01                         |
 93 |    -77.8932661844 | -1.708e-03 | 1.403e-01 | 1.000e-01 |   0   | 0.000e+00 |
 SOSCF is scaling rotation angle matrix Xmax=1.07490e+00                         |
 94 |    -77.8960421918 | -2.776e-03 | 1.469e-01 | 1.000e-01 |   0   | 0.000e+00 |
 SOSCF is scaling rotation angle matrix Xmax=5.20743e-01                         |
 95 |    -77.8987786448 | -2.736e-03 | 1.448e-01 | 1.000e-01 |   0   | 0.000e+00 |
 SOSCF is scaling rotation angle matrix Xmax=4.74394e-01                         |
 96 |    -77.9010910940 | -2.312e-03 | 1.461e-01 | 1.000e-01 |   0   | 0.000e+00 |
 SOSCF is scaling rotation angle matrix Xmax=4.18678e-01                         |
 97 |    -77.9022774505 | -1.186e-03 | 1.460e-01 | 1.000e-01 |   0   | 0.000e+00 |
 SOSCF is scaling rotation angle matrix Xmax=3.22090e-01                         |
 98 |    -77.9039196797 | -1.642e-03 | 1.447e-01 | 1.000e-01 |   0   | 0.000e+00 |
 SOSCF is scaling rotation angle matrix Xmax=2.30422e-01                         |
 99 |    -77.9051873995 | -1.268e-03 | 1.261e-01 | 1.000e-01 |   0   | 0.000e+00 |
100 |    -77.9068587054 | -1.671e-03 | 1.308e-01 | 4.978e-02 |   0   | 0.000e+00 |
101 |    -77.9092841414 | -2.425e-03 | 1.041e-01 | 9.130e-02 |   0   | 0.000e+00 |
 SOSCF is scaling rotation angle matrix Xmax=1.19713e-01                         |
102 |    -77.9110734856 | -1.789e-03 | 7.715e-02 | 1.000e-01 |   0   | 0.000e+00 |
103 |    -77.9142309273 | -3.157e-03 | 8.443e-02 | 7.624e-02 |   0   | 0.000e+00 |
 SOSCF is scaling rotation angle matrix Xmax=2.43555e-01                         |
104 |    -77.9169602497 | -2.729e-03 | 6.298e-02 | 1.000e-01 |   0   | 0.000e+00 |
 SOSCF is scaling rotation angle matrix Xmax=1.93015e-01                         |
105 |    -77.9182955444 | -1.335e-03 | 3.532e-02 | 1.000e-01 |   0   | 0.000e+00 |
106 |    -77.9188804645 | -5.849e-04 | 8.898e-03 | 6.721e-02 |   0   | 0.000e+00 |
107 |    -77.9189855979 | -1.051e-04 | 3.950e-03 | 3.094e-02 |   0   | 0.000e+00 |
108 |    -77.9190029221 | -1.732e-05 | 1.734e-03 | 8.324e-03 |   0   | 0.000e+00 |
109 |    -77.9190055700 | -2.648e-06 | 5.403e-04 | 3.441e-03 |   0   | 0.000e+00 |
110 |    -77.9190061651 | -5.951e-07 | 3.516e-04 | 6.033e-03 |   0   | 0.000e+00 |
111 |    -77.9190063158 | -1.507e-07 | 1.777e-04 | 3.658e-03 |   0   | 0.000e+00 |
112 |    -77.9190063490 | -3.325e-08 | 9.545e-05 | 1.807e-03 |   0   | 0.000e+00 |
113 |    -77.9190063561 | -7.033e-09 | 1.853e-05 | 7.646e-04 |   0   | 0.000e+00 |
114 |    -77.9190063563 | -2.930e-10 | 5.940e-06 | 3.725e-05 |   0   | 0.000e+00 |
115 |    -77.9190063564 | -2.382e-11 | 1.956e-06 | 1.545e-05 |   0   | 0.000e+00 |
116 |    -77.9190063564 | -2.046e-12 | 4.713e-07 | 3.647e-06 |   0   | 0.000e+00 |
117 |    -77.9190063564 |  7.674e-13 | 1.486e-07 | 5.001e-07 |   0   | 0.000e+00 |
118 |    -77.9190063564 | -4.121e-13 | 3.085e-08 | 1.690e-07 |   0   | 0.000e+00 |
119 |    -77.9190063564 | -5.258e-13 | 1.326e-08 | 1.547e-07 |   0   | 0.000e+00 |
120 |    -77.9190063564 |  1.251e-12 | 2.674e-09 | 4.829e-08 |   0   | 0.000e+00 |
121 |    -77.9190063564 | -1.862e-12 | 5.335e-10 | 4.975e-09 |   0   | 0.000e+00 |
122 |    -77.9190063564 |  9.379e-13 | 8.667e-11 | 1.656e-09 |   0   | 0.000e+00 |
123 |    -77.9190063564 |  9.948e-14 | 2.052e-11 | 4.660e-10 |   0   | 0.000e+00 |
124 |    -77.9190063564 | -6.111e-13 | 4.164e-12 | 5.885e-11 |   0   | 0.000e+00 |
____|___________________|____________|___________|___________|_______|___________|

Rotation matrix converged after 124 iterations

CAS_SCF iterations:
Time to step -    2.14345
Full time    -    2.86589
Preparation of canonical orbitals:
Time to step -    0.01683
Full time    -    2.88272
CAS_SCF WaveFunctions:

State 0  E  =     -78.0899787656 S^2 = 0.00:
 9.7873258856e-01  | 101001 | 101001
-1.6449894062e-01  | 111000 | 111000
-5.6154071617e-02  | 001101 | 001101
 4.8293544177e-02  | 001101 | 111000
 4.8293544177e-02  | 111000 | 001101
-3.2671068500e-02  | 101001 | 011100
-3.2671068500e-02  | 011100 | 101001
-2.2410118763e-02  | 110010 | 101001
-2.2410118763e-02  | 101001 | 110010
-2.2236359915e-02  | 111000 | 100011
State 1  E  =     -77.7480339472 S^2 = 0.00:
 6.9211038817e-01  | 111000 | 101001
 6.9211038817e-01  | 101001 | 111000
 9.7052414996e-02  | 101001 | 001101
 9.7052414996e-02  | 001101 | 101001
-6.9006651165e-02  | 111000 | 011100
-6.9006651165e-02  | 011100 | 111000
-6.1232197939e-02  | 101001 | 100011
-6.1232197939e-02  | 100011 | 101001
-3.8439280111e-02  | 111000 | 110010
-3.8439280111e-02  | 110010 | 111000
State 2  E  =     -77.7066469354 S^2 = 0.00:
 7.0297707696e-01  | 110001 | 101001
 7.0297707696e-01  | 101001 | 110001
 4.2072867935e-02  | 010101 | 111000
 4.2072867935e-02  | 111000 | 010101
-4.1840217401e-02  | 010101 | 001101
-4.1840217401e-02  | 001101 | 010101
-3.3851768393e-02  | 110001 | 011100
-3.3851768393e-02  | 011100 | 110001
-2.1927717957e-02  | 110010 | 110001
-2.1927717957e-02  | 110001 | 110010
State 3  E  =     -77.6091520256 S^2 = 0.00:
 7.0519564291e-01  | 101001 | 011001
 7.0519564291e-01  | 011001 | 101001
-3.0019069782e-02  | 011100 | 011001
-3.0019069782e-02  | 011001 | 011100
-2.2127020670e-02  | 110010 | 011001
-2.2127020670e-02  | 011001 | 110010
-2.1630970976e-02  | 111000 | 010011
-2.1630970976e-02  | 010011 | 111000
-1.6527586549e-02  | 000111 | 011001
-1.6527586549e-02  | 011001 | 000111
State 4  E  =     -77.5571810890 S^2 = 0.00:
-9.6410990764e-01  | 111000 | 111000
-1.4780447373e-01  | 101001 | 101001
 9.7445791100e-02  | 011100 | 101001
 9.7445791100e-02  | 101001 | 011100
 7.7532522480e-02  | 011001 | 011001
-5.6742637304e-02  | 001101 | 111000
-5.6742637304e-02  | 111000 | 001101
 4.9155025344e-02  | 011100 | 011100
 4.6795255985e-02  | 110010 | 101001
 4.6795255985e-02  | 101001 | 110010


CAS_SCF density averaging:
__________________________________________
 State| E                 | S^2  | weight |
______|___________________|______|________|
    0 |    -78.0899787656 | 0.00 | 1.00   |
    1 |    -77.7480339472 | 0.00 | 1.00   |
    2 |    -77.7066469354 | 0.00 | 0.00   |
    3 |    -77.6091520256 | 0.00 | 0.00   |
    4 |    -77.5571810890 | 0.00 | 0.00   |
______|___________________|______|________|


CAS_SCF Energy summary:
E[  0] = -78.0899787656
E[  1] = -77.7480339472 | 9.3048 eV
E[  2] = -77.7066469354 | 10.4310 eV
E[  3] = -77.6091520256 | 13.0840 eV
E[  4] = -77.5571810890 | 14.4982 eV


CAS_SCF Dipole moment:

d[  0,  0] = {-1.134370e-15,-1.852918e-14,-4.298226e-13} |d| = 4.302233e-13
d[  0,  1] = { 4.716754e-14,-1.459215e-14,-1.254141e+00} |d| = 1.254141e+00
d[  0,  2] = { 1.184100e-14,-2.799036e-14,-1.411860e-13} |d| = 1.444201e-13
d[  0,  3] = { 4.196238e-14, 8.138287e-15, 4.739415e-13} |d| = 4.758651e-13
d[  0,  4] = { 3.873425e-15, 2.339964e-14, 2.549973e-13} |d| = 2.560980e-13

d[  1,  0] = { 4.716754e-14,-1.459028e-14,-1.254141e+00} |d| = 1.254141e+00
d[  1,  1] = { 2.728609e-13,-2.151707e-14, 4.252038e-13} |d| = 5.056820e-13
d[  1,  2] = {-2.844214e-13,-1.045927e-14, 5.421586e-13} |d| = 6.123241e-13
d[  1,  3] = { 3.682488e-01, 1.921996e-14,-1.012624e-12} |d| = 3.682488e-01
d[  1,  4] = { 2.641637e-13, 4.422297e-15, 1.745847e+00} |d| = 1.745847e+00

d[  2,  0] = { 1.191722e-14,-2.799036e-14,-1.411860e-13} |d| = 1.444264e-13
d[  2,  1] = {-2.843907e-13,-1.045927e-14, 5.421586e-13} |d| = 6.123099e-13
d[  2,  2] = { 4.800190e-14, 1.125297e-14,-4.492359e-13} |d| = 4.519333e-13
d[  2,  3] = { 4.630590e-14,-1.437027e-14, 1.382771e-13} |d| = 1.465309e-13
d[  2,  4] = { 2.543085e-14,-1.108535e-15,-2.013190e-13} |d| = 2.029219e-13

d[  3,  0] = { 4.198258e-14, 8.138287e-15, 4.739415e-13} |d| = 4.758669e-13
d[  3,  1] = { 3.682488e-01, 1.921996e-14,-1.012624e-12} |d| = 3.682488e-01
d[  3,  2] = { 4.630590e-14,-1.440661e-14, 1.383499e-13} |d| = 1.466032e-13
d[  3,  3] = {-2.789415e-13, 5.714934e-16, 3.977247e-14} |d| = 2.817633e-13
d[  3,  4] = {-4.452606e-15, 8.821210e-15,-5.815060e-13} |d| = 5.815900e-13

d[  4,  0] = { 3.873425e-15, 2.339964e-14, 2.549973e-13} |d| = 2.560980e-13
d[  4,  1] = { 2.641637e-13, 4.421077e-15, 1.745847e+00} |d| = 1.745847e+00
d[  4,  2] = { 2.544503e-14,-1.108535e-15,-2.013190e-13} |d| = 2.029237e-13
d[  4,  3] = {-4.465250e-15, 8.821210e-15,-5.815060e-13} |d| = 5.815901e-13
d[  4,  4] = { 9.317498e-14, 8.865369e-16,-1.790554e-13} |d| = 2.018495e-13




Writing CAS_SCF canonical orbitals:
visualization file: c2h4_CAS.out
data file         : c2h4_CAS.orb

Writing CAS_SCF natural orbitals:
visualization file: c2h4_CAS_NatOrb.out
data file         : c2h4_CAS_NatOrb.orb

_______________________________________________________________________


CAS_SCF:
Time to step -    0.00437
Full time    -    2.88709



_____________________Starting_CDAS_PT2_calculations____________________

Number of states                  5
State multiplicity                1 (singlet)

Active space:
Number of alpha electrons         3
Number of beta  electrons         3
Number of active orbitals         6

State averaging:
Weights:	 1.00e+00  1.00e+00  0.00e+00  0.00e+00  0.00e+00 

Energy Denominator SHIFT          0.000000e+00 (a.u.)

Energy scheme                                    -     IPEA

PT first order term: yes
_______________________________________________________________________



Orbital energies (3 blocks):
core     : -1.1237e+01  -9.2859e-01  -1.1236e+01  -7.9004e-01  -6.4238e-01 
active F : -6.8517e-01   9.6093e-02  -5.0388e-01   8.6945e-01   8.0795e-01  -2.9594e-01 
vacant   :  2.0283e-01   5.7681e-01   7.0687e-01   1.0080e+00   1.5949e+00   1.8509e+00   2.4941e+00   2.7044e+00   1.1288e+00   1.9707e+00   7.9808e-01   1.8125e+00   2.2148e+00   3.0241e-01   9.2920e-01   1.2476e+00   1.7235e+00   2.4387e+00   3.3753e+00   1.2866e+00   2.3621e+00   2.4600e-01   5.9230e-01   8.4904e-01   1.1870e+00   1.8239e+00   2.2140e+00   2.6043e+00   3.1167e+00   2.3510e-01   8.3263e-01   1.6422e+00   1.8577e+00   2.7784e+00   6.8942e-01   1.2532e+00   1.9714e+00 


Fock matrix calculation:
Time to step -    0.00018
Full time    -    2.88726
_______________________________________________________________________


Start calculation of PT2 correction


RI orbital transformation:
Time to step -    0.00451
Full time    -    2.89178

calculation of IPEA matrices:
Time to step -    0.00111
Full time    -    2.89289
IP:
 -1.1592e+00  -9.0837e-01  -7.1035e-01  -5.1076e-01  -3.7259e-01  -1.0700e-01 
IP coefficients:
  3.6399e-14   4.1661e-14  -8.0191e-14  -1.0000e+00   3.6565e-13   4.6606e-14 
  4.1178e-13   9.7256e-14  -9.1958e-14  -3.6587e-13  -1.0000e+00  -1.4375e-13 
 -1.0000e+00   4.3799e-15   7.7352e-15  -3.6399e-14  -4.1178e-13  -4.8720e-15 
  7.7352e-15   6.6371e-15   1.0000e+00  -7.9620e-14  -9.2062e-14  -1.6961e-14 
 -4.8720e-15  -1.7080e-14   1.6524e-14   4.6453e-14  -1.4367e-13   1.0000e+00 
 -4.3799e-15  -1.0000e+00   6.8903e-15  -4.1828e-14  -9.7367e-14  -1.6986e-14 
EA:
 -8.0793e-02   1.6844e-01   8.1508e-01   8.9475e-01   1.1669e+00   1.3309e+00 
EA coefficients:
 -4.4565e-13  -2.6534e-14   1.7567e-13  -1.2719e-14   4.2327e-15   1.0000e+00 
 -6.4990e-14   1.0000e+00   1.1102e-13   1.2906e-14   8.3267e-17   2.6423e-14 
  9.8831e-14   6.9389e-17  -1.0144e-13  -4.4721e-15  -1.0000e+00   4.2188e-15 
 -9.9753e-14  -1.2976e-14   2.8066e-13   1.0000e+00  -4.4686e-15   1.2705e-14 
 -7.2072e-13   1.1113e-13  -1.0000e+00   2.8071e-13   1.0122e-13   1.7555e-13 
 -1.0000e+00  -6.4990e-14   7.2072e-13  -9.9753e-14  -9.8831e-14  -4.4565e-13 
CCVV res table:
Time to step -    0.00094
Full time    -    2.89383

CAVV res table:
Time to step -    0.00128
Full time    -    2.89511

AAVV res table:
Time to step -    0.05763
Full time    -    2.95274

CCAV res table:
Time to step -    0.00126
Full time    -    2.95400

CCAA res table:
Time to step -    0.00230
Full time    -    2.95630

CV   res table:
Time to step -    0.00147
Full time    -    2.95777

AV   res table:
Time to step -    0.00445
Full time    -    2.96222

CA   res table:
Time to step -    0.01063
Full time    -    2.97285

PT tensors calculation:
Time to step -    0.00012
Full time    -    2.97297
_______________________________________________________________________




____________________Starting_Davidson_diagonalization__________________


Step 0
_________________________________________________
  n | E                 | dE         | norm(r)   |
____|___________________|____________|___________|
  0 |    -78.3609666655 | -7.836e+01 | 8.504e-27 |
  1 |    -78.0402431694 | -7.804e+01 | 4.682e-26 |
  2 |    -78.0234038783 | -7.802e+01 | 3.576e-26 |
  3 |    -77.9352279466 | -7.794e+01 | 5.977e-26 |
  4 |    -77.8578355133 | -7.786e+01 | 3.453e-26 |
____|___________________|____________|___________|
number of corr vectors=180
5 roots converged at step 0


CAS_CI WaveFunctions:

State 0  E  =     -78.3609666655 S^2 = 0.00:
 9.8179768172e-01  | 101001 | 101001
-1.6038076057e-01  | 111000 | 111000
 3.9949195330e-02  | 001101 | 111000
 3.9949195330e-02  | 111000 | 001101
-3.9326947469e-02  | 001101 | 001101
-2.5735853474e-02  | 101001 | 011100
-2.5735853474e-02  | 011100 | 101001
-2.1729455993e-02  | 110010 | 101001
-2.1729455993e-02  | 101001 | 110010
-2.1729337046e-02  | 100011 | 100011
State 1  E  =     -78.0402431694 S^2 = 0.00:
-6.9599049395e-01  | 111000 | 101001
-6.9599049395e-01  | 101001 | 111000
-8.2246999861e-02  | 101001 | 001101
-8.2246999861e-02  | 001101 | 101001
 6.1543436283e-02  | 101001 | 100011
 6.1543436283e-02  | 100011 | 101001
 5.3816609612e-02  | 111000 | 011100
 5.3816609612e-02  | 011100 | 111000
 3.3420844462e-02  | 111000 | 110010
 3.3420844462e-02  | 110010 | 111000
State 2  E  =     -78.0234038783 S^2 = 0.00:
-7.0551162105e-01  | 110001 | 101001
-7.0551162105e-01  | 101001 | 110001
-2.6141141399e-02  | 010101 | 111000
-2.6141141399e-02  | 111000 | 010101
 2.5114105317e-02  | 010101 | 001101
 2.5114105317e-02  | 001101 | 010101
 1.7366280456e-02  | 110001 | 011100
 1.7366280456e-02  | 011100 | 110001
 1.4133964502e-02  | 110010 | 110001
 1.4133964502e-02  | 110001 | 110010
State 3  E  =     -77.9352279466 S^2 = 0.00:
-7.0583003882e-01  | 101001 | 011001
-7.0583003882e-01  | 011001 | 101001
 1.9210387287e-02  | 011100 | 011001
 1.9210387287e-02  | 011001 | 011100
 1.8534423843e-02  | 110010 | 011001
 1.8534423843e-02  | 011001 | 110010
 1.7547277134e-02  | 111000 | 010011
 1.7547277134e-02  | 010011 | 111000
 1.6065385315e-02  | 100011 | 010011
 1.6065385315e-02  | 010011 | 100011
State 4  E  =     -77.8578355133 S^2 = 0.00:
-9.7132289389e-01  | 111000 | 111000
-1.4726032159e-01  | 101001 | 101001
 7.7251016813e-02  | 011100 | 101001
 7.7251016813e-02  | 101001 | 011100
 7.1821130462e-02  | 011001 | 011001
-4.8909321378e-02  | 001101 | 111000
-4.8909321378e-02  | 111000 | 001101
 4.3572099645e-02  | 110010 | 101001
 4.3572099645e-02  | 101001 | 110010
 4.1157599285e-02  | 111000 | 100011


Davidson diagonalization:
Time to step -    0.01467
Full time    -    2.98764
_______________________________________________________________________


CDAS-PT2 Energy summary:
E[  0] = -78.3609666655
E[  1] = -78.0402431694 | 8.7273 eV
E[  2] = -78.0234038783 | 9.1856 eV
E[  3] = -77.9352279466 | 11.5849 eV
E[  4] = -77.8578355133 | 13.6909 eV


CDAS-PT2 extended results:
__________________________________________________________________________________________
 State| E                 | S^2  | weight |      d_x      |      d_y      |      d_z      |
______|___________________|______|________|_______________|_______________|_______________|
    0 |    -78.3609666655 | 0.00 | 1.00   | -3.866780e-15 | -1.643855e-14 | -1.163977e-14 |
    1 |    -78.0402431694 | 0.00 | 1.00   | -2.508541e-13 | -1.537637e-15 |  4.010643e-13 |
    2 |    -78.0234038783 | 0.00 | 0.00   |  1.118897e-14 | -4.524231e-15 | -2.397804e-13 |
    3 |    -77.9352279466 | 0.00 | 0.00   |  2.028900e-13 | -2.364369e-14 |  8.910753e-15 |
    4 |    -77.8578355133 | 0.00 | 0.00   | -2.567299e-14 | -1.046500e-14 | -3.995678e-13 |
______|___________________|______|________________________________________________________|



CDAS-PT(0) Dipole moment:

d[  0,  0] = {-3.866780e-15,-1.643855e-14,-1.163977e-14} |d| = 2.051005e-14
d[  0,  1] = {-1.726295e-14, 5.035362e-16, 1.295334e+00} |d| = 1.295334e+00
d[  0,  2] = {-4.105662e-15, 2.036388e-14,-3.974936e-12} |d| = 3.974990e-12
d[  0,  3] = {-9.544978e-15,-3.557783e-15, 4.505918e-13} |d| = 4.507070e-13
d[  0,  4] = {-1.318928e-14, 3.294200e-15, 9.436654e-14} |d| = 9.534072e-14

d[  1,  0] = {-1.726295e-14, 5.013830e-16, 1.295334e+00} |d| = 1.295334e+00
d[  1,  1] = {-2.508541e-13,-1.537637e-15, 4.010643e-13} |d| = 4.730567e-13
d[  1,  2] = {-3.636863e-14, 3.485510e-14,-6.752353e-13} |d| = 6.771117e-13
d[  1,  3] = { 3.677987e-01,-3.924644e-15, 3.706334e-13} |d| = 3.677987e-01
d[  1,  4] = { 1.060325e-13, 1.140117e-14,-1.811936e+00} |d| = 1.811936e+00

d[  2,  0] = {-4.182043e-15, 2.036388e-14,-3.974936e-12} |d| = 3.974990e-12
d[  2,  1] = {-3.633796e-14, 3.485510e-14,-6.752353e-13} |d| = 6.771100e-13
d[  2,  2] = { 1.118897e-14,-4.524231e-15,-2.397804e-13} |d| = 2.400840e-13
d[  2,  3] = {-1.081053e-12,-2.458649e-14,-2.212843e-14} |d| = 1.081559e-12
d[  2,  4] = {-3.523044e-14,-7.404163e-15, 5.335210e-12} |d| = 5.335331e-12

d[  3,  0] = {-9.564451e-15,-3.557783e-15, 4.505918e-13} |d| = 4.507074e-13
d[  3,  1] = { 3.677987e-01,-3.924644e-15, 3.706334e-13} |d| = 3.677987e-01
d[  3,  2] = {-1.081053e-12,-2.462290e-14,-2.205535e-14} |d| = 1.081558e-12
d[  3,  3] = { 2.028900e-13,-2.364369e-14, 8.910753e-15} |d| = 2.044573e-13
d[  3,  4] = { 3.645361e-14, 6.732872e-15,-5.398024e-13} |d| = 5.410737e-13

d[  4,  0] = {-1.318928e-14, 3.294200e-15, 9.436654e-14} |d| = 9.534072e-14
d[  4,  1] = { 1.060325e-13, 1.140251e-14,-1.811936e+00} |d| = 1.811936e+00
d[  4,  2] = {-3.524453e-14,-7.404163e-15, 5.335210e-12} |d| = 5.335331e-12
d[  4,  3] = { 3.646253e-14, 6.732872e-15,-5.398024e-13} |d| = 5.410744e-13
d[  4,  4] = {-2.567299e-14,-1.046500e-14,-3.995678e-13} |d| = 4.005284e-13


PT1 dipole moment - d(1):

calculation of 1st order correction of one-electron property (dipole moment d(1)):
Time to step -    0.00106
Full time    -    2.98870
calculation of first order properties:
Time to step -    0.00245
Full time    -    2.99115
calculation of 1st order correction of one-electron property (dipole moment d(1)):
Time to step -    0.00041
Full time    -    2.99156
calculation of first order properties:
Time to step -    0.00242
Full time    -    2.99399
calculation of 1st order correction of one-electron property (dipole moment d(1)):
Time to step -    0.00042
Full time    -    2.99440
calculation of first order properties:
Time to step -    0.00243
Full time    -    2.99683



Dipole CDAS(0+1):

d[  0,  0] = { 8.665144e-15,-1.711496e-14, 1.970968e-13} |d| = 1.980282e-13
d[  0,  1] = {-2.664662e-14,-3.510723e-15, 1.386054e+00} |d| = 1.386054e+00
d[  0,  2] = { 3.710922e-15, 5.967193e-15,-4.228973e-12} |d| = 4.228979e-12
d[  0,  3] = { 2.890339e-14, 3.324861e-16, 4.805670e-13} |d| = 4.814355e-13
d[  0,  4] = {-3.989107e-14, 1.529826e-15, 1.028182e-13} |d| = 1.102961e-13

d[  1,  0] = {-2.664662e-14,-3.512876e-15, 1.386054e+00} |d| = 1.386054e+00
d[  1,  1] = {-9.579273e-14,-1.050646e-14, 6.353579e-13} |d| = 6.426246e-13
d[  1,  2] = {-2.047829e-14, 2.282963e-14,-6.944665e-13} |d| = 6.951433e-13
d[  1,  3] = { 5.523859e-02,-4.559410e-15, 3.639324e-13} |d| = 5.523859e-02
d[  1,  4] = { 5.307926e-14, 1.493853e-14,-1.795069e+00} |d| = 1.795069e+00

d[  2,  0] = { 3.634541e-15, 5.967193e-15,-4.228973e-12} |d| = 4.228979e-12
d[  2,  1] = {-2.044761e-14, 2.282963e-14,-6.944665e-13} |d| = 6.951424e-13
d[  2,  2] = { 1.323194e-14,-3.184472e-14,-6.040468e-15} |d| = 3.500940e-14
d[  2,  3] = {-1.508881e-13,-3.021205e-14,-4.836812e-14} |d| = 1.613055e-13
d[  2,  4] = {-4.846711e-15, 8.481816e-15, 5.297145e-12} |d| = 5.297154e-12

d[  3,  0] = { 2.888392e-14, 3.324861e-16, 4.805670e-13} |d| = 4.814344e-13
d[  3,  1] = { 5.523859e-02,-4.559410e-15, 3.639324e-13} |d| = 5.523859e-02
d[  3,  2] = {-1.508881e-13,-3.024846e-14,-4.829504e-14} |d| = 1.612904e-13
d[  3,  3] = { 2.021155e-14,-3.074087e-14, 3.122441e-13} |d| = 3.144040e-13
d[  3,  4] = {-3.990086e-15,-2.887542e-15,-5.344951e-13} |d| = 5.345178e-13

d[  4,  0] = {-3.989107e-14, 1.529826e-15, 1.028182e-13} |d| = 1.102961e-13
d[  4,  1] = { 5.307926e-14, 1.493987e-14,-1.795069e+00} |d| = 1.795069e+00
d[  4,  2] = {-4.860798e-15, 8.481816e-15, 5.297145e-12} |d| = 5.297154e-12
d[  4,  3] = {-3.981165e-15,-2.887542e-15,-5.344951e-13} |d| = 5.345177e-13
d[  4,  4] = {-1.567673e-13,-1.521570e-14,-1.102370e-13} |d| = 1.922491e-13


_______________________________________________________________________


CDAS-PT2:
Time to step -    0.00004
Full time    -    2.99687


Calculation finished at: 20:54 (MSK), 21 August 2026 (Friday).
