
NonOrtogonal quantum chemistry and Perturbation Theory
                  NOPT version 3.4.2


sQM - standart QM module.

Compilation options:
1) linear algebra package - OpenBLAS
2) non-parallel BLAS matrix multiplication in the OMP parallel cycles
3) build git commit e98f7e25e79f

selected command  line options:
-i           thiophene_cas.inp	 input file

Calculation started at: 18:04 (EEST), 22 September 2026 (Tuesday).

_______________________________________________________________________

Input file:

   0: $PAR NUM_THREADS=16 N_MOL=1 RHF=0 MP2=0 CAS=1 D5=1 RI=1 NAME=thiophene $PAREND
   1: $MOL
   2: _CHARGE=0;
   3: _BASIS=cc-pvdz;
   4: _RI_BASIS=def2-universal-jkfit,; 
   5: _UNITS= ang;
   6: _xyz
   7: 9
   8: Thiophene; Bak et al., J. Mol. Spectrosc. 1961, 7, 58 
   9:   S      0.000000     0.000000     0.000000
  10:   C      1.235025     0.000000     1.188491
  11:   C      0.712958     0.000000     2.455119
  12:   C     -0.712958     0.000000     2.455119
  13:   C     -1.235025     0.000000     1.188491
  14:   H      2.270221     0.000000     0.887738
  15:   H      1.322130     0.000000     3.348131
  16:   H     -1.322130     0.000000     3.348131
  17:   H     -2.270221     0.000000     0.887738
  18: $END
  19: $act_space n_alp=3 n_bet=3 n_val=5 mult=1 $end
  20: _MO INP=thiophene_RHF.orb
  21: $CAS n_s=2 w_state=all_1; cisolver=aldet maxit=50 dE=1e-12 grad=1e-6 $END
  22:   $AVAS atoms=1 2 3 4 5; shells=1:3p 2:2p 3:2p 4:2p 5:2p; $END
  23: $DAV dr=1E-12 de=1e-10 $end
_______________________________________________________________________



_____________________________Input_summary_____________________________


Number of threads:  16

Job name: thiophene

Methods:
Restricted Hartree-Fock                          -     no 
Complete Active Space SCF                        -     yes
eXtended MultiConfiguration QuasiDegenerate PT   -     no 
Complete Degenerate Active Space PT              -     no 
Second order Moller-Plesset PT                   -     no 
State-specific DSRG-PT2                          -     no 
Settings:
D5                                               -     yes
Resolution of Identity                           -     yes
Spin-orbit                                       -     no 
Symmetry point group                             -     no(C1)
Printing:
dipole moment                                    -     yes
electron dispersion                              -     no 
quadrupole moment                                -     no 
Mulliken charges                                 -     no 
_______________________________________________________________________


Reading molecule:
-----------------------------------------------------------------------

WARNING: read_cl is blocked in the 3.0 version

                      units    = ang
                      charge   = 0
                      basis    = cc-pvdz (library)
                      RI basis = def2-universal-jkfit (library)
                      included   thiophene_RHF.orb (orbitals)
_______________________________________________________________________

Molecule structure (a.u.):
 ________________________________________________________________________________________
| Atom |    C    |     X     |     Y     |     Z     |   n_ecp   |     q     |    type   |
| _____|_________|___________|___________|___________|___________|___________|___________|
|  S   |    16   |     0.000 |     0.000 |     0.000 |           |           |    real   |
|  C   |     6   |     2.334 |     0.000 |     2.246 |           |           |    real   |
|  C   |     6   |     1.347 |     0.000 |     4.640 |           |           |    real   |
|  C   |     6   |    -1.347 |     0.000 |     4.640 |           |           |    real   |
|  C   |     6   |    -2.334 |     0.000 |     2.246 |           |           |    real   |
|  H   |     1   |     4.290 |     0.000 |     1.678 |           |           |    real   |
|  H   |     1   |     2.498 |     0.000 |     6.327 |           |           |    real   |
|  H   |     1   |    -2.498 |     0.000 |     6.327 |           |           |    real   |
|  H   |     1   |    -4.290 |     0.000 |     1.678 |           |           |    real   |
| _____|_________|___________|___________|___________|___________|___________|___________|

Molecule contains 44 electrons

C - nuclear charge (a.u.)
q - additional (partial) charge (a.u.)
n_ecp - number of electrons frozen by ECP
X,Y,Z - cartesian coordinates (Bohr)



 Basis set information:

 ____________________________________________________________________________________
|     Atom     |    L    |       alpha       |         c         |       c(lib)      |
|______________|_________|___________________|___________________|___________________|
|   S (  0)    |         |                   |                   |                   |
|              |     0   |     110800.000000 |          1.071816 |          0.000248 |
|              |         |      16610.000000 |          2.002352 |          0.001920 |
|              |         |       3781.000000 |          3.423350 |          0.009962 |
|              |         |       1071.000000 |          5.376795 |          0.040297 |
|              |         |        349.800000 |          7.413488 |          0.128604 |
|              |         |        126.300000 |          8.148653 |          0.303480 |
|              |         |         49.260000 |          5.584722 |          0.421432 |
|              |         |         20.160000 |          1.564845 |          0.230781 |
|              |         |          5.720000 |          0.047177 |          0.017897 |
|              |         |          2.182000 |         -0.003807 |         -0.002975 |
|              |         |          0.432700 |          0.000323 |          0.000850 |
|              |---------|-------------------|-------------------|-------------------|
|              |     0   |     110800.000000 |         -0.296477 |         -0.000069 |
|              |         |      16610.000000 |         -0.548597 |         -0.000528 |
|              |         |       3781.000000 |         -0.958203 |         -0.002797 |
|              |         |       1071.000000 |         -1.498587 |         -0.011265 |
|              |         |        349.800000 |         -2.234776 |         -0.038883 |
|              |         |        126.300000 |         -2.663737 |         -0.099502 |
|              |         |         49.260000 |         -2.639008 |         -0.199740 |
|              |         |         20.160000 |         -0.833964 |         -0.123360 |
|              |         |          5.720000 |          1.348756 |          0.513194 |
|              |         |          2.182000 |          0.774498 |          0.607120 |
|              |         |          0.432700 |          0.015041 |          0.039675 |
|              |---------|-------------------|-------------------|-------------------|
|              |     0   |     110800.000000 |          0.158749 |          0.000020 |
|              |         |      16610.000000 |          0.294864 |          0.000153 |
|              |         |       3781.000000 |          0.512516 |          0.000810 |
|              |         |       1071.000000 |          0.808700 |          0.003290 |
|              |         |        349.800000 |          1.199776 |          0.011297 |
|              |         |        126.300000 |          1.466198 |          0.029639 |
|              |         |         49.260000 |          1.464529 |          0.059985 |
|              |         |         20.160000 |          0.516253 |          0.041325 |
|              |         |          5.720000 |         -1.007615 |         -0.207474 |
|              |         |          2.182000 |         -0.926179 |         -0.392889 |
|              |         |          0.432700 |          0.443321 |          0.632840 |
|              |---------|-------------------|-------------------|-------------------|
|              |     0   |          0.157000 |          0.177760 |          1.000000 |
|              |---------|-------------------|-------------------|-------------------|
|              |     1   |        399.700000 |         11.400870 |          0.004475 |
|              |         |         94.190000 |         14.292185 |          0.034171 |
|              |         |         29.750000 |         14.286046 |          0.144250 |
|              |         |         10.770000 |          9.842877 |          0.353928 |
|              |         |          4.119000 |          3.839904 |          0.459085 |
|              |         |          1.625000 |          0.539732 |          0.206383 |
|              |         |          0.472600 |          0.005705 |          0.010214 |
|              |---------|-------------------|-------------------|-------------------|
|              |     1   |        399.700000 |         -5.136764 |         -0.001163 |
|              |         |         94.190000 |         -6.280303 |         -0.008657 |
|              |         |         29.750000 |         -6.714815 |         -0.039089 |
|              |         |         10.770000 |         -4.508502 |         -0.093463 |
|              |         |          4.119000 |         -2.147134 |         -0.147994 |
|              |         |          1.625000 |          0.136950 |          0.030190 |
|              |         |          0.472600 |          0.544062 |          0.561573 |
|              |---------|-------------------|-------------------|-------------------|
|              |     1   |          0.140700 |          0.122831 |          1.000000 |
|              |---------|-------------------|-------------------|-------------------|
|              |     2   |          0.479000 |          0.453938 |          1.000000 |
|--------------|---------|-------------------|-------------------|-------------------|
|   C (  1)    |         |                   |                   |                   |
|              |     0   |       6665.000000 |          0.363584 |          0.000692 |
|              |         |       1000.000000 |          0.674986 |          0.005329 |
|              |         |        228.000000 |          1.131620 |          0.027077 |
|              |         |         64.710000 |          1.653009 |          0.101718 |
|              |         |         21.060000 |          1.923821 |          0.274740 |
|              |         |          7.495000 |          1.447278 |          0.448564 |
|              |         |          2.797000 |          0.439163 |          0.285074 |
|              |         |          0.521500 |          0.006646 |          0.015204 |
|              |---------|-------------------|-------------------|-------------------|
|              |     0   |       6665.000000 |         -0.154180 |         -0.000146 |
|              |         |       1000.000000 |         -0.293785 |         -0.001154 |
|              |         |        228.000000 |         -0.480896 |         -0.005725 |
|              |         |         64.710000 |         -0.761434 |         -0.023312 |
|              |         |         21.060000 |         -0.900104 |         -0.063955 |
|              |         |          7.495000 |         -0.972611 |         -0.149981 |
|              |         |          2.797000 |         -0.394042 |         -0.127262 |
|              |         |          0.521500 |          0.478394 |          0.544529 |
|              |---------|-------------------|-------------------|-------------------|
|              |     0   |          0.159600 |          0.179964 |          1.000000 |
|              |---------|-------------------|-------------------|-------------------|
|              |     1   |          9.439000 |          1.343737 |          0.038109 |
|              |         |          2.002000 |          1.063168 |          0.209480 |
|              |         |          0.545600 |          0.508232 |          0.508557 |
|              |---------|-------------------|-------------------|-------------------|
|              |     1   |          0.151700 |          0.134950 |          1.000000 |
|              |---------|-------------------|-------------------|-------------------|
|              |     2   |          0.550000 |          0.578155 |          1.000000 |
|--------------|---------|-------------------|-------------------|-------------------|
|   C (  2)    |         |                   |                   |                   |
|              |     0   |       6665.000000 |          0.363584 |          0.000692 |
|              |         |       1000.000000 |          0.674986 |          0.005329 |
|              |         |        228.000000 |          1.131620 |          0.027077 |
|              |         |         64.710000 |          1.653009 |          0.101718 |
|              |         |         21.060000 |          1.923821 |          0.274740 |
|              |         |          7.495000 |          1.447278 |          0.448564 |
|              |         |          2.797000 |          0.439163 |          0.285074 |
|              |         |          0.521500 |          0.006646 |          0.015204 |
|              |---------|-------------------|-------------------|-------------------|
|              |     0   |       6665.000000 |         -0.154180 |         -0.000146 |
|              |         |       1000.000000 |         -0.293785 |         -0.001154 |
|              |         |        228.000000 |         -0.480896 |         -0.005725 |
|              |         |         64.710000 |         -0.761434 |         -0.023312 |
|              |         |         21.060000 |         -0.900104 |         -0.063955 |
|              |         |          7.495000 |         -0.972611 |         -0.149981 |
|              |         |          2.797000 |         -0.394042 |         -0.127262 |
|              |         |          0.521500 |          0.478394 |          0.544529 |
|              |---------|-------------------|-------------------|-------------------|
|              |     0   |          0.159600 |          0.179964 |          1.000000 |
|              |---------|-------------------|-------------------|-------------------|
|              |     1   |          9.439000 |          1.343737 |          0.038109 |
|              |         |          2.002000 |          1.063168 |          0.209480 |
|              |         |          0.545600 |          0.508232 |          0.508557 |
|              |---------|-------------------|-------------------|-------------------|
|              |     1   |          0.151700 |          0.134950 |          1.000000 |
|              |---------|-------------------|-------------------|-------------------|
|              |     2   |          0.550000 |          0.578155 |          1.000000 |
|--------------|---------|-------------------|-------------------|-------------------|
|   C (  3)    |         |                   |                   |                   |
|              |     0   |       6665.000000 |          0.363584 |          0.000692 |
|              |         |       1000.000000 |          0.674986 |          0.005329 |
|              |         |        228.000000 |          1.131620 |          0.027077 |
|              |         |         64.710000 |          1.653009 |          0.101718 |
|              |         |         21.060000 |          1.923821 |          0.274740 |
|              |         |          7.495000 |          1.447278 |          0.448564 |
|              |         |          2.797000 |          0.439163 |          0.285074 |
|              |         |          0.521500 |          0.006646 |          0.015204 |
|              |---------|-------------------|-------------------|-------------------|
|              |     0   |       6665.000000 |         -0.154180 |         -0.000146 |
|              |         |       1000.000000 |         -0.293785 |         -0.001154 |
|              |         |        228.000000 |         -0.480896 |         -0.005725 |
|              |         |         64.710000 |         -0.761434 |         -0.023312 |
|              |         |         21.060000 |         -0.900104 |         -0.063955 |
|              |         |          7.495000 |         -0.972611 |         -0.149981 |
|              |         |          2.797000 |         -0.394042 |         -0.127262 |
|              |         |          0.521500 |          0.478394 |          0.544529 |
|              |---------|-------------------|-------------------|-------------------|
|              |     0   |          0.159600 |          0.179964 |          1.000000 |
|              |---------|-------------------|-------------------|-------------------|
|              |     1   |          9.439000 |          1.343737 |          0.038109 |
|              |         |          2.002000 |          1.063168 |          0.209480 |
|              |         |          0.545600 |          0.508232 |          0.508557 |
|              |---------|-------------------|-------------------|-------------------|
|              |     1   |          0.151700 |          0.134950 |          1.000000 |
|              |---------|-------------------|-------------------|-------------------|
|              |     2   |          0.550000 |          0.578155 |          1.000000 |
|--------------|---------|-------------------|-------------------|-------------------|
|   C (  4)    |         |                   |                   |                   |
|              |     0   |       6665.000000 |          0.363584 |          0.000692 |
|              |         |       1000.000000 |          0.674986 |          0.005329 |
|              |         |        228.000000 |          1.131620 |          0.027077 |
|              |         |         64.710000 |          1.653009 |          0.101718 |
|              |         |         21.060000 |          1.923821 |          0.274740 |
|              |         |          7.495000 |          1.447278 |          0.448564 |
|              |         |          2.797000 |          0.439163 |          0.285074 |
|              |         |          0.521500 |          0.006646 |          0.015204 |
|              |---------|-------------------|-------------------|-------------------|
|              |     0   |       6665.000000 |         -0.154180 |         -0.000146 |
|              |         |       1000.000000 |         -0.293785 |         -0.001154 |
|              |         |        228.000000 |         -0.480896 |         -0.005725 |
|              |         |         64.710000 |         -0.761434 |         -0.023312 |
|              |         |         21.060000 |         -0.900104 |         -0.063955 |
|              |         |          7.495000 |         -0.972611 |         -0.149981 |
|              |         |          2.797000 |         -0.394042 |         -0.127262 |
|              |         |          0.521500 |          0.478394 |          0.544529 |
|              |---------|-------------------|-------------------|-------------------|
|              |     0   |          0.159600 |          0.179964 |          1.000000 |
|              |---------|-------------------|-------------------|-------------------|
|              |     1   |          9.439000 |          1.343737 |          0.038109 |
|              |         |          2.002000 |          1.063168 |          0.209480 |
|              |         |          0.545600 |          0.508232 |          0.508557 |
|              |---------|-------------------|-------------------|-------------------|
|              |     1   |          0.151700 |          0.134950 |          1.000000 |
|              |---------|-------------------|-------------------|-------------------|
|              |     2   |          0.550000 |          0.578155 |          1.000000 |
|--------------|---------|-------------------|-------------------|-------------------|
|   H (  5)    |         |                   |                   |                   |
|              |     0   |         13.010000 |          0.163548 |          0.019685 |
|              |         |          1.962000 |          0.277418 |          0.137977 |
|              |         |          0.444600 |          0.315749 |          0.478148 |
|              |---------|-------------------|-------------------|-------------------|
|              |     0   |          0.122000 |          0.147123 |          1.000000 |
|              |---------|-------------------|-------------------|-------------------|
|              |     1   |          0.727000 |          0.956881 |          1.000000 |
|--------------|---------|-------------------|-------------------|-------------------|
|   H (  6)    |         |                   |                   |                   |
|              |     0   |         13.010000 |          0.163548 |          0.019685 |
|              |         |          1.962000 |          0.277418 |          0.137977 |
|              |         |          0.444600 |          0.315749 |          0.478148 |
|              |---------|-------------------|-------------------|-------------------|
|              |     0   |          0.122000 |          0.147123 |          1.000000 |
|              |---------|-------------------|-------------------|-------------------|
|              |     1   |          0.727000 |          0.956881 |          1.000000 |
|--------------|---------|-------------------|-------------------|-------------------|
|   H (  7)    |         |                   |                   |                   |
|              |     0   |         13.010000 |          0.163548 |          0.019685 |
|              |         |          1.962000 |          0.277418 |          0.137977 |
|              |         |          0.444600 |          0.315749 |          0.478148 |
|              |---------|-------------------|-------------------|-------------------|
|              |     0   |          0.122000 |          0.147123 |          1.000000 |
|              |---------|-------------------|-------------------|-------------------|
|              |     1   |          0.727000 |          0.956881 |          1.000000 |
|--------------|---------|-------------------|-------------------|-------------------|
|   H (  8)    |         |                   |                   |                   |
|              |     0   |         13.010000 |          0.163548 |          0.019685 |
|              |         |          1.962000 |          0.277418 |          0.137977 |
|              |         |          0.444600 |          0.315749 |          0.478148 |
|              |---------|-------------------|-------------------|-------------------|
|              |     0   |          0.122000 |          0.147123 |          1.000000 |
|              |---------|-------------------|-------------------|-------------------|
|              |     1   |          0.727000 |          0.956881 |          1.000000 |
|______________|_________|___________________|___________________|___________________|



 RI basis set information:

 ____________________________________________________________________________________
|     Atom     |    L    |       alpha       |         c         |       c(lib)      |
|______________|_________|___________________|___________________|___________________|
|   S (  0)    |         |                   |                   |                   |
|              |     0   |       3681.254655 |         34.133638 |          0.123417 |
|              |         |       1517.457611 |         18.814049 |          0.132232 |
|              |         |        655.477776 |         33.494183 |          0.441816 |
|              |         |        296.279921 |         26.328626 |          0.630002 |
|              |---------|-------------------|-------------------|-------------------|
|              |     0   |        139.893685 |         28.990698 |          0.612518 |
|              |---------|-------------------|-------------------|-------------------|
|              |     0   |         68.857461 |         17.036224 |          1.000000 |
|              |---------|-------------------|-------------------|-------------------|
|              |     0   |         35.246372 |         10.309697 |          1.000000 |
|              |---------|-------------------|-------------------|-------------------|
|              |     0   |         18.710437 |          6.411698 |          1.000000 |
|              |---------|-------------------|-------------------|-------------------|
|              |     0   |         10.268201 |          4.088188 |          1.000000 |
|              |---------|-------------------|-------------------|-------------------|
|              |     0   |          5.805248 |          2.665482 |          1.000000 |
|              |---------|-------------------|-------------------|-------------------|
|              |     0   |          3.368096 |          1.771938 |          1.000000 |
|              |---------|-------------------|-------------------|-------------------|
|              |     0   |          1.996933 |          1.197244 |          1.000000 |
|              |---------|-------------------|-------------------|-------------------|
|              |     0   |          1.204508 |          0.819440 |          1.000000 |
|              |---------|-------------------|-------------------|-------------------|
|              |     0   |          0.735646 |          0.566124 |          1.000000 |
|              |---------|-------------------|-------------------|-------------------|
|              |     0   |          0.452698 |          0.393338 |          1.000000 |
|              |---------|-------------------|-------------------|-------------------|
|              |     0   |          0.279285 |          0.273808 |          1.000000 |
|              |---------|-------------------|-------------------|-------------------|
|              |     1   |        559.068216 |       1020.508171 |          0.316787 |
|              |         |        207.160760 |        883.361507 |          0.948497 |
|              |---------|-------------------|-------------------|-------------------|
|              |     1   |         80.853769 |        345.593386 |          1.000000 |
|              |---------|-------------------|-------------------|-------------------|
|              |     1   |         33.136945 |        113.326290 |          1.000000 |
|              |---------|-------------------|-------------------|-------------------|
|              |     1   |         14.208539 |         39.321210 |          1.000000 |
|              |---------|-------------------|-------------------|-------------------|
|              |     1   |          6.346624 |         14.358812 |          1.000000 |
|              |---------|-------------------|-------------------|-------------------|
|              |     1   |          2.938660 |          5.484370 |          1.000000 |
|              |---------|-------------------|-------------------|-------------------|
|              |     1   |          1.402690 |          2.175916 |          1.000000 |
|              |---------|-------------------|-------------------|-------------------|
|              |     1   |          0.686009 |          0.889923 |          1.000000 |
|              |---------|-------------------|-------------------|-------------------|
|              |     1   |          0.341506 |          0.372125 |          1.000000 |
|              |---------|-------------------|-------------------|-------------------|
|              |     1   |          0.171852 |          0.157719 |          1.000000 |
|              |---------|-------------------|-------------------|-------------------|
|              |     1   |          0.086793 |          0.067150 |          1.000000 |
|              |---------|-------------------|-------------------|-------------------|
|              |     2   |        141.181136 |       2012.751513 |          0.239185 |
|              |         |         46.755847 |       1181.318978 |          0.970974 |
|              |---------|-------------------|-------------------|-------------------|
|              |     2   |         19.311427 |        292.809122 |          1.000000 |
|              |---------|-------------------|-------------------|-------------------|
|              |     2   |          8.593532 |         70.992082 |          1.000000 |
|              |---------|-------------------|-------------------|-------------------|
|              |     2   |          3.696440 |         16.219254 |          1.000000 |
|              |---------|-------------------|-------------------|-------------------|
|              |     2   |          1.715920 |          4.234279 |          1.000000 |
|              |---------|-------------------|-------------------|-------------------|
|              |     2   |          0.825626 |          1.177010 |          1.000000 |
|              |---------|-------------------|-------------------|-------------------|
|              |     2   |          0.407891 |          0.342659 |          1.000000 |
|              |---------|-------------------|-------------------|-------------------|
|              |     2   |          0.204804 |          0.102625 |          1.000000 |
|              |---------|-------------------|-------------------|-------------------|
|              |     2   |          0.103396 |          0.031031 |          1.000000 |
|              |---------|-------------------|-------------------|-------------------|
|              |     3   |          6.440697 |         97.286685 |          1.000000 |
|              |---------|-------------------|-------------------|-------------------|
|              |     3   |          1.484410 |          3.580556 |          1.000000 |
|              |---------|-------------------|-------------------|-------------------|
|              |     3   |          0.761974 |          0.798582 |          1.000000 |
|              |---------|-------------------|-------------------|-------------------|
|              |     3   |          0.306015 |          0.102535 |          1.000000 |
|              |---------|-------------------|-------------------|-------------------|
|              |     4   |          0.858801 |          0.732218 |          1.000000 |
|--------------|---------|-------------------|-------------------|-------------------|
|   C (  1)    |         |                   |                   |                   |
|              |     0   |        384.443824 |          6.464008 |          0.182579 |
|              |         |        167.562663 |          2.273369 |          0.119704 |
|              |         |         76.619620 |          5.451024 |          0.516174 |
|              |         |         36.679529 |          3.255354 |          0.535616 |
|              |         |         18.338092 |          2.175038 |          0.601900 |
|              |---------|-------------------|-------------------|-------------------|
|              |     0   |          9.547063 |          3.870904 |          0.191659 |
|              |---------|-------------------|-------------------|-------------------|
|              |     0   |          5.158414 |          2.439480 |          1.000000 |
|              |---------|-------------------|-------------------|-------------------|
|              |     0   |          2.881670 |          1.576316 |          1.000000 |
|              |---------|-------------------|-------------------|-------------------|
|              |     0   |          1.657352 |          1.041049 |          1.000000 |
|              |---------|-------------------|-------------------|-------------------|
|              |     0   |          0.976810 |          0.700274 |          1.000000 |
|              |---------|-------------------|-------------------|-------------------|
|              |     0   |          0.587020 |          0.477969 |          1.000000 |
|              |---------|-------------------|-------------------|-------------------|
|              |     0   |          0.357793 |          0.329711 |          1.000000 |
|              |---------|-------------------|-------------------|-------------------|
|              |     0   |          0.219955 |          0.228908 |          1.000000 |
|              |---------|-------------------|-------------------|-------------------|
|              |     0   |          0.135608 |          0.159266 |          1.000000 |
|              |---------|-------------------|-------------------|-------------------|
|              |     1   |         62.067956 |         51.883191 |          0.257473 |
|              |         |         20.012751 |         28.674072 |          0.585660 |
|              |         |         10.205359 |         10.919719 |          0.517566 |
|              |---------|-------------------|-------------------|-------------------|
|              |     1   |          5.636704 |         12.380029 |          0.568186 |
|              |---------|-------------------|-------------------|-------------------|
|              |     1   |          2.874492 |          5.335086 |          1.000000 |
|              |---------|-------------------|-------------------|-------------------|
|              |     1   |          1.451379 |          2.270734 |          1.000000 |
|              |---------|-------------------|-------------------|-------------------|
|              |     1   |          0.732833 |          0.966487 |          1.000000 |
|              |---------|-------------------|-------------------|-------------------|
|              |     1   |          0.370026 |          0.411367 |          1.000000 |
|              |---------|-------------------|-------------------|-------------------|
|              |     1   |          0.186836 |          0.175092 |          1.000000 |
|              |---------|-------------------|-------------------|-------------------|
|              |     1   |          0.095282 |          0.075458 |          1.000000 |
|              |---------|-------------------|-------------------|-------------------|
|              |     2   |         11.282006 |         29.458015 |          0.134342 |
|              |         |          4.378949 |         17.577341 |          0.419991 |
|              |---------|-------------------|-------------------|-------------------|
|              |     2   |          1.751770 |          4.390301 |          0.897530 |
|              |---------|-------------------|-------------------|-------------------|
|              |     2   |          0.716485 |          0.918379 |          1.000000 |
|              |---------|-------------------|-------------------|-------------------|
|              |     2   |          0.297040 |          0.196714 |          1.000000 |
|              |---------|-------------------|-------------------|-------------------|
|              |     2   |          0.123709 |          0.042473 |          1.000000 |
|              |---------|-------------------|-------------------|-------------------|
|              |     3   |          1.878623 |          3.034016 |          0.623711 |
|              |         |          0.686036 |          0.394177 |          0.781655 |
|              |---------|-------------------|-------------------|-------------------|
|              |     4   |          1.143060 |          1.607406 |          1.000000 |
|--------------|---------|-------------------|-------------------|-------------------|
|   C (  2)    |         |                   |                   |                   |
|              |     0   |        384.443824 |          6.464008 |          0.182579 |
|              |         |        167.562663 |          2.273369 |          0.119704 |
|              |         |         76.619620 |          5.451024 |          0.516174 |
|              |         |         36.679529 |          3.255354 |          0.535616 |
|              |         |         18.338092 |          2.175038 |          0.601900 |
|              |---------|-------------------|-------------------|-------------------|
|              |     0   |          9.547063 |          3.870904 |          0.191659 |
|              |---------|-------------------|-------------------|-------------------|
|              |     0   |          5.158414 |          2.439480 |          1.000000 |
|              |---------|-------------------|-------------------|-------------------|
|              |     0   |          2.881670 |          1.576316 |          1.000000 |
|              |---------|-------------------|-------------------|-------------------|
|              |     0   |          1.657352 |          1.041049 |          1.000000 |
|              |---------|-------------------|-------------------|-------------------|
|              |     0   |          0.976810 |          0.700274 |          1.000000 |
|              |---------|-------------------|-------------------|-------------------|
|              |     0   |          0.587020 |          0.477969 |          1.000000 |
|              |---------|-------------------|-------------------|-------------------|
|              |     0   |          0.357793 |          0.329711 |          1.000000 |
|              |---------|-------------------|-------------------|-------------------|
|              |     0   |          0.219955 |          0.228908 |          1.000000 |
|              |---------|-------------------|-------------------|-------------------|
|              |     0   |          0.135608 |          0.159266 |          1.000000 |
|              |---------|-------------------|-------------------|-------------------|
|              |     1   |         62.067956 |         51.883191 |          0.257473 |
|              |         |         20.012751 |         28.674072 |          0.585660 |
|              |         |         10.205359 |         10.919719 |          0.517566 |
|              |---------|-------------------|-------------------|-------------------|
|              |     1   |          5.636704 |         12.380029 |          0.568186 |
|              |---------|-------------------|-------------------|-------------------|
|              |     1   |          2.874492 |          5.335086 |          1.000000 |
|              |---------|-------------------|-------------------|-------------------|
|              |     1   |          1.451379 |          2.270734 |          1.000000 |
|              |---------|-------------------|-------------------|-------------------|
|              |     1   |          0.732833 |          0.966487 |          1.000000 |
|              |---------|-------------------|-------------------|-------------------|
|              |     1   |          0.370026 |          0.411367 |          1.000000 |
|              |---------|-------------------|-------------------|-------------------|
|              |     1   |          0.186836 |          0.175092 |          1.000000 |
|              |---------|-------------------|-------------------|-------------------|
|              |     1   |          0.095282 |          0.075458 |          1.000000 |
|              |---------|-------------------|-------------------|-------------------|
|              |     2   |         11.282006 |         29.458015 |          0.134342 |
|              |         |          4.378949 |         17.577341 |          0.419991 |
|              |---------|-------------------|-------------------|-------------------|
|              |     2   |          1.751770 |          4.390301 |          0.897530 |
|              |---------|-------------------|-------------------|-------------------|
|              |     2   |          0.716485 |          0.918379 |          1.000000 |
|              |---------|-------------------|-------------------|-------------------|
|              |     2   |          0.297040 |          0.196714 |          1.000000 |
|              |---------|-------------------|-------------------|-------------------|
|              |     2   |          0.123709 |          0.042473 |          1.000000 |
|              |---------|-------------------|-------------------|-------------------|
|              |     3   |          1.878623 |          3.034016 |          0.623711 |
|              |         |          0.686036 |          0.394177 |          0.781655 |
|              |---------|-------------------|-------------------|-------------------|
|              |     4   |          1.143060 |          1.607406 |          1.000000 |
|--------------|---------|-------------------|-------------------|-------------------|
|   C (  3)    |         |                   |                   |                   |
|              |     0   |        384.443824 |          6.464008 |          0.182579 |
|              |         |        167.562663 |          2.273369 |          0.119704 |
|              |         |         76.619620 |          5.451024 |          0.516174 |
|              |         |         36.679529 |          3.255354 |          0.535616 |
|              |         |         18.338092 |          2.175038 |          0.601900 |
|              |---------|-------------------|-------------------|-------------------|
|              |     0   |          9.547063 |          3.870904 |          0.191659 |
|              |---------|-------------------|-------------------|-------------------|
|              |     0   |          5.158414 |          2.439480 |          1.000000 |
|              |---------|-------------------|-------------------|-------------------|
|              |     0   |          2.881670 |          1.576316 |          1.000000 |
|              |---------|-------------------|-------------------|-------------------|
|              |     0   |          1.657352 |          1.041049 |          1.000000 |
|              |---------|-------------------|-------------------|-------------------|
|              |     0   |          0.976810 |          0.700274 |          1.000000 |
|              |---------|-------------------|-------------------|-------------------|
|              |     0   |          0.587020 |          0.477969 |          1.000000 |
|              |---------|-------------------|-------------------|-------------------|
|              |     0   |          0.357793 |          0.329711 |          1.000000 |
|              |---------|-------------------|-------------------|-------------------|
|              |     0   |          0.219955 |          0.228908 |          1.000000 |
|              |---------|-------------------|-------------------|-------------------|
|              |     0   |          0.135608 |          0.159266 |          1.000000 |
|              |---------|-------------------|-------------------|-------------------|
|              |     1   |         62.067956 |         51.883191 |          0.257473 |
|              |         |         20.012751 |         28.674072 |          0.585660 |
|              |         |         10.205359 |         10.919719 |          0.517566 |
|              |---------|-------------------|-------------------|-------------------|
|              |     1   |          5.636704 |         12.380029 |          0.568186 |
|              |---------|-------------------|-------------------|-------------------|
|              |     1   |          2.874492 |          5.335086 |          1.000000 |
|              |---------|-------------------|-------------------|-------------------|
|              |     1   |          1.451379 |          2.270734 |          1.000000 |
|              |---------|-------------------|-------------------|-------------------|
|              |     1   |          0.732833 |          0.966487 |          1.000000 |
|              |---------|-------------------|-------------------|-------------------|
|              |     1   |          0.370026 |          0.411367 |          1.000000 |
|              |---------|-------------------|-------------------|-------------------|
|              |     1   |          0.186836 |          0.175092 |          1.000000 |
|              |---------|-------------------|-------------------|-------------------|
|              |     1   |          0.095282 |          0.075458 |          1.000000 |
|              |---------|-------------------|-------------------|-------------------|
|              |     2   |         11.282006 |         29.458015 |          0.134342 |
|              |         |          4.378949 |         17.577341 |          0.419991 |
|              |---------|-------------------|-------------------|-------------------|
|              |     2   |          1.751770 |          4.390301 |          0.897530 |
|              |---------|-------------------|-------------------|-------------------|
|              |     2   |          0.716485 |          0.918379 |          1.000000 |
|              |---------|-------------------|-------------------|-------------------|
|              |     2   |          0.297040 |          0.196714 |          1.000000 |
|              |---------|-------------------|-------------------|-------------------|
|              |     2   |          0.123709 |          0.042473 |          1.000000 |
|              |---------|-------------------|-------------------|-------------------|
|              |     3   |          1.878623 |          3.034016 |          0.623711 |
|              |         |          0.686036 |          0.394177 |          0.781655 |
|              |---------|-------------------|-------------------|-------------------|
|              |     4   |          1.143060 |          1.607406 |          1.000000 |
|--------------|---------|-------------------|-------------------|-------------------|
|   C (  4)    |         |                   |                   |                   |
|              |     0   |        384.443824 |          6.464008 |          0.182579 |
|              |         |        167.562663 |          2.273369 |          0.119704 |
|              |         |         76.619620 |          5.451024 |          0.516174 |
|              |         |         36.679529 |          3.255354 |          0.535616 |
|              |         |         18.338092 |          2.175038 |          0.601900 |
|              |---------|-------------------|-------------------|-------------------|
|              |     0   |          9.547063 |          3.870904 |          0.191659 |
|              |---------|-------------------|-------------------|-------------------|
|              |     0   |          5.158414 |          2.439480 |          1.000000 |
|              |---------|-------------------|-------------------|-------------------|
|              |     0   |          2.881670 |          1.576316 |          1.000000 |
|              |---------|-------------------|-------------------|-------------------|
|              |     0   |          1.657352 |          1.041049 |          1.000000 |
|              |---------|-------------------|-------------------|-------------------|
|              |     0   |          0.976810 |          0.700274 |          1.000000 |
|              |---------|-------------------|-------------------|-------------------|
|              |     0   |          0.587020 |          0.477969 |          1.000000 |
|              |---------|-------------------|-------------------|-------------------|
|              |     0   |          0.357793 |          0.329711 |          1.000000 |
|              |---------|-------------------|-------------------|-------------------|
|              |     0   |          0.219955 |          0.228908 |          1.000000 |
|              |---------|-------------------|-------------------|-------------------|
|              |     0   |          0.135608 |          0.159266 |          1.000000 |
|              |---------|-------------------|-------------------|-------------------|
|              |     1   |         62.067956 |         51.883191 |          0.257473 |
|              |         |         20.012751 |         28.674072 |          0.585660 |
|              |         |         10.205359 |         10.919719 |          0.517566 |
|              |---------|-------------------|-------------------|-------------------|
|              |     1   |          5.636704 |         12.380029 |          0.568186 |
|              |---------|-------------------|-------------------|-------------------|
|              |     1   |          2.874492 |          5.335086 |          1.000000 |
|              |---------|-------------------|-------------------|-------------------|
|              |     1   |          1.451379 |          2.270734 |          1.000000 |
|              |---------|-------------------|-------------------|-------------------|
|              |     1   |          0.732833 |          0.966487 |          1.000000 |
|              |---------|-------------------|-------------------|-------------------|
|              |     1   |          0.370026 |          0.411367 |          1.000000 |
|              |---------|-------------------|-------------------|-------------------|
|              |     1   |          0.186836 |          0.175092 |          1.000000 |
|              |---------|-------------------|-------------------|-------------------|
|              |     1   |          0.095282 |          0.075458 |          1.000000 |
|              |---------|-------------------|-------------------|-------------------|
|              |     2   |         11.282006 |         29.458015 |          0.134342 |
|              |         |          4.378949 |         17.577341 |          0.419991 |
|              |---------|-------------------|-------------------|-------------------|
|              |     2   |          1.751770 |          4.390301 |          0.897530 |
|              |---------|-------------------|-------------------|-------------------|
|              |     2   |          0.716485 |          0.918379 |          1.000000 |
|              |---------|-------------------|-------------------|-------------------|
|              |     2   |          0.297040 |          0.196714 |          1.000000 |
|              |---------|-------------------|-------------------|-------------------|
|              |     2   |          0.123709 |          0.042473 |          1.000000 |
|              |---------|-------------------|-------------------|-------------------|
|              |     3   |          1.878623 |          3.034016 |          0.623711 |
|              |         |          0.686036 |          0.394177 |          0.781655 |
|              |---------|-------------------|-------------------|-------------------|
|              |     4   |          1.143060 |          1.607406 |          1.000000 |
|--------------|---------|-------------------|-------------------|-------------------|
|   H (  5)    |         |                   |                   |                   |
|              |     0   |         22.068343 |          0.307959 |          0.053034 |
|              |         |          4.390571 |          0.682679 |          0.394652 |
|              |         |          1.054079 |          0.544223 |          0.917299 |
|              |---------|-------------------|-------------------|-------------------|
|              |     0   |          0.271787 |          0.268276 |          1.000000 |
|              |---------|-------------------|-------------------|-------------------|
|              |     1   |          1.852998 |          3.081653 |          1.000000 |
|              |---------|-------------------|-------------------|-------------------|
|              |     1   |          0.388103 |          0.436641 |          1.000000 |
|              |---------|-------------------|-------------------|-------------------|
|              |     2   |          2.557993 |          8.515956 |          1.000000 |
|              |---------|-------------------|-------------------|-------------------|
|              |     2   |          0.329265 |          0.235567 |          1.000000 |
|--------------|---------|-------------------|-------------------|-------------------|
|   H (  6)    |         |                   |                   |                   |
|              |     0   |         22.068343 |          0.307959 |          0.053034 |
|              |         |          4.390571 |          0.682679 |          0.394652 |
|              |         |          1.054079 |          0.544223 |          0.917299 |
|              |---------|-------------------|-------------------|-------------------|
|              |     0   |          0.271787 |          0.268276 |          1.000000 |
|              |---------|-------------------|-------------------|-------------------|
|              |     1   |          1.852998 |          3.081653 |          1.000000 |
|              |---------|-------------------|-------------------|-------------------|
|              |     1   |          0.388103 |          0.436641 |          1.000000 |
|              |---------|-------------------|-------------------|-------------------|
|              |     2   |          2.557993 |          8.515956 |          1.000000 |
|              |---------|-------------------|-------------------|-------------------|
|              |     2   |          0.329265 |          0.235567 |          1.000000 |
|--------------|---------|-------------------|-------------------|-------------------|
|   H (  7)    |         |                   |                   |                   |
|              |     0   |         22.068343 |          0.307959 |          0.053034 |
|              |         |          4.390571 |          0.682679 |          0.394652 |
|              |         |          1.054079 |          0.544223 |          0.917299 |
|              |---------|-------------------|-------------------|-------------------|
|              |     0   |          0.271787 |          0.268276 |          1.000000 |
|              |---------|-------------------|-------------------|-------------------|
|              |     1   |          1.852998 |          3.081653 |          1.000000 |
|              |---------|-------------------|-------------------|-------------------|
|              |     1   |          0.388103 |          0.436641 |          1.000000 |
|              |---------|-------------------|-------------------|-------------------|
|              |     2   |          2.557993 |          8.515956 |          1.000000 |
|              |---------|-------------------|-------------------|-------------------|
|              |     2   |          0.329265 |          0.235567 |          1.000000 |
|--------------|---------|-------------------|-------------------|-------------------|
|   H (  8)    |         |                   |                   |                   |
|              |     0   |         22.068343 |          0.307959 |          0.053034 |
|              |         |          4.390571 |          0.682679 |          0.394652 |
|              |         |          1.054079 |          0.544223 |          0.917299 |
|              |---------|-------------------|-------------------|-------------------|
|              |     0   |          0.271787 |          0.268276 |          1.000000 |
|              |---------|-------------------|-------------------|-------------------|
|              |     1   |          1.852998 |          3.081653 |          1.000000 |
|              |---------|-------------------|-------------------|-------------------|
|              |     1   |          0.388103 |          0.436641 |          1.000000 |
|              |---------|-------------------|-------------------|-------------------|
|              |     2   |          2.557993 |          8.515956 |          1.000000 |
|              |---------|-------------------|-------------------|-------------------|
|              |     2   |          0.329265 |          0.235567 |          1.000000 |
|______________|_________|___________________|___________________|___________________|



 Pseudopotential information:

 ________________________________________________________________ 





Calculation of 1-el matrices:
Time to step -    0.26143
Full time    -    0.26143



_____________________Starting_AVAS_orbital_steering____________________

AVAS settings:
Reference basis:                  cc-pvtz-minao
Target atoms:                     1 2 3 4 5
Target shells:                    1:3p 2:2p 3:2p 4:2p 5:2p

Reference functions:              15
Active window:                    3 occupied + 2 virtual

AVAS occupied-block sigma (descending) (3 of 22 selected)
  0.99613101  0.99285437  0.99018889
  ---- selection boundary ----
  0.98395691  0.96396045  0.95982279  0.94134862  0.92634494  0.80872791
  0.78893722  0.65153197  0.60143482  0.00330559  0.00028894  0.00000000
  0.00000000 -0.00000000 -0.00000000 -0.00000000 -0.00000000 -0.00000000
 -0.00000000

AVAS virtual-block  sigma (descending) (2 of 72 selected)
  0.99955477  0.99928179
  ---- selection boundary ----
  0.99610305  0.39810177  0.34812459  0.21071993  0.19093207  0.07335258
  0.05836341  0.03991919  0.03574608  0.01575621  0.00938521  0.00649741
  0.00341229  0.00000000  0.00000000  0.00000000  0.00000000  0.00000000
  0.00000000  0.00000000
  ... 50 smaller values not printed

NOTE: the occupied boundary after 3 orbitals is not the largest gap of its spectrum
NOTE: the virtual boundary after 2 orbitals is not the largest gap of its spectrum

Writing AVAS orbitals:
visualization file: thiophene_AVAS.out
data file         : thiophene_AVAS.orb

_______________________________________________________________________





______________________Starting_CASSCF_calculations_____________________

Number of states                  2
State multiplicity                1 (singlet)

Active space:
Number of alpha electrons         3
Number of beta  electrons         3
Number of active orbitals         5

Number of core orbitals:          19

Preparation of virtual orbitals:  yes
State tracking:                   no 
State averaging:
Weights:	all equal to 1

SCF settings:
Energy convergence:               1.000000e-12
Orbital gradient convergence:     1.000000e-06
Rotation matrix convergence :     1.000000e-07
Maximum number of iterations:     50
Maximum SOSCF step          :     1.000000e-01

CI solver:                        determinant CI (aldet)
Davidson diagonalization settings:
Number of correlation vectors:    10
Number of basis functions:        300
Maximum number of iterations:     250
Energy convergence:               1.000000e-10
Residue convergence:              1.000000e-12
Orthogonality cut-off:            1.000000e-08
Energy denominator shift:         3.000000e-02
Sparsed multiplication:           no

_______________________________________________________________________




RI integrals calculation:
Time to step -    0.11200
Full time    -    0.37343


____________________Starting_Davidson_diagonalization__________________


Step 0
_________________________________________________
  n | E                 | dE         | norm(r)   |
____|___________________|____________|___________|
  0 |   -551.3684988479 | -5.514e+02 | 1.197e-25 |
  1 |   -551.0992937093 | -5.511e+02 | 3.424e-25 |
____|___________________|____________|___________|
number of corr vectors=50
2 roots converged at step 0


CAS_CI WaveFunctions:

State 0  E  =    -551.3684988479 S^2 = 0.00:
-9.6450323935e-01  | 11100 | 11100
 1.5397739327e-01  | 01101 | 01101
-6.6255608758e-02  | 10101 | 01110
-6.6255608758e-02  | 01110 | 10101
 6.4608222665e-02  | 11001 | 01110
 6.4608222665e-02  | 01110 | 11001
 6.1544463421e-02  | 01110 | 01110
 5.4178089897e-02  | 11001 | 11001
-5.3661921348e-02  | 10110 | 01101
-5.3661921348e-02  | 01101 | 10110
State 1  E  =    -551.0992937093 S^2 = 0.00:
 5.1484330937e-01  | 11100 | 11001
 5.1484330937e-01  | 11001 | 11100
-3.0856693383e-01  | 11100 | 01110
-3.0856693383e-01  | 01110 | 11100
 2.2299789120e-01  | 01101 | 01101
-1.6730258881e-01  | 01110 | 01110
 1.6050674643e-01  | 11001 | 10101
 1.6050674643e-01  | 10101 | 11001
-1.3976287305e-01  | 11010 | 01101
-1.3976287305e-01  | 01101 | 11010


Davidson diagonalization:
Time to step -    0.08997
Full time    -    0.46340
_______________________________________________________________________
Primary CI and calculation canonical orbitals:
Time to step -    0.06471
Full time    -    0.52811


CAS_SCF density averaging:
__________________________________________
 State| E                 | S^2  | weight |
______|___________________|______|________|
    0 |   -551.3684988479 | 0.00 | 1.00   |
    1 |   -551.0992937093 | 0.00 | 1.00   |
______|___________________|______|________|

Start CAS_SCF iterations
_________________________________________________________________________________
  N | E                 | dE         | LAG.ASYM. | ROT.STEP  | N_dav | sweep_dE  |
____|___________________|____________|___________|___________|_______|___________|
  0 |   -551.2338962786 | -5.512e+02 | 8.687e-02 | 1.000e+00 |   0   | 0.000e+00 |
 SOSCF is scaling rotation angle matrix Xmax=1.14446e-01                         |
  1 |   -551.2514256484 | -1.753e-02 | 2.561e-02 | 1.000e-01 |   0   | 0.000e+00 |
  2 |   -551.2532496742 | -1.824e-03 | 2.164e-02 | 5.419e-02 |   0   | 0.000e+00 |
  3 |   -551.2533515825 | -1.019e-04 | 1.039e-02 | 8.909e-03 |   0   | 0.000e+00 |
  4 |   -551.2533696706 | -1.809e-05 | 5.113e-04 | 2.755e-03 |   0   | 0.000e+00 |
  5 |   -551.2533707214 | -1.051e-06 | 3.623e-04 | 5.707e-04 |   0   | 0.000e+00 |
  6 |   -551.2533708966 | -1.752e-07 | 8.738e-05 | 3.031e-04 |   0   | 0.000e+00 |
  7 |   -551.2533709110 | -1.440e-08 | 9.378e-05 | 7.981e-05 |   0   | 0.000e+00 |
  8 |   -551.2533709156 | -4.619e-09 | 6.615e-05 | 6.681e-05 |   0   | 0.000e+00 |
  9 |   -551.2533709189 | -3.253e-09 | 2.424e-05 | 8.745e-05 |   0   | 0.000e+00 |
 10 |   -551.2533709198 | -8.924e-10 | 9.335e-06 | 4.162e-05 |   0   | 0.000e+00 |
 11 |   -551.2533709201 | -2.723e-10 | 2.064e-06 | 9.724e-06 |   0   | 0.000e+00 |
 12 |   -551.2533709200 |  6.355e-11 | 4.954e-07 | 2.694e-06 |   0   | 0.000e+00 |
____|___________________|____________|___________|___________|_______|___________|

Lagrangian converged after 12 iterations

CAS_SCF iterations:
Time to step -    0.68215
Full time    -    1.21026
Preparation of canonical orbitals:
Time to step -    0.01756
Full time    -    1.22782
CAS_SCF WaveFunctions:

State 0  E  =    -551.3671043318 S^2 = 0.00:
 9.5856386572e-01  | 11100 | 11100
-1.6429262734e-01  | 11010 | 11010
 7.7504948660e-02  | 11001 | 10110
 7.7504948660e-02  | 10110 | 11001
-7.1114478320e-02  | 10101 | 10101
-6.4612798119e-02  | 11001 | 11001
-5.8505575624e-02  | 10110 | 10110
-5.8432992865e-02  | 11001 | 01110
-5.8432992865e-02  | 01110 | 11001
-5.4582378803e-02  | 11100 | 10011
State 1  E  =    -551.1396375082 S^2 = 0.00:
-5.1293686979e-01  | 10110 | 11100
-5.1293686979e-01  | 11100 | 10110
-3.3313020614e-01  | 11001 | 11100
-3.3313020614e-01  | 11100 | 11001
 2.2082544476e-01  | 11010 | 11010
-1.5537036885e-01  | 11001 | 11001
 1.4974704917e-01  | 10101 | 11010
 1.4974704917e-01  | 11010 | 10101
 1.4005766363e-01  | 01110 | 10110
 1.4005766363e-01  | 10110 | 01110


CAS_SCF density averaging:
__________________________________________
 State| E                 | S^2  | weight |
______|___________________|______|________|
    0 |   -551.3671043318 | 0.00 | 1.00   |
    1 |   -551.1396375082 | 0.00 | 1.00   |
______|___________________|______|________|


CAS_SCF Energy summary:
E[  0] = -551.3671043318
E[  1] = -551.1396375082 | 6.1897 eV


CAS_SCF Dipole moment:

d[  0,  0] = { 5.362097e-11, 4.148390e-15, 3.469182e-01} |d| = 3.469182e-01
d[  0,  1] = {-7.530312e-11, 9.447907e-17, 7.048255e-01} |d| = 7.048255e-01

d[  1,  0] = {-7.530331e-11, 9.447907e-17, 7.048255e-01} |d| = 7.048255e-01
d[  1,  1] = { 1.105354e-10, 7.889249e-15, 2.883201e-01} |d| = 2.883201e-01




Writing CAS_SCF canonical orbitals:
visualization file: thiophene_CAS.out
data file         : thiophene_CAS.orb

Writing CAS_SCF natural orbitals:
visualization file: thiophene_CAS_NatOrb.out
data file         : thiophene_CAS_NatOrb.orb

_______________________________________________________________________


CAS_SCF:
Time to step -    0.00722
Full time    -    1.23505


Calculation finished at: 18:04 (EEST), 22 September 2026 (Tuesday).
