
NonOrtogonal quantum chemistry and Perturbation Theory
                  NOPT version 3.4.2


sQM - standart QM module.

Compilation options:
1) linear algebra package - OpenBLAS
2) non-parallel BLAS matrix multiplication in the OMP parallel cycles
3) build git commit 99c881c124eb

selected command  line options:
-i           cas.inp	 input file

Calculation started at: 13:27 (EEST), 23 September 2026 (Wednesday).

_______________________________________________________________________

Input file:

   0: $PAR NUM_THREADS=4 N_MOL=1 RHF=1 CAS=1 D5=1 RI=1 NAME=c2h4 $PAREND
   1: $MOL
   2: _CHARGE=0;
   3: _BASIS=cc-pvdz;
   4: _RI_BASIS=cc-pvdz-ri;
   5: _UNITS= ang;
   6: _xyz
   7: 6
   8: c2h4 
   9: C 0  0                 -0.6695
  10: C 0  0                  0.6695
  11: H 0 -0.928925576685832  1.23207734844099
  12: H 0  0.928925576685832 -1.23207734844099
  13: H 0 -0.928925576685832 -1.23207734844099
  14: H 0  0.928925576685832  1.23207734844099
  15: $END
  16: $act_space n_alp=1 n_bet=1 n_val=2 mult=1 p_n=10 $end
  17: $RHF maxit=50 dE=1e-9 grad=1e-12 $END
  18: $CAS n_s=1 w_state=1 1; track maxit=150 dE=1e-9 grad=1e-5 p_cutoff =0.03 $END
  19: $CDAS IPEA $END
  20: $SYMM group=D2h $END
_______________________________________________________________________


WARNING: n_s was changed to 2 due to large w_state length




_____________________________Input_summary_____________________________


Number of threads:  4

Job name: c2h4

Methods:
Restricted Hartree-Fock                          -     yes
Complete Active Space SCF                        -     yes
eXtended MultiConfiguration QuasiDegenerate PT   -     no 
Complete Degenerate Active Space PT              -     no 
Second order Moller-Plesset PT                   -     no 
State-specific DSRG-PT2                          -     no 
Settings:
D5                                               -     yes
Resolution of Identity                           -     yes
Spin-orbit                                       -     no 
Symmetry point group                             -     D2h
Printing:
dipole moment                                    -     yes
electron dispersion                              -     no 
quadrupole moment                                -     no 
Mulliken charges                                 -     no 
_______________________________________________________________________


Reading molecule:
-----------------------------------------------------------------------

WARNING: read_cl is blocked in the 3.0 version

                      units    = ang
                      charge   = 0
                      basis    = cc-pvdz (library)
                      RI basis = cc-pvdz-ri (library)

                      using Huckel orbitals


                      orbitals   are projected from f_basis
                      f_basis  = huckel/Huckel
_______________________________________________________________________

Molecule structure (a.u.):
 ________________________________________________________________________________________
| Atom |    C    |     X     |     Y     |     Z     |   n_ecp   |     q     |    type   |
| _____|_________|___________|___________|___________|___________|___________|___________|
|  C   |     6   |     0.000 |     0.000 |    -1.265 |           |           |    real   |
|  C   |     6   |     0.000 |     0.000 |     1.265 |           |           |    real   |
|  H   |     1   |     0.000 |    -1.755 |     2.328 |           |           |    real   |
|  H   |     1   |     0.000 |     1.755 |    -2.328 |           |           |    real   |
|  H   |     1   |     0.000 |    -1.755 |    -2.328 |           |           |    real   |
|  H   |     1   |     0.000 |     1.755 |     2.328 |           |           |    real   |
| _____|_________|___________|___________|___________|___________|___________|___________|

D2h symmetry point group is used

Molecule contains 16 electrons

C - nuclear charge (a.u.)
q - additional (partial) charge (a.u.)
n_ecp - number of electrons frozen by ECP
X,Y,Z - cartesian coordinates (Bohr)



 Basis set information:

 ____________________________________________________________________________________
|     Atom     |    L    |       alpha       |         c         |       c(lib)      |
|______________|_________|___________________|___________________|___________________|
|   C (  0)    |         |                   |                   |                   |
|              |     0   |       6665.000000 |          0.363584 |          0.000692 |
|              |         |       1000.000000 |          0.674986 |          0.005329 |
|              |         |        228.000000 |          1.131620 |          0.027077 |
|              |         |         64.710000 |          1.653009 |          0.101718 |
|              |         |         21.060000 |          1.923821 |          0.274740 |
|              |         |          7.495000 |          1.447278 |          0.448564 |
|              |         |          2.797000 |          0.439163 |          0.285074 |
|              |         |          0.521500 |          0.006646 |          0.015204 |
|              |---------|-------------------|-------------------|-------------------|
|              |     0   |       6665.000000 |         -0.154180 |         -0.000146 |
|              |         |       1000.000000 |         -0.293785 |         -0.001154 |
|              |         |        228.000000 |         -0.480896 |         -0.005725 |
|              |         |         64.710000 |         -0.761434 |         -0.023312 |
|              |         |         21.060000 |         -0.900104 |         -0.063955 |
|              |         |          7.495000 |         -0.972611 |         -0.149981 |
|              |         |          2.797000 |         -0.394042 |         -0.127262 |
|              |         |          0.521500 |          0.478394 |          0.544529 |
|              |---------|-------------------|-------------------|-------------------|
|              |     0   |          0.159600 |          0.179964 |          1.000000 |
|              |---------|-------------------|-------------------|-------------------|
|              |     1   |          9.439000 |          1.343737 |          0.038109 |
|              |         |          2.002000 |          1.063168 |          0.209480 |
|              |         |          0.545600 |          0.508232 |          0.508557 |
|              |---------|-------------------|-------------------|-------------------|
|              |     1   |          0.151700 |          0.134950 |          1.000000 |
|              |---------|-------------------|-------------------|-------------------|
|              |     2   |          0.550000 |          0.578155 |          1.000000 |
|--------------|---------|-------------------|-------------------|-------------------|
|   C (  1)    |         |                   |                   |                   |
|              |     0   |       6665.000000 |          0.363584 |          0.000692 |
|              |         |       1000.000000 |          0.674986 |          0.005329 |
|              |         |        228.000000 |          1.131620 |          0.027077 |
|              |         |         64.710000 |          1.653009 |          0.101718 |
|              |         |         21.060000 |          1.923821 |          0.274740 |
|              |         |          7.495000 |          1.447278 |          0.448564 |
|              |         |          2.797000 |          0.439163 |          0.285074 |
|              |         |          0.521500 |          0.006646 |          0.015204 |
|              |---------|-------------------|-------------------|-------------------|
|              |     0   |       6665.000000 |         -0.154180 |         -0.000146 |
|              |         |       1000.000000 |         -0.293785 |         -0.001154 |
|              |         |        228.000000 |         -0.480896 |         -0.005725 |
|              |         |         64.710000 |         -0.761434 |         -0.023312 |
|              |         |         21.060000 |         -0.900104 |         -0.063955 |
|              |         |          7.495000 |         -0.972611 |         -0.149981 |
|              |         |          2.797000 |         -0.394042 |         -0.127262 |
|              |         |          0.521500 |          0.478394 |          0.544529 |
|              |---------|-------------------|-------------------|-------------------|
|              |     0   |          0.159600 |          0.179964 |          1.000000 |
|              |---------|-------------------|-------------------|-------------------|
|              |     1   |          9.439000 |          1.343737 |          0.038109 |
|              |         |          2.002000 |          1.063168 |          0.209480 |
|              |         |          0.545600 |          0.508232 |          0.508557 |
|              |---------|-------------------|-------------------|-------------------|
|              |     1   |          0.151700 |          0.134950 |          1.000000 |
|              |---------|-------------------|-------------------|-------------------|
|              |     2   |          0.550000 |          0.578155 |          1.000000 |
|--------------|---------|-------------------|-------------------|-------------------|
|   H (  2)    |         |                   |                   |                   |
|              |     0   |         13.010000 |          0.163548 |          0.019685 |
|              |         |          1.962000 |          0.277418 |          0.137977 |
|              |         |          0.444600 |          0.315749 |          0.478148 |
|              |---------|-------------------|-------------------|-------------------|
|              |     0   |          0.122000 |          0.147123 |          1.000000 |
|              |---------|-------------------|-------------------|-------------------|
|              |     1   |          0.727000 |          0.956881 |          1.000000 |
|--------------|---------|-------------------|-------------------|-------------------|
|   H (  3)    |         |                   |                   |                   |
|              |     0   |         13.010000 |          0.163548 |          0.019685 |
|              |         |          1.962000 |          0.277418 |          0.137977 |
|              |         |          0.444600 |          0.315749 |          0.478148 |
|              |---------|-------------------|-------------------|-------------------|
|              |     0   |          0.122000 |          0.147123 |          1.000000 |
|              |---------|-------------------|-------------------|-------------------|
|              |     1   |          0.727000 |          0.956881 |          1.000000 |
|--------------|---------|-------------------|-------------------|-------------------|
|   H (  4)    |         |                   |                   |                   |
|              |     0   |         13.010000 |          0.163548 |          0.019685 |
|              |         |          1.962000 |          0.277418 |          0.137977 |
|              |         |          0.444600 |          0.315749 |          0.478148 |
|              |---------|-------------------|-------------------|-------------------|
|              |     0   |          0.122000 |          0.147123 |          1.000000 |
|              |---------|-------------------|-------------------|-------------------|
|              |     1   |          0.727000 |          0.956881 |          1.000000 |
|--------------|---------|-------------------|-------------------|-------------------|
|   H (  5)    |         |                   |                   |                   |
|              |     0   |         13.010000 |          0.163548 |          0.019685 |
|              |         |          1.962000 |          0.277418 |          0.137977 |
|              |         |          0.444600 |          0.315749 |          0.478148 |
|              |---------|-------------------|-------------------|-------------------|
|              |     0   |          0.122000 |          0.147123 |          1.000000 |
|              |---------|-------------------|-------------------|-------------------|
|              |     1   |          0.727000 |          0.956881 |          1.000000 |
|______________|_________|___________________|___________________|___________________|



 RI basis set information:

 ____________________________________________________________________________________
|     Atom     |    L    |       alpha       |         c         |       c(lib)      |
|______________|_________|___________________|___________________|___________________|
|   C (  0)    |         |                   |                   |                   |
|              |     0   |         62.745300 |         15.888979 |          1.000000 |
|              |---------|-------------------|-------------------|-------------------|
|              |     0   |         13.804500 |          5.104176 |          1.000000 |
|              |---------|-------------------|-------------------|-------------------|
|              |     0   |          4.772770 |          2.301378 |          1.000000 |
|              |---------|-------------------|-------------------|-------------------|
|              |     0   |          1.513330 |          0.972434 |          1.000000 |
|              |---------|-------------------|-------------------|-------------------|
|              |     0   |          0.782697 |          0.593069 |          1.000000 |
|              |---------|-------------------|-------------------|-------------------|
|              |     0   |          0.409072 |          0.364552 |          1.000000 |
|              |---------|-------------------|-------------------|-------------------|
|              |     0   |          0.206796 |          0.218558 |          1.000000 |
|              |---------|-------------------|-------------------|-------------------|
|              |     1   |         20.885100 |         63.640823 |          1.000000 |
|              |---------|-------------------|-------------------|-------------------|
|              |     1   |          6.005230 |         13.399918 |          1.000000 |
|              |---------|-------------------|-------------------|-------------------|
|              |     1   |          1.720600 |          2.808924 |          1.000000 |
|              |---------|-------------------|-------------------|-------------------|
|              |     1   |          0.754465 |          1.002280 |          1.000000 |
|              |---------|-------------------|-------------------|-------------------|
|              |     1   |          0.321667 |          0.345301 |          1.000000 |
|              |---------|-------------------|-------------------|-------------------|
|              |     2   |         10.171500 |         95.352748 |          1.000000 |
|              |---------|-------------------|-------------------|-------------------|
|              |     2   |          2.678440 |          9.230024 |          1.000000 |
|              |---------|-------------------|-------------------|-------------------|
|              |     2   |          0.922515 |          1.429266 |          1.000000 |
|              |---------|-------------------|-------------------|-------------------|
|              |     2   |          0.340842 |          0.250252 |          1.000000 |
|              |---------|-------------------|-------------------|-------------------|
|              |     3   |          2.742930 |         14.254027 |          1.000000 |
|              |---------|-------------------|-------------------|-------------------|
|              |     3   |          0.895756 |          1.149162 |          1.000000 |
|--------------|---------|-------------------|-------------------|-------------------|
|   C (  1)    |         |                   |                   |                   |
|              |     0   |         62.745300 |         15.888979 |          1.000000 |
|              |---------|-------------------|-------------------|-------------------|
|              |     0   |         13.804500 |          5.104176 |          1.000000 |
|              |---------|-------------------|-------------------|-------------------|
|              |     0   |          4.772770 |          2.301378 |          1.000000 |
|              |---------|-------------------|-------------------|-------------------|
|              |     0   |          1.513330 |          0.972434 |          1.000000 |
|              |---------|-------------------|-------------------|-------------------|
|              |     0   |          0.782697 |          0.593069 |          1.000000 |
|              |---------|-------------------|-------------------|-------------------|
|              |     0   |          0.409072 |          0.364552 |          1.000000 |
|              |---------|-------------------|-------------------|-------------------|
|              |     0   |          0.206796 |          0.218558 |          1.000000 |
|              |---------|-------------------|-------------------|-------------------|
|              |     1   |         20.885100 |         63.640823 |          1.000000 |
|              |---------|-------------------|-------------------|-------------------|
|              |     1   |          6.005230 |         13.399918 |          1.000000 |
|              |---------|-------------------|-------------------|-------------------|
|              |     1   |          1.720600 |          2.808924 |          1.000000 |
|              |---------|-------------------|-------------------|-------------------|
|              |     1   |          0.754465 |          1.002280 |          1.000000 |
|              |---------|-------------------|-------------------|-------------------|
|              |     1   |          0.321667 |          0.345301 |          1.000000 |
|              |---------|-------------------|-------------------|-------------------|
|              |     2   |         10.171500 |         95.352748 |          1.000000 |
|              |---------|-------------------|-------------------|-------------------|
|              |     2   |          2.678440 |          9.230024 |          1.000000 |
|              |---------|-------------------|-------------------|-------------------|
|              |     2   |          0.922515 |          1.429266 |          1.000000 |
|              |---------|-------------------|-------------------|-------------------|
|              |     2   |          0.340842 |          0.250252 |          1.000000 |
|              |---------|-------------------|-------------------|-------------------|
|              |     3   |          2.742930 |         14.254027 |          1.000000 |
|              |---------|-------------------|-------------------|-------------------|
|              |     3   |          0.895756 |          1.149162 |          1.000000 |
|--------------|---------|-------------------|-------------------|-------------------|
|   H (  2)    |         |                   |                   |                   |
|              |     0   |          5.115890 |          2.424381 |          1.000000 |
|              |---------|-------------------|-------------------|-------------------|
|              |     0   |          1.142965 |          0.787834 |          1.000000 |
|              |---------|-------------------|-------------------|-------------------|
|              |     0   |          0.291662 |          0.282859 |          1.000000 |
|              |---------|-------------------|-------------------|-------------------|
|              |     1   |          1.914964 |          3.211004 |          1.000000 |
|              |---------|-------------------|-------------------|-------------------|
|              |     1   |          0.986401 |          1.401222 |          1.000000 |
|              |---------|-------------------|-------------------|-------------------|
|              |     2   |          1.172083 |          2.173136 |          1.000000 |
|--------------|---------|-------------------|-------------------|-------------------|
|   H (  3)    |         |                   |                   |                   |
|              |     0   |          5.115890 |          2.424381 |          1.000000 |
|              |---------|-------------------|-------------------|-------------------|
|              |     0   |          1.142965 |          0.787834 |          1.000000 |
|              |---------|-------------------|-------------------|-------------------|
|              |     0   |          0.291662 |          0.282859 |          1.000000 |
|              |---------|-------------------|-------------------|-------------------|
|              |     1   |          1.914964 |          3.211004 |          1.000000 |
|              |---------|-------------------|-------------------|-------------------|
|              |     1   |          0.986401 |          1.401222 |          1.000000 |
|              |---------|-------------------|-------------------|-------------------|
|              |     2   |          1.172083 |          2.173136 |          1.000000 |
|--------------|---------|-------------------|-------------------|-------------------|
|   H (  4)    |         |                   |                   |                   |
|              |     0   |          5.115890 |          2.424381 |          1.000000 |
|              |---------|-------------------|-------------------|-------------------|
|              |     0   |          1.142965 |          0.787834 |          1.000000 |
|              |---------|-------------------|-------------------|-------------------|
|              |     0   |          0.291662 |          0.282859 |          1.000000 |
|              |---------|-------------------|-------------------|-------------------|
|              |     1   |          1.914964 |          3.211004 |          1.000000 |
|              |---------|-------------------|-------------------|-------------------|
|              |     1   |          0.986401 |          1.401222 |          1.000000 |
|              |---------|-------------------|-------------------|-------------------|
|              |     2   |          1.172083 |          2.173136 |          1.000000 |
|--------------|---------|-------------------|-------------------|-------------------|
|   H (  5)    |         |                   |                   |                   |
|              |     0   |          5.115890 |          2.424381 |          1.000000 |
|              |---------|-------------------|-------------------|-------------------|
|              |     0   |          1.142965 |          0.787834 |          1.000000 |
|              |---------|-------------------|-------------------|-------------------|
|              |     0   |          0.291662 |          0.282859 |          1.000000 |
|              |---------|-------------------|-------------------|-------------------|
|              |     1   |          1.914964 |          3.211004 |          1.000000 |
|              |---------|-------------------|-------------------|-------------------|
|              |     1   |          0.986401 |          1.401222 |          1.000000 |
|              |---------|-------------------|-------------------|-------------------|
|              |     2   |          1.172083 |          2.173136 |          1.000000 |
|______________|_________|___________________|___________________|___________________|



 Pseudopotential information:

 ________________________________________________________________ 





Calculation of 1-el matrices:
Time to step -    0.48028
Full time    -    0.48028



_______________________Starting_RHF_calculations_______________________

Energy convergence:               1.000000e-09
Orbital gradient convergence:     1.000000e-12
Maximum number of iterations:     50

Number of core orbitals:          8

_______________________________________________________________________




RI integrals calculation:
Time to step -    0.05138
Full time    -    0.53166


_______________________________________________________________________________


Starting SCF
ITER 0	E=-76.6790386252	dE=-7.667904e+01	orb_grad = 7.615779e+00
ITER 1	E=-78.0118813042	dE=-1.332843e+00	orb_grad = 3.056609e-01
ITER 2	E=-78.0367601256	dE=-2.487882e-02	orb_grad = 1.060596e-01
ITER 3	E=-78.0410895329	dE=-4.329407e-03	orb_grad = 1.399617e-02
ITER 4	E=-78.0411922336	dE=-1.027007e-04	orb_grad = 5.064248e-03
ITER 5	E=-78.0411980300	dE=-5.796431e-06	orb_grad = 5.201080e-04
ITER 6	E=-78.0411981162	dE=-8.620211e-08	orb_grad = 8.856875e-05
ITER 7	E=-78.0411981212	dE=-4.920651e-09	orb_grad = 9.286955e-06
ITER 8	E=-78.0411981212	dE=-6.076561e-11	orb_grad = 2.561908e-06

Energy converged after 8 iterations

Writing RHF orbitals:
visualization file: c2h4_RHF.out
data file         : c2h4_RHF.orb

RHF converged at:
Time to step -    0.03687
Full time    -    0.56853



______________________Starting_CASSCF_calculations_____________________

Number of states                  2
State multiplicity                1 (singlet)

Active space:
Number of alpha electrons         1
Number of beta  electrons         1
Number of active orbitals         2

Number of core orbitals:          7

Preparation of virtual orbitals:  yes
State tracking:                   yes
State averaging:
Weights:	 1.00e+00  1.00e+00 

SCF settings:
Energy convergence:               1.000000e-09
Orbital gradient convergence:     1.000000e-05
Rotation matrix convergence :     1.000000e-07
Maximum number of iterations:     150
Maximum SOSCF step          :     1.000000e-01

CI solver:                        determinant CI (aldet)
Davidson diagonalization settings:
Number of correlation vectors:    10
Number of basis functions:        300
Maximum number of iterations:     250
Energy convergence:               1.000000e-10
Residue convergence:              5.000000e-08
Orthogonality cut-off:            1.000000e-08
Energy denominator shift:         3.000000e-02
Sparsed multiplication:           no

_______________________________________________________________________




____________________Starting_Davidson_diagonalization__________________


Step 0
_________________________________________________
  n | E                 | dE         | norm(r)   |
____|___________________|____________|___________|
  0 |    -78.0595141689 | -7.806e+01 | 6.459e-29 |
  1 |    -77.6877369591 | -7.769e+01 | 1.769e-29 |
____|___________________|____________|___________|
number of corr vectors=3
2 roots converged at step 0


CAS_CI WaveFunctions:

State 0  E  =     -78.0595141689 S^2 = 0.00:
-9.8395690022e-01  | 01 | 01
 1.7840632979e-01  | 10 | 10
-1.5810540045e-13  | 10 | 01
-1.5810540045e-13  | 01 | 10
State 1  E  =     -77.6877369591 S^2 = 0.00:
 7.0710678119e-01  | 10 | 01
 7.0710678119e-01  | 01 | 10
 6.5236704927e-13  | 10 | 10
-1.0896877057e-13  | 01 | 01


Davidson diagonalization:
Time to step -    0.00373
Full time    -    0.57227
_______________________________________________________________________
Primary CI and calculation canonical orbitals:
Time to step -    0.00341
Full time    -    0.57568


CAS_SCF density averaging:
__________________________________________
 State| E                 | S^2  | weight |
______|___________________|______|________|
    0 |    -78.0595141689 | 0.00 | 1.00   |
    1 |    -77.6877369591 | 0.00 | 1.00   |
______|___________________|______|________|

Start CAS_SCF iterations
_________________________________________________________________________________
  N | E                 | dE         | LAG.ASYM. | ROT.STEP  | N_dav | sweep_dE  |
____|___________________|____________|___________|___________|_______|___________|
  0 |    -77.8736255640 | -7.787e+01 | 7.104e-02 | 1.000e+00 |   0   | 0.000e+00 |
  1 |    -77.8753540446 | -1.728e-03 | 2.142e-02 | 1.504e-02 |   0   | 0.000e+00 |
  2 |    -77.8755210110 | -1.670e-04 | 2.442e-03 | 5.628e-03 |   0   | 0.000e+00 |
  3 |    -77.8755255180 | -4.507e-06 | 7.697e-04 | 1.099e-03 |   0   | 0.000e+00 |
  4 |    -77.8755259037 | -3.858e-07 | 9.966e-05 | 5.682e-04 |   0   | 0.000e+00 |
  5 |    -77.8755259193 | -1.555e-08 | 3.161e-05 | 1.351e-04 |   0   | 0.000e+00 |
  6 |    -77.8755259203 | -1.042e-09 | 5.046e-06 | 3.606e-05 |   0   | 0.000e+00 |
____|___________________|____________|___________|___________|_______|___________|

Lagrangian converged after 6 iterations

CAS_SCF iterations:
Time to step -    0.03745
Full time    -    0.61313
Preparation of canonical orbitals:
Time to step -    0.00462
Full time    -    0.61774
CAS_SCF WaveFunctions:

State 0  E  =     -78.0575925136 S^2 = 0.00:
 9.8347188907e-01  | 01 | 01
-1.8106088317e-01  | 10 | 10
 1.4884368424e-13  | 10 | 01
 1.4884368424e-13  | 01 | 10
State 1  E  =     -77.6934593271 S^2 = 0.00:
-7.0710678119e-01  | 10 | 01
-7.0710678119e-01  | 01 | 10
-5.9645893840e-13  | 10 | 10
 1.0406124246e-13  | 01 | 01


CAS_SCF density averaging:
__________________________________________
 State| E                 | S^2  | weight |
______|___________________|______|________|
    0 |    -78.0575925136 | 0.00 | 1.00   |
    1 |    -77.6934593271 | 0.00 | 1.00   |
______|___________________|______|________|


CAS_SCF Energy summary:
E[  0] = -78.0575925136
E[  1] = -77.6934593271 | 9.9086 eV


CAS_SCF Dipole moment:

d[  0,  0] = {-1.115956e-16,-1.912232e-15, 6.586937e-13} |d| = 6.586965e-13
d[  0,  1] = {-8.391951e-19,-3.861081e-18,-1.555350e+00} |d| = 1.555350e+00

d[  1,  0] = {-8.391951e-19,-2.106132e-18,-1.555350e+00} |d| = 1.555350e+00
d[  1,  1] = {-1.120429e-16,-1.912918e-15, 1.912777e-12} |d| = 1.912778e-12




Writing CAS_SCF canonical orbitals:
visualization file: c2h4_CAS.out
data file         : c2h4_CAS.orb

Writing CAS_SCF natural orbitals:
visualization file: c2h4_CAS_NatOrb.out
data file         : c2h4_CAS_NatOrb.orb

_______________________________________________________________________


CAS_SCF:
Time to step -    0.00893
Full time    -    0.62667


Calculation finished at: 13:27 (EEST), 23 September 2026 (Wednesday).
